▶ 真实金币与连续签到浏览器验收
  ✔ 正式余额从0起，旧演示120独立保留，缺徽章定义不影响奖励入口 (1453.7904ms)
  ✔ 负责导师原生评审报告83分，作品未完成不发币；等待原因可查看 (5040.5038ms)
  ✔ 最后作品由导师原生通过，学生状态刷新按报告得分一次到账，来源明细可见 (5671.6113ms)
  ✔ 两个独立浏览器模拟两设备并发签到与同课核对，唯一流水、同一余额 (2718.1012ms)
  ✔ 北京午夜提交以事务日期为准；响应已提交但丢失，回读恢复且重试不重复 (1060.5441ms)
  ✔ 月历真实日期和金额、历史只读、未来不可签到，月份按钮支持键盘 (229.1532ms)
  ✔ 五尺寸真实月历和明细无横溢，短屏纵向滚动；错误局部恢复截图 (10580.0024ms)
  ✔ 正式读取失败不显示0或演示余额；网络恢复正常，演示存储禁用不影响正式金币 (3672.2843ms)
  ✔ 后续改分/新版本/重新报名不重发；课程撤回仍保留金额并清除来源链接 (489.1408ms)
  ✔ 另一账号与迟到读取隔离，教师拒绝真实账户接口 (4540.0001ms)
  ✔ 未写入的网络失败可安全重试；恢复可见后另一设备读取新签到 (4537.6838ms)
  ✔ 服务重启与休眠恢复读取最新余额；旧演示reset和兑换不改真实金币 (3314.9935ms)
  ✔ 模拟跨日休眠后原生回焦，另一设备签到后同步余额和连签 (4225.7404ms)
  ✔ 学习页不换路由完成最后卡片，原地真实状态回读自动首次结算 (1630.8395ms)
✔ 真实金币与连续签到浏览器验收 (55862.4261ms)
ℹ tests 15
ℹ suites 0
ℹ pass 15
ℹ fail 0
ℹ cancelled 0
ℹ skipped 0
ℹ todo 0
ℹ duration_ms 56658.9972
