▶ 下一版第三步：真实教学预览奖励端到端验收
  ✔ 真实课时徽章资格和十关未知节点可见；无自动发放空参观与实验 (2373.3291ms)
  ✔ 首次真正满足全部要求才持久获章；动画已读稳定ID、Esc关闭及原焦点恢复 (7463.7627ms)
  ✔ 实物演示兑换确认、指定结果文案、余额扣一次和管理员通知 (7090.5112ms)
  ✔ 数字徽章兑换单独标识；另一浏览器可读后端事件但金币仍为本地120 (6137.7237ms)
  ✔ 服务器已写但响应丢失：重试/刷新同编号，只扣一次、只通知一次 (3075.0199ms)
  ✔ 演示重置保留真实账户与真实徽章，金币不足/库存不足仍解释并禁用 (1679.169ms)
  ✔ 维护可编辑名称及受控艺术，已获得快照保持不变 (3137.4121ms)
  ✔ 权限撤回后停止课时入口，历史徽章保留安全快照；恢复正常 (3785.6456ms)
  ✔ 我的页与奖励反馈 1440×900 无横溢、键盘关闭和 reduced-motion (5144.5604ms)
  ✔ 我的页与奖励反馈 768×1024 无横溢、键盘关闭和 reduced-motion (4711.6097ms)
  ✔ 我的页与奖励反馈 390×844 无横溢、键盘关闭和 reduced-motion (4254.7962ms)
  ✔ 我的页与奖励反馈 360×800 无横溢、键盘关闭和 reduced-motion (4182.9698ms)
  ✔ 我的页与奖励反馈 844×390 无横溢、键盘关闭和 reduced-motion (4309.718ms)
  ✔ 服务重启后真实徽章和兑换记录仍一致；参观和未准备第三关无假获得 (1605.978ms)
✔ 下一版第三步：真实教学预览奖励端到端验收 (67647.5472ms)
ℹ tests 15
ℹ suites 0
ℹ pass 15
ℹ fail 0
ℹ cancelled 0
ℹ skipped 0
ℹ todo 0
ℹ duration_ms 68459.9205
