Browser: 154.0.4258.53
Session observation {"verificationStatus":200,"path":"/feedback/new","title":"【测试】刷新时保留我的反馈"}
▶ 第十轮：跨标签会话与通知批量回归（真实隔离 API）
  ✔ 同账号真实过期凭据刷新，另一标签反馈输入和 DOM 不应丢失 (5633.613ms)
  ✔ 真实全部已读延迟期间切换筛选，写成功必须重读当前列表 (3409.3574ms)
  ✔ 主动刷新保留独立反思、回复及其他角色表单；同账号迟到成功响应仍有效 (11917.6326ms)
  ✔ 真实 401 单次刷新保留另一标签输入，后台复核暂时失败也不卸载 (4441.7739ms)
  ✔ 配对边界：真实退出和换账号清除另一标签表单，旧响应不得覆盖新账号 (9442.0875ms)
  ✔ 配对边界：真实停用和 FORCE_RESET 使另一标签清理旧内容 (10640.748ms)
  ✔ 批量延迟期间切分页：成功/失败/回读失败提示保留，重读不重复写入 (8493.8727ms)
  ✔ 批量写已提交但响应迟到，退出换账号后不显示旧结果 (6099.3486ms)
Concurrent real refresh groups: 20, failures: 0
  ✔ 两个标签同时主动刷新只进行一次真实凭据轮换 (6260.9758ms)
  ✔ 旧账号刷新响应迟到，不能覆盖另一标签新登录的凭据或表单 (6365.866ms)
  ✔ 实际奖励页：v1 迁移、双标签最终一致、轮换保留弹窗、窄屏数据库错误 (25506.5971ms)
✔ 第十轮：跨标签会话与通知批量回归（真实隔离 API） (100919.6372ms)
ℹ tests 12
ℹ suites 0
ℹ pass 12
ℹ fail 0
ℹ cancelled 0
ℹ skipped 0
ℹ todo 0
ℹ duration_ms 101594.8942
