TEACHER_SELECTION []
SYNTHETIC_WRITE http://127.0.0.1:4194/api/courses/9003/maintenance/lessons/90023 {"title":"滑翔机试飞理论课","description":"隔离验收：请比较条件并保留证据。","teaching_tip":"隔离指导：先记录条件，再自由试飞。","sort_order":2,"start_at":"2026-10-20T09:00","end_at":"2026-10-20T09:45","location":"隔离科创教室","duration":45,"instructor_id":2,"presentation_type":"theory","content_state":"preparing","moments_note":null,"article_title":null,"article_url":null,"chapter_id":null,"expected_revision":"b5bf0063d4a550d465488b4227afd80f9177c570fb2e819e8566397d0ee495b1"}
▶ 下一版第二步：真实持久维护、开放反思及全角色浏览器验收
  ✔ 可视化填写真实课时安排、指导与学生布局；预览无学习副作用 (6542.5523ms)
SYNTHETIC_WRITE http://127.0.0.1:4194/api/learning/manage/cards/900113 {"title":"隔离知识卡片","content":"隔离正文二次更新。","estimated_minutes":10,"is_required":true,"status":"published","expected_revision":"6df33121c2c428671a3588e3896b6d4b5ca6d9603f0879eec2fb56deda8b814e"}
SYNTHETIC_WRITE http://127.0.0.1:4194/api/courses/9003/maintenance/lessons/90023 {"title":"滑翔机试飞理论课","description":"旧预览不应覆盖","teaching_tip":"隔离指导：先记录条件，再自由试飞。","sort_order":2,"start_at":"2026-10-20T09:00","end_at":"2026-10-20T09:45","location":"隔离科创教室","duration":45,"instructor_id":2,"presentation_type":"theory","content_state":"preparing","moments_note":null,"article_title":null,"article_url":null,"chapter_id":null,"expected_revision":"219f4534cc2a56e6f0cd9df302898d6f6297d14a10b193e72d9700adbc9763d1"}
  ✔ 新增卡片保存后回读失败保留真实 ID，再次编辑不重复创建；答案不出现在预览 (4542.2813ms)
  ✔ 真实附件上传失败重试、回读失败与终态历史不占20名额；学生下载字节 (5582.9089ms)
  ✔ 管理员真实回放上传和学生授权签名播放；其他角色旧嵌套端点拒绝不落盘 (6684.289ms)
  ✔ 开放日志任意一框提交、空框客户端拒绝、失败草稿与每日限次保输入 (4752.8928ms)
  ✔ 旧四项草稿保留独立备份与第四项原义，报告三框真实提交与导师直接评审 (4806.4926ms)
  ✔ 学生导师反馈直接选报告，不跳课程结构，退回状态和只读教师新旧反思 (4781.7693ms)
SYNTHETIC_WRITE http://127.0.0.1:4194/api/courses/9003/maintenance/lessons/90022 {"title":"参观 VR 实验室","description":null,"teaching_tip":null,"sort_order":1,"start_at":null,"end_at":null,"location":null,"duration":null,"instructor_id":null,"presentation_type":"visit","content_state":"preparing","moments_note":"合成验收精彩瞬间说明。","article_title":"合成验收文章","article_url":"https://example.invalid/isolated-article","chapter_id":null,"expected_revision":"3b033bcbbf865b3e372e948585e39984d93a877905a9f6fa12c89bea8de6925f"}
  ✔ 可视化参观填写、图片安全预览与五视口维护弹窗 (9182.846ms)
  ✔ 四种维护角色五视口实际控件、侧栏、键盘与减少运动 (20109.5776ms)
  ✔ 非学生全角色实际可访问路由 smoke 与对象详情，菜单无遗漏 (89077.2745ms)
FAILURE 权限撤回清除旧内容、附件404局部错误、第三课实验往返和十关保留 locator.waitFor: Timeout 12000ms exceeded.
Call log:
[2m  - waiting for getByRole('button', { name: '下载：隔离资料.txt', exact: true }) to be visible[22m

PAGE http://127.0.0.1:4194/change-password PBL 科创平台
工作台
课程管理
学习内容编排
学生管理
作品管理
学习报告评审
成长档案
任务总览
灵境小智
帮助与反馈
通知中心
← 返回上一页
1
帮助与反馈
张导师
学术导师
修改密码
原密码
显示
新密码
显示
至少 8 位；大写字母、小写字母、数字、特殊字符，至少包含三类。不能与原密码相同。
确认新密码
显示
确认修改
返 回
退出登录
PAGE http://127.0.0.1:4194/courses/9003/lessons/90023/learn 跳到页面内容
返回课程选择
星海远航
课程 #9003
关卡地图
›
实验室
›
成长档案
›
星海远航
选择角色头像
120
演示
1
王小明
返回课程地图
全部课程
星海远航
滑翔机试飞理论课

正在查看：学习报告与反思

返回课程地图
返回课后任务
本课时进度
60%

回顾 25% · 卡片 35%
报告反思 25% · 导师评审 15%

01
课堂回顾
已完成
02
知识卡片与练习
已完成
03
学习报告与反思
正在查看 · 待完成
04
导师评审
需修改
查看本课时任务与作品 ↓

隔离指导：先记录条件，再自由试飞

03
第三阶段：学习报告与反思

记录学到了什么，以及你准备怎样改进。报告与作品分别提交、分别评审

第 1 版：需修改 · 78 分
隔离反馈：请补充证据
填写后自动保存到本浏览器，按当前账号隔离
草稿不会上传服务器；换设备无法恢复。提交成功后清除本地草稿
学习记录
学习总结
关键收获
应用设想
困难与疑问
下一步计划
学习反思（至少填写一框）
提交学习报告与反思

提交后等待导师评审；退回后可按意见修改

W
本课时任务与作品

查看作品要求、提交版本和导师意见

作品与学习报告分别保存和评审。这里的作品提交不会替代上方的学习报告
本课时暂无作品任务
重置机器人位置（机器人聚焦后也可按 Home）
PAGE http://127.0.0.1:4194/change-password PBL 科创平台
工作台
课程管理
学习内容编排
用户管理
作品管理
学习报告评审
成长档案
滑翔机模拟实验室
灵境小智
AI 配置
反馈管理
通知中心
← 返回上一页
帮助与反馈
管理员
管理员
修改密码
原密码
显示
新密码
显示
至少 8 位；大写字母、小写字母、数字、特殊字符，至少包含三类。不能与原密码相同。
确认新密码
显示
确认修改
返 回
退出登录
PAGE http://127.0.0.1:4194/change-password PBL 科创平台
观察工作台
我的学生
成长档案
帮助与反馈
通知中心
← 返回上一页
帮助与反馈
李老师
教师
修改密码
原密码
显示
新密码
显示
至少 8 位；大写字母、小写字母、数字、特殊字符，至少包含三类。不能与原密码相同。
确认新密码
显示
确认修改
返 回
退出登录
PAGE http://127.0.0.1:4194/change-password PBL 科创平台
工作台
课程浏览
帮助与反馈
通知中心
← 返回上一页
帮助与反馈
隔离新媒体
新媒体
修改密码
原密码
显示
新密码
显示
至少 8 位；大写字母、小写字母、数字、特殊字符，至少包含三类。不能与原密码相同。
确认新密码
显示
确认修改
返 回
退出登录
  ✖ 权限撤回清除旧内容、附件404局部错误、第三课实验往返和十关保留 (15133.4703ms)
✖ 下一版第二步：真实持久维护、开放反思及全角色浏览器验收 (175706.5612ms)
ℹ tests 12
ℹ suites 0
ℹ pass 10
ℹ fail 2
ℹ cancelled 0
ℹ skipped 0
ℹ todo 0
ℹ duration_ms 176520.1638

✖ failing tests:

test at tests\next-step02.browser.test.js:12:50
✖ 权限撤回清除旧内容、附件404局部错误、第三课实验往返和十关保留 (15133.4703ms)
  locator.waitFor: Timeout 12000ms exceeded.
  Call log:
  [2m  - waiting for getByRole('button', { name: '下载：隔离资料.txt', exact: true }) to be visible[22m
  
      at C:\Users\shr\Desktop\nmg前端\app\tests\next-step02.browser.test.js:27:172
      at async TestContext.<anonymous> (C:\Users\shr\Desktop\nmg前端\app\tests\next-step02.browser.test.js:12:74)
      at async scene (C:\Users\shr\Desktop\nmg前端\app\tests\next-step02.browser.test.js:12:42)
      at async TestContext.<anonymous> (C:\Users\shr\Desktop\nmg前端\app\tests\next-step02.browser.test.js:27:2) {
    name: 'TimeoutError',
    log: [ "  - waiting for getByRole('button', { name: '下载：隔离资料.txt', exact: true }) to be visible" ]
  }

test at tests\next-step02.browser.test.js:4:1
✖ 下一版第二步：真实持久维护、开放反思及全角色浏览器验收 (175706.5612ms)
  locator.waitFor: Timeout 12000ms exceeded.
  Call log:
  [2m  - waiting for getByRole('button', { name: '下载：隔离资料.txt', exact: true }) to be visible[22m
  
      at C:\Users\shr\Desktop\nmg前端\app\tests\next-step02.browser.test.js:27:172
      at async TestContext.<anonymous> (C:\Users\shr\Desktop\nmg前端\app\tests\next-step02.browser.test.js:12:74)
      at async scene (C:\Users\shr\Desktop\nmg前端\app\tests\next-step02.browser.test.js:12:42)
      at async TestContext.<anonymous> (C:\Users\shr\Desktop\nmg前端\app\tests\next-step02.browser.test.js:27:2) {
    name: 'TimeoutError',
    log: [ "  - waiting for getByRole('button', { name: '下载：隔离资料.txt', exact: true }) to be visible" ]
  }
