TEACHER_SELECTION []
SYNTHETIC_WRITE http://127.0.0.1:4194/api/courses/9003/maintenance/lessons/90023 {"title":"滑翔机试飞理论课","description":"隔离验收：请比较条件并保留证据。","teaching_tip":"隔离指导：先记录条件，再自由试飞。","sort_order":2,"start_at":"2026-10-20T09:00","end_at":"2026-10-20T09:45","location":"隔离科创教室","duration":45,"instructor_id":2,"presentation_type":"theory","content_state":"preparing","moments_note":null,"article_title":null,"article_url":null,"chapter_id":null,"expected_revision":"b2fae35fbeb9c3e0b24241a82c2ae71ef92711075be2dde8244c292ecbf38943"}
▶ 下一版第二步：真实持久维护、开放反思及全角色浏览器验收
  ✔ 可视化填写真实课时安排、指导与学生布局；预览无学习副作用 (6526.2702ms)
SYNTHETIC_WRITE http://127.0.0.1:4194/api/learning/manage/cards/900113 {"title":"隔离知识卡片","content":"隔离正文二次更新。","estimated_minutes":10,"is_required":true,"status":"published","expected_revision":"a8fc97c128b8f0b440279c5a62e8860630c14e1105100e2e23f9a21f90d845b8"}
SYNTHETIC_WRITE http://127.0.0.1:4194/api/courses/9003/maintenance/lessons/90023 {"title":"滑翔机试飞理论课","description":"旧预览不应覆盖","teaching_tip":"隔离指导：先记录条件，再自由试飞。","sort_order":2,"start_at":"2026-10-20T09:00","end_at":"2026-10-20T09:45","location":"隔离科创教室","duration":45,"instructor_id":2,"presentation_type":"theory","content_state":"preparing","moments_note":null,"article_title":null,"article_url":null,"chapter_id":null,"expected_revision":"17c71f45ec42ad542024c0939371e4b7187b3cc39ead9f20b2776c565c4dbac1"}
  ✔ 新增卡片保存后回读失败保留真实 ID，再次编辑不重复创建；答案不出现在预览 (3981.1188ms)
  ✔ 真实附件上传失败重试、回读失败与终态历史不占20名额；学生下载字节 (5638.5288ms)
  ✔ 管理员真实回放上传和学生授权签名播放；其他角色旧嵌套端点拒绝不落盘 (6105.7019ms)
FAILURE 开放日志任意一框提交、空框客户端拒绝、失败草稿与每日限次保输入 locator.waitFor: Error: strict mode violation: getByText('隔离日志保存失败', { exact: true }) resolved to 2 elements:
    1) <div class="ant-alert-description">隔离日志保存失败</div> aka locator('#student-main').getByText('隔离日志保存失败')
    2) <div class="ant-message-notice-title">隔离日志保存失败</div> aka getByText('隔离日志保存失败').nth(1)

Call log:
[2m  - waiting for getByText('隔离日志保存失败', { exact: true }) to be visible[22m

PAGE http://127.0.0.1:4194/courses/9003?tab=replays PBL 科创平台
工作台
课程管理
学习内容编排
学生管理
作品管理
学习报告评审
成长档案
任务总览
灵境小智
帮助与反馈
通知中心
← 返回上一页
帮助与反馈
张导师
学术导师
返回
星海远航
撤回为草稿
主题
—
	
适用学段
初中


难度
基础
	
状态
已发布


创建者
张导师
	
总课时
—
课程内容维护
课时安排
课程回放
课程资源
选课学生 (1)
编辑
删除
teaching-replay.webm
播放
PAGE http://127.0.0.1:4194/courses/9003/reflection 跳到页面内容
返回课程选择
星海远航
课程 #9003
关卡地图
›
实验室
›
成长档案
›
星海远航
选择角色头像
120
演示
王小明
返回课程地图
全部课程
REFLECTION / 反思日志
把这次学习，留给下一次自己

三个框任选一项填写，也可以记录心情或生活，提示只是方向，不必写隐私细节

返回成长档案
R
今天的反思

课程必选，课时可选；请用自己的话记录

本次课程
星海远航 · #9003
本次课时（可选）
选择课时（可选）

你提交的记录可由负责课程的执行导师、按原档案范围分配你的教师和管理员查看，其他同学及新媒体不可查看

今天想记下什么
0 / 2000
和别人一起时的感受
0 / 2000
还想说些什么
7 / 2000

草稿保存在当前浏览器，按账号和课程隔离，提交后保存到服务端

反思未能提交
隔离日志保存失败
提交反思日志

当前文字仅在本页保留，离开或刷新页面会丢失。提交成功后才保存到服务端

给自己一点思考时间

三个框任选一项填写，也可以记录心情或生活，提示只是方向，不必写隐私细节

你提交的记录可由负责课程的执行导师、按原档案范围分配你的教师和管理员查看，其他同学及新媒体不可查看

课程报告仍从课时学习页面提交。这里不会代替或完成报告任务

重置机器人位置（机器人聚焦后也可按 Home）
隔离日志保存失败
PAGE http://127.0.0.1:4194/courses/9003?tab=maintenance 上限	显示位置	学生预览	AI 文字索引

类型
	
上限
	
显示位置
	
学生预览
	
AI 文字索引

.jpg	50 MB	每份最多 50 MB，学生在课程资料总览及本课时＋公共资料中下载	仅下载（视频回放使用专用入口）	不支持文字索引
.jpeg	50 MB	每份最多 50 MB，学生在课程资料总览及本课时＋公共资料中下载	仅下载（视频回放使用专用入口）	不支持文字索引
.png	50 MB	每份最多 50 MB，学生在课程资料总览及本课时＋公共资料中下载	仅下载（视频回放使用专用入口）	不支持文字索引
.gif	50 MB	每份最多 50 MB，学生在课程资料总览及本课时＋公共资料中下载	仅下载（视频回放使用专用入口）	不支持文字索引
.webp	50 MB	每份最多 50 MB，学生在课程资料总览及本课时＋公共资料中下载	仅下载（视频回放使用专用入口）	不支持文字索引
.pdf	50 MB	每份最多 50 MB，学生在课程资料总览及本课时＋公共资料中下载	仅下载（视频回放使用专用入口）	可提取文字；扫描 PDF 无 OCR
.doc	50 MB	每份最多 50 MB，学生在课程资料总览及本课时＋公共资料中下载	仅下载（视频回放使用专用入口）	不支持文字索引
.docx	50 MB	每份最多 50 MB，学生在课程资料总览及本课时＋公共资料中下载	仅下载（视频回放使用专用入口）	可提取文字；扫描 PDF 无 OCR
.ppt	50 MB	每份最多 50 MB，学生在课程资料总览及本课时＋公共资料中下载	仅下载（视频回放使用专用入口）	不支持文字索引
.pptx	50 MB	每份最多 50 MB，学生在课程资料总览及本课时＋公共资料中下载	仅下载（视频回放使用专用入口）	可提取文字；扫描 PDF 无 OCR
.txt	50 MB	每份最多 50 MB，学生在课程资料总览及本课时＋公共资料中下载	仅下载（视频回放使用专用入口）	可提取文字；扫描 PDF 无 OCR
.md	50 MB	每份最多 50 MB，学生在课程资料总览及本课时＋公共资料中下载	仅下载（视频回放使用专用入口）	不支持文字索引
.csv	50 MB	每份最多 50 MB，学生在课程资料总览及本课时＋公共资料中下载	仅下载（视频回放使用专用入口）	不支持文字索引
.xls	50 MB	每份最多 50 MB，学生在课程资料总览及本课时＋公共资料中下载	仅下载（视频回放使用专用入口）	不支持文字索引
.xlsx	50 MB	每份最多 50 MB，学生在课程资料总览及本课时＋公共资料中下载	仅下载（视频回放使用专用入口）	不支持文字索引
.mp4	50 MB	每份最多 50 MB，学生在课程资料总览及本课时＋公共资料中下载	仅下载（视频回放使用专用入口）	不支持文字索引
.webm	50 MB	每份最多 50 MB，学生在课程资料总览及本课时＋公共资料中下载	仅下载（视频回放使用专用入口）	不支持文字索引
.zip	50 MB	每份最多 50 MB，学生在课程资料总览及本课时＋公共资料中下载	仅下载（视频回放使用专用入口）	不支持文字索引
.obj	50 MB	每份最多 50 MB，学生在课程资料总览及本课时＋公共资料中下载	仅下载（视频回放使用专用入口）	不支持文字索引
.glb	50 MB	每份最多 50 MB，学生在课程资料总览及本课时＋公共资料中下载	仅下载（视频回放使用专用入口）	不支持文字索引
.gltf	50 MB	每份最多 50 MB，学生在课程资料总览及本课时＋公共资料中下载	仅下载（视频回放使用专用入口）	不支持文字索引
.stl	50 MB	每份最多 50 MB，学生在课程资料总览及本课时＋公共资料中下载	仅下载（视频回放使用专用入口）	不支持文字索引
  ✖ 开放日志任意一框提交、空框客户端拒绝、失败草稿与每日限次保输入 (2732.0619ms)
✖ 下一版第二步：真实持久维护、开放反思及全角色浏览器验收 (29379.5944ms)
ℹ tests 6
ℹ suites 0
ℹ pass 4
ℹ fail 2
ℹ cancelled 0
ℹ skipped 0
ℹ todo 0
ℹ duration_ms 30229.4921

✖ failing tests:

test at tests\next-step02.browser.test.js:12:50
✖ 开放日志任意一框提交、空框客户端拒绝、失败草稿与每日限次保输入 (2732.0619ms)
  locator.waitFor: Error: strict mode violation: getByText('隔离日志保存失败', { exact: true }) resolved to 2 elements:
      1) <div class="ant-alert-description">隔离日志保存失败</div> aka locator('#student-main').getByText('隔离日志保存失败')
      2) <div class="ant-message-notice-title">隔离日志保存失败</div> aka getByText('隔离日志保存失败').nth(1)
  
  Call log:
  [2m  - waiting for getByText('隔离日志保存失败', { exact: true }) to be visible[22m
  
      at C:\Users\shr\Desktop\nmg前端\app\tests\next-step02.browser.test.js:19:768
      at async TestContext.<anonymous> (C:\Users\shr\Desktop\nmg前端\app\tests\next-step02.browser.test.js:12:74)
      at async scene (C:\Users\shr\Desktop\nmg前端\app\tests\next-step02.browser.test.js:12:42)
      at async TestContext.<anonymous> (C:\Users\shr\Desktop\nmg前端\app\tests\next-step02.browser.test.js:19:2) {
    log: [ "  - waiting for getByText('隔离日志保存失败', { exact: true }) to be visible" ]
  }

test at tests\next-step02.browser.test.js:4:1
✖ 下一版第二步：真实持久维护、开放反思及全角色浏览器验收 (29379.5944ms)
  locator.waitFor: Error: strict mode violation: getByText('隔离日志保存失败', { exact: true }) resolved to 2 elements:
      1) <div class="ant-alert-description">隔离日志保存失败</div> aka locator('#student-main').getByText('隔离日志保存失败')
      2) <div class="ant-message-notice-title">隔离日志保存失败</div> aka getByText('隔离日志保存失败').nth(1)
  
  Call log:
  [2m  - waiting for getByText('隔离日志保存失败', { exact: true }) to be visible[22m
  
      at C:\Users\shr\Desktop\nmg前端\app\tests\next-step02.browser.test.js:19:768
      at async TestContext.<anonymous> (C:\Users\shr\Desktop\nmg前端\app\tests\next-step02.browser.test.js:12:74)
      at async scene (C:\Users\shr\Desktop\nmg前端\app\tests\next-step02.browser.test.js:12:42)
      at async TestContext.<anonymous> (C:\Users\shr\Desktop\nmg前端\app\tests\next-step02.browser.test.js:19:2) {
    log: [ "  - waiting for getByText('隔离日志保存失败', { exact: true }) to be visible" ]
  }
