TEACHER_SELECTION []
SYNTHETIC_WRITE http://127.0.0.1:4194/api/courses/9003/maintenance/lessons/90023 {"title":"滑翔机试飞理论课","description":"隔离验收：请比较条件并保留证据。","teaching_tip":"隔离指导：先记录条件，再自由试飞。","sort_order":2,"start_at":"2026-10-20T09:00","end_at":"2026-10-20T09:45","location":"隔离科创教室","duration":45,"instructor_id":2,"presentation_type":"theory","content_state":"preparing","moments_note":null,"article_title":null,"article_url":null,"chapter_id":null,"expected_revision":"b0621fd375d8d072c2c4b4af23475ea0c8a872afb7d62af4a5358495274fc5d7"}
▶ 下一版第二步：真实持久维护、开放反思及全角色浏览器验收
  ✔ 可视化填写真实课时安排、指导与学生布局；预览无学习副作用 (6540.6442ms)
SYNTHETIC_WRITE http://127.0.0.1:4194/api/learning/manage/cards/900113 {"title":"隔离知识卡片","content":"隔离正文二次更新。","estimated_minutes":10,"is_required":true,"status":"published","expected_revision":"b7594b3e450e8d18dcd59912370ad2cae1f8687a2381876417655eb8161b35bd"}
SYNTHETIC_WRITE http://127.0.0.1:4194/api/courses/9003/maintenance/lessons/90023 {"title":"滑翔机试飞理论课","description":"旧预览不应覆盖","teaching_tip":"隔离指导：先记录条件，再自由试飞。","sort_order":2,"start_at":"2026-10-20T09:00","end_at":"2026-10-20T09:45","location":"隔离科创教室","duration":45,"instructor_id":2,"presentation_type":"theory","content_state":"preparing","moments_note":null,"article_title":null,"article_url":null,"chapter_id":null,"expected_revision":"5a729b9a24a179968e6c4521c3498c66246616cce3bd74ad2b37c191d66a583f"}
  ✔ 新增卡片保存后回读失败保留真实 ID，再次编辑不重复创建；答案不出现在预览 (4000.5886ms)
  ✔ 真实附件上传失败重试、回读失败与终态历史不占20名额；学生下载字节 (5019.6068ms)
  ✔ 管理员真实回放上传和学生授权签名播放；其他角色旧嵌套端点拒绝不落盘 (5995.449ms)
  ✔ 开放日志任意一框提交、空框客户端拒绝、失败草稿与每日限次保输入 (4583.1812ms)
  ✔ 旧四项草稿保留独立备份与第四项原义，报告三框真实提交与导师直接评审 (3913.723ms)
FAILURE 学生导师反馈直接选报告，不跳课程结构，退回状态和只读教师新旧反思 locator.click: Timeout 12000ms exceeded.
Call log:
[2m  - waiting for getByLabel('选择课时', { exact: true })[22m
[2m    - locator resolved to <input readonly value="" type="text" role="combobox" id="archive-lesson" aria-expanded="false" aria-haspopup="listbox" class="ant-select-input" aria-autocomplete="list" autocomplete="new-password"/>[22m
[2m  - attempting click action[22m
[2m    2 × waiting for element to be visible, enabled and stable[22m
[2m      - element is not visible[22m
[2m    - retrying click action[22m
[2m    - waiting 20ms[22m
[2m    2 × waiting for element to be visible, enabled and stable[22m
[2m      - element is not visible[22m
[2m    - retrying click action[22m
[2m      - waiting 100ms[22m
[2m    23 × waiting for element to be visible, enabled and stable[22m
[2m       - element is not visible[22m
[2m     - retrying click action[22m
[2m       - waiting 500ms[22m

PAGE http://127.0.0.1:4194/mentor/reviews/2 PBL 科创平台
工作台
课程管理
学习内容编排
学生管理
作品管理
学习报告评审
成长档案
任务总览
灵境小智
帮助与反馈
通知中心
← 返回上一页
1
帮助与反馈
张导师
学术导师
王小明 · 滑翔机试飞理论课
星海远航 · 学习报告第 1 版 · 需修改
返回评审队列
学习报告
学习总结	隔离总结
关键收获	-
应用设想	-
困难与疑问	-
下一步计划	-
反思记录
今天想记下什么
未填写
和别人一起时的感受
未填写
还想说些什么
报告附带开放反思
知识学习证据
知识卡片	状态	答题得分	作答次数
隔离知识卡片	已完成	100 分	1
学习闭环
60%
课堂回顾、知识卡片、报告与反思共同作为评审依据。
评审结果
报告已退回修改 · 78 分
隔离反馈：请补充证据
PAGE http://127.0.0.1:4194/courses/9003/archives 跳到页面内容
返回课程选择
星海远航
课程 #9003
关卡地图
›
实验室
›
成长档案
›
星海远航
选择角色头像
120
演示
1
王小明
返回课程地图
全部课程
GROWTH LOG / 成长记录
我的成长档案

回看参与、作品与反馈，找到下一次改进的方向

刷新档案
写反思日志
我的作品
积分与徽章（本地演示）
王小明

北航附属实验学校 · 四年级1班

参与课程
1
项目作品
0
作品迭代
0
反思记录
2
课程评价
0

课程相关记录仅展示当前可进入的课程；仅展示本课程有明确关联的记录；未关联的历史记录不会自动归入本课程资料读取于 2026/10/8 21:51:31

课程记录
作品与迭代
导师反馈
成长足迹
03
导师给我的反馈

课程评价、报告评审与作品评审分别记录，不合成为总分

课程过程与成果评价
暂无课程评价
学习报告评审

按课时查看最新报告的评语与实际评分

选择课程
星海远航
选择课时
选择课时后查看最新报告

选择一个课时，查看真实学习进度、最新报告与评审。没有作品任务的课时也可以查看

作品评审

打开具体版本，查看导师评语、修改建议和五项评分

选择作品查看反馈
05
作品评审维度汇总

仅汇总作品评审，不代表固定能力标签，也不用于同学排名

问题发现
暂无评价
方案设计
暂无评价
动手操作
暂无评价
数据分析
暂无评价
表达展示
暂无评价
查看当前可访问作品的反馈
重置机器人位置（机器人聚焦后也可按 Home）
PAGE http://127.0.0.1:4194/courses/9003?tab=maintenance 上限	显示位置	学生预览	AI 文字索引

类型
	
上限
	
显示位置
	
学生预览
	
AI 文字索引

.jpg	50 MB	每份最多 50 MB，学生在课程资料总览及本课时＋公共资料中下载	仅下载（视频回放使用专用入口）	不支持文字索引
.jpeg	50 MB	每份最多 50 MB，学生在课程资料总览及本课时＋公共资料中下载	仅下载（视频回放使用专用入口）	不支持文字索引
.png	50 MB	每份最多 50 MB，学生在课程资料总览及本课时＋公共资料中下载	仅下载（视频回放使用专用入口）	不支持文字索引
.gif	50 MB	每份最多 50 MB，学生在课程资料总览及本课时＋公共资料中下载	仅下载（视频回放使用专用入口）	不支持文字索引
.webp	50 MB	每份最多 50 MB，学生在课程资料总览及本课时＋公共资料中下载	仅下载（视频回放使用专用入口）	不支持文字索引
.pdf	50 MB	每份最多 50 MB，学生在课程资料总览及本课时＋公共资料中下载	仅下载（视频回放使用专用入口）	可提取文字；扫描 PDF 无 OCR
.doc	50 MB	每份最多 50 MB，学生在课程资料总览及本课时＋公共资料中下载	仅下载（视频回放使用专用入口）	不支持文字索引
.docx	50 MB	每份最多 50 MB，学生在课程资料总览及本课时＋公共资料中下载	仅下载（视频回放使用专用入口）	可提取文字；扫描 PDF 无 OCR
.ppt	50 MB	每份最多 50 MB，学生在课程资料总览及本课时＋公共资料中下载	仅下载（视频回放使用专用入口）	不支持文字索引
.pptx	50 MB	每份最多 50 MB，学生在课程资料总览及本课时＋公共资料中下载	仅下载（视频回放使用专用入口）	可提取文字；扫描 PDF 无 OCR
.txt	50 MB	每份最多 50 MB，学生在课程资料总览及本课时＋公共资料中下载	仅下载（视频回放使用专用入口）	可提取文字；扫描 PDF 无 OCR
.md	50 MB	每份最多 50 MB，学生在课程资料总览及本课时＋公共资料中下载	仅下载（视频回放使用专用入口）	不支持文字索引
.csv	50 MB	每份最多 50 MB，学生在课程资料总览及本课时＋公共资料中下载	仅下载（视频回放使用专用入口）	不支持文字索引
.xls	50 MB	每份最多 50 MB，学生在课程资料总览及本课时＋公共资料中下载	仅下载（视频回放使用专用入口）	不支持文字索引
.xlsx	50 MB	每份最多 50 MB，学生在课程资料总览及本课时＋公共资料中下载	仅下载（视频回放使用专用入口）	不支持文字索引
.mp4	50 MB	每份最多 50 MB，学生在课程资料总览及本课时＋公共资料中下载	仅下载（视频回放使用专用入口）	不支持文字索引
.webm	50 MB	每份最多 50 MB，学生在课程资料总览及本课时＋公共资料中下载	仅下载（视频回放使用专用入口）	不支持文字索引
.zip	50 MB	每份最多 50 MB，学生在课程资料总览及本课时＋公共资料中下载	仅下载（视频回放使用专用入口）	不支持文字索引
.obj	50 MB	每份最多 50 MB，学生在课程资料总览及本课时＋公共资料中下载	仅下载（视频回放使用专用入口）	不支持文字索引
.glb	50 MB	每份最多 50 MB，学生在课程资料总览及本课时＋公共资料中下载	仅下载（视频回放使用专用入口）	不支持文字索引
.gltf	50 MB	每份最多 50 MB，学生在课程资料总览及本课时＋公共资料中下载	仅下载（视频回放使用专用入口）	不支持文字索引
.stl	50 MB	每份最多 50 MB，学生在课程资料总览及本课时＋公共资料中下载	仅下载（视频回放使用专用入口）	不支持文字索引
  ✖ 学生导师反馈直接选报告，不跳课程结构，退回状态和只读教师新旧反思 (14298.1732ms)
✖ 下一版第二步：真实持久维护、开放反思及全角色浏览器验收 (48728.7061ms)
ℹ tests 8
ℹ suites 0
ℹ pass 6
ℹ fail 2
ℹ cancelled 0
ℹ skipped 0
ℹ todo 0
ℹ duration_ms 49518.131

✖ failing tests:

test at tests\next-step02.browser.test.js:12:50
✖ 学生导师反馈直接选报告，不跳课程结构，退回状态和只读教师新旧反思 (14298.1732ms)
  locator.click: Timeout 12000ms exceeded.
  Call log:
  [2m  - waiting for getByLabel('选择课时', { exact: true })[22m
  [2m    - locator resolved to <input readonly value="" type="text" role="combobox" id="archive-lesson" aria-expanded="false" aria-haspopup="listbox" class="ant-select-input" aria-autocomplete="list" autocomplete="new-password"/>[22m
  [2m  - attempting click action[22m
  [2m    2 × waiting for element to be visible, enabled and stable[22m
  [2m      - element is not visible[22m
  [2m    - retrying click action[22m
  [2m    - waiting 20ms[22m
  [2m    2 × waiting for element to be visible, enabled and stable[22m
  [2m      - element is not visible[22m
  [2m    - retrying click action[22m
  [2m      - waiting 100ms[22m
  [2m    23 × waiting for element to be visible, enabled and stable[22m
  [2m       - element is not visible[22m
  [2m     - retrying click action[22m
  [2m       - waiting 500ms[22m
  
      at select (C:\Users\shr\Desktop\nmg前端\app\tests\next-step02.browser.test.js:11:76)
      at C:\Users\shr\Desktop\nmg前端\app\tests\next-step02.browser.test.js:21:161
      at async TestContext.<anonymous> (C:\Users\shr\Desktop\nmg前端\app\tests\next-step02.browser.test.js:12:74)
      at async scene (C:\Users\shr\Desktop\nmg前端\app\tests\next-step02.browser.test.js:12:42)
      at async TestContext.<anonymous> (C:\Users\shr\Desktop\nmg前端\app\tests\next-step02.browser.test.js:21:2) {
    name: 'TimeoutError',
    log: [ "  - waiting for getByLabel('选择课时', { exact: true })", '    - locator resolved to <input readonly value="" type="text" role="combobox" id="archive-lesson" aria-expanded="false" aria-haspopup="listbox" class="ant-select-input" aria-autocomplete="list" autocomplete="new-password"/>', '  - attempting click action', '    2 × waiting for element to be visible, enabled and stable', '      - element is not visible', '    - retrying click action', '    - waiting 20ms', '    2 × waiting for element to be visible, enabled and stable', '      - element is not visible', '    - retrying click action', '      - waiting 100ms', '    23 × waiting for element to be visible, enabled and stable', '       - element is not visible', '     - retrying click action', '       - waiting 500ms' ]
  }

test at tests\next-step02.browser.test.js:4:1
✖ 下一版第二步：真实持久维护、开放反思及全角色浏览器验收 (48728.7061ms)
  locator.click: Timeout 12000ms exceeded.
  Call log:
  [2m  - waiting for getByLabel('选择课时', { exact: true })[22m
  [2m    - locator resolved to <input readonly value="" type="text" role="combobox" id="archive-lesson" aria-expanded="false" aria-haspopup="listbox" class="ant-select-input" aria-autocomplete="list" autocomplete="new-password"/>[22m
  [2m  - attempting click action[22m
  [2m    2 × waiting for element to be visible, enabled and stable[22m
  [2m      - element is not visible[22m
  [2m    - retrying click action[22m
  [2m    - waiting 20ms[22m
  [2m    2 × waiting for element to be visible, enabled and stable[22m
  [2m      - element is not visible[22m
  [2m    - retrying click action[22m
  [2m      - waiting 100ms[22m
  [2m    23 × waiting for element to be visible, enabled and stable[22m
  [2m       - element is not visible[22m
  [2m     - retrying click action[22m
  [2m       - waiting 500ms[22m
  
      at select (C:\Users\shr\Desktop\nmg前端\app\tests\next-step02.browser.test.js:11:76)
      at C:\Users\shr\Desktop\nmg前端\app\tests\next-step02.browser.test.js:21:161
      at async TestContext.<anonymous> (C:\Users\shr\Desktop\nmg前端\app\tests\next-step02.browser.test.js:12:74)
      at async scene (C:\Users\shr\Desktop\nmg前端\app\tests\next-step02.browser.test.js:12:42)
      at async TestContext.<anonymous> (C:\Users\shr\Desktop\nmg前端\app\tests\next-step02.browser.test.js:21:2) {
    name: 'TimeoutError',
    log: [ "  - waiting for getByLabel('选择课时', { exact: true })", '    - locator resolved to <input readonly value="" type="text" role="combobox" id="archive-lesson" aria-expanded="false" aria-haspopup="listbox" class="ant-select-input" aria-autocomplete="list" autocomplete="new-password"/>', '  - attempting click action', '    2 × waiting for element to be visible, enabled and stable', '      - element is not visible', '    - retrying click action', '    - waiting 20ms', '    2 × waiting for element to be visible, enabled and stable', '      - element is not visible', '    - retrying click action', '      - waiting 100ms', '    23 × waiting for element to be visible, enabled and stable', '       - element is not visible', '     - retrying click action', '       - waiting 500ms' ]
  }
