TEACHER_SELECTION []
SYNTHETIC_WRITE http://127.0.0.1:4194/api/courses/9003/maintenance/lessons/90023 {"title":"滑翔机试飞理论课","description":"隔离验收：请比较条件并保留证据。","teaching_tip":"隔离指导：先记录条件，再自由试飞。","sort_order":2,"start_at":"2026-10-20T09:00","end_at":"2026-10-20T09:45","location":"隔离科创教室","duration":45,"instructor_id":2,"presentation_type":"theory","content_state":"preparing","moments_note":null,"article_title":null,"article_url":null,"chapter_id":null,"expected_revision":"a75f03abffa1108f65d30017f5a9eef68c349cadeb4bdf479514fc5dd070b889"}
▶ 下一版第二步：真实持久维护、开放反思及全角色浏览器验收
  ✔ 可视化填写真实课时安排、指导与学生布局；预览无学习副作用 (7354.8971ms)
SYNTHETIC_WRITE http://127.0.0.1:4194/api/learning/manage/cards/900113 {"title":"隔离知识卡片","content":"隔离正文二次更新。","estimated_minutes":10,"is_required":true,"status":"published","expected_revision":"3bac63aed2b817dc736f8cdca72c86732f7062a621b3e3d238c87052728d2a8f"}
SYNTHETIC_WRITE http://127.0.0.1:4194/api/courses/9003/maintenance/lessons/90023 {"title":"滑翔机试飞理论课","description":"旧预览不应覆盖","teaching_tip":"隔离指导：先记录条件，再自由试飞。","sort_order":2,"start_at":"2026-10-20T09:00","end_at":"2026-10-20T09:45","location":"隔离科创教室","duration":45,"instructor_id":2,"presentation_type":"theory","content_state":"preparing","moments_note":null,"article_title":null,"article_url":null,"chapter_id":null,"expected_revision":"b8fea9f4105dc29e72505cebc9957151495195c09478c293c837482e0651dd4e"}
  ✔ 新增卡片保存后回读失败保留真实 ID，再次编辑不重复创建；答案不出现在预览 (4634.0746ms)
  ✔ 真实附件上传失败重试、回读失败与终态历史不占20名额；学生下载字节 (5799.813ms)
  ✔ 管理员真实回放上传和学生授权签名播放；其他角色旧嵌套端点拒绝不落盘 (6397.4941ms)
  ✔ 开放日志任意一框提交、空框客户端拒绝、失败草稿与每日限次保输入 (5062.2756ms)
  ✔ 旧四项草稿保留独立备份与第四项原义，报告三框真实提交与导师直接评审 (5831.0634ms)
  ✔ 学生导师反馈直接选报告，不跳课程结构，退回状态和只读教师新旧反思 (5270.8911ms)
  ✔ 退回后开放报告新版本重审通过，学生直选最终反馈，迟到队列不覆盖新筛选 (8611.0733ms)
SYNTHETIC_WRITE http://127.0.0.1:4194/api/courses/9003/maintenance/lessons/90022 {"title":"参观 VR 实验室","description":null,"teaching_tip":null,"sort_order":1,"start_at":null,"end_at":null,"location":null,"duration":null,"instructor_id":null,"presentation_type":"visit","content_state":"preparing","moments_note":"合成验收精彩瞬间说明。","article_title":"合成验收文章","article_url":"https://example.invalid/isolated-article","chapter_id":null,"expected_revision":"9bdfd02438675d97dae8b425c464e9d644fecf720f6e79e735a0b7518166a55a"}
FAILURE 可视化参观填写、图片安全预览与五视口维护弹窗 locator.waitFor: Error: strict mode violation: getByText('合成验收图片.webp', { exact: true }) resolved to 2 elements:
    1) <figcaption>…</figcaption> aka locator('figcaption')
    2) <strong>合成验收图片.webp</strong> aka getByTestId('lesson-template').getByRole('strong')

Call log:
[2m  - waiting for getByText('合成验收图片.webp', { exact: true }) to be visible[22m

PAGE http://127.0.0.1:4194/courses/9003?tab=maintenance 
	
上限
	
显示位置
	
学生预览
	
AI 文字索引

.jpg	50 MB	每份最多 50 MB，学生在课程资料总览及本课时＋公共资料中下载	维护端授权图片预览；学生按原课时展示	不支持文字索引
.jpeg	50 MB	每份最多 50 MB，学生在课程资料总览及本课时＋公共资料中下载	维护端授权图片预览；学生按原课时展示	不支持文字索引
.png	50 MB	每份最多 50 MB，学生在课程资料总览及本课时＋公共资料中下载	维护端授权图片预览；学生按原课时展示	不支持文字索引
.gif	50 MB	每份最多 50 MB，学生在课程资料总览及本课时＋公共资料中下载	维护端授权图片预览；学生按原课时展示	不支持文字索引
.webp	50 MB	每份最多 50 MB，学生在课程资料总览及本课时＋公共资料中下载	维护端授权图片预览；学生按原课时展示	不支持文字索引
.pdf	50 MB	每份最多 50 MB，学生在课程资料总览及本课时＋公共资料中下载	维护端隔离 PDF 预览（浏览器支持时），可下载	可提取文字；扫描 PDF 无 OCR
.doc	50 MB	每份最多 50 MB，学生在课程资料总览及本课时＋公共资料中下载	仅下载（视频回放使用专用入口）	不支持文字索引
.docx	50 MB	每份最多 50 MB，学生在课程资料总览及本课时＋公共资料中下载	仅下载（视频回放使用专用入口）	可提取文字；扫描 PDF 无 OCR
.ppt	50 MB	每份最多 50 MB，学生在课程资料总览及本课时＋公共资料中下载	仅下载（视频回放使用专用入口）	不支持文字索引
.pptx	50 MB	每份最多 50 MB，学生在课程资料总览及本课时＋公共资料中下载	仅下载（视频回放使用专用入口）	可提取文字；扫描 PDF 无 OCR
.txt	50 MB	每份最多 50 MB，学生在课程资料总览及本课时＋公共资料中下载	仅下载（视频回放使用专用入口）	可提取文字；扫描 PDF 无 OCR
.md	50 MB	每份最多 50 MB，学生在课程资料总览及本课时＋公共资料中下载	仅下载（视频回放使用专用入口）	不支持文字索引
.csv	50 MB	每份最多 50 MB，学生在课程资料总览及本课时＋公共资料中下载	仅下载（视频回放使用专用入口）	不支持文字索引
.xls	50 MB	每份最多 50 MB，学生在课程资料总览及本课时＋公共资料中下载	仅下载（视频回放使用专用入口）	不支持文字索引
.xlsx	50 MB	每份最多 50 MB，学生在课程资料总览及本课时＋公共资料中下载	仅下载（视频回放使用专用入口）	不支持文字索引
.mp4	50 MB	每份最多 50 MB，学生在课程资料总览及本课时＋公共资料中下载	仅下载（视频回放使用专用入口）	不支持文字索引
.webm	50 MB	每份最多 50 MB，学生在课程资料总览及本课时＋公共资料中下载	仅下载（视频回放使用专用入口）	不支持文字索引
.zip	50 MB	每份最多 50 MB，学生在课程资料总览及本课时＋公共资料中下载	仅下载（视频回放使用专用入口）	不支持文字索引
.obj	50 MB	每份最多 50 MB，学生在课程资料总览及本课时＋公共资料中下载	仅下载（视频回放使用专用入口）	不支持文字索引
.glb	50 MB	每份最多 50 MB，学生在课程资料总览及本课时＋公共资料中下载	仅下载（视频回放使用专用入口）	不支持文字索引
.gltf	50 MB	每份最多 50 MB，学生在课程资料总览及本课时＋公共资料中下载	仅下载（视频回放使用专用入口）	不支持文字索引
.stl	50 MB	每份最多 50 MB，学生在课程资料总览及本课时＋公共资料中下载	仅下载（视频回放使用专用入口）	不支持文字索引
PAGE http://127.0.0.1:4194/courses/9003/lessons/90022/learn 跳到页面内容
返回课程选择
星海远航
课程 #9003
关卡地图
›
实验室
›
成长档案
›
星海远航
选择角色头像
120
演示
3
王小明
返回课程地图
全部课程
参观 VR 实验室

参观展示 · 教学内容待填写

返回课程地图
精彩瞬间

合成验收精彩瞬间说明

合成验收图片.webp

合成验收文章
阅读原文

参观已开展不代表个人通关；当前没有参加名单或完成记录

课程回放
teaching-replay.webm
课程资源与回放
合成验收图片.webp
下载资料
重置机器人位置（机器人聚焦后也可按 Home）
PAGE http://127.0.0.1:4194/courses/9003?tab=maintenance 
	
上限
	
显示位置
	
学生预览
	
AI 文字索引

.jpg	50 MB	每份最多 50 MB，学生在课程资料总览及本课时＋公共资料中下载	维护端授权图片预览；学生按原课时展示	不支持文字索引
.jpeg	50 MB	每份最多 50 MB，学生在课程资料总览及本课时＋公共资料中下载	维护端授权图片预览；学生按原课时展示	不支持文字索引
.png	50 MB	每份最多 50 MB，学生在课程资料总览及本课时＋公共资料中下载	维护端授权图片预览；学生按原课时展示	不支持文字索引
.gif	50 MB	每份最多 50 MB，学生在课程资料总览及本课时＋公共资料中下载	维护端授权图片预览；学生按原课时展示	不支持文字索引
.webp	50 MB	每份最多 50 MB，学生在课程资料总览及本课时＋公共资料中下载	维护端授权图片预览；学生按原课时展示	不支持文字索引
.pdf	50 MB	每份最多 50 MB，学生在课程资料总览及本课时＋公共资料中下载	维护端隔离 PDF 预览（浏览器支持时），可下载	可提取文字；扫描 PDF 无 OCR
.doc	50 MB	每份最多 50 MB，学生在课程资料总览及本课时＋公共资料中下载	仅下载（视频回放使用专用入口）	不支持文字索引
.docx	50 MB	每份最多 50 MB，学生在课程资料总览及本课时＋公共资料中下载	仅下载（视频回放使用专用入口）	可提取文字；扫描 PDF 无 OCR
.ppt	50 MB	每份最多 50 MB，学生在课程资料总览及本课时＋公共资料中下载	仅下载（视频回放使用专用入口）	不支持文字索引
.pptx	50 MB	每份最多 50 MB，学生在课程资料总览及本课时＋公共资料中下载	仅下载（视频回放使用专用入口）	可提取文字；扫描 PDF 无 OCR
.txt	50 MB	每份最多 50 MB，学生在课程资料总览及本课时＋公共资料中下载	仅下载（视频回放使用专用入口）	可提取文字；扫描 PDF 无 OCR
.md	50 MB	每份最多 50 MB，学生在课程资料总览及本课时＋公共资料中下载	仅下载（视频回放使用专用入口）	不支持文字索引
.csv	50 MB	每份最多 50 MB，学生在课程资料总览及本课时＋公共资料中下载	仅下载（视频回放使用专用入口）	不支持文字索引
.xls	50 MB	每份最多 50 MB，学生在课程资料总览及本课时＋公共资料中下载	仅下载（视频回放使用专用入口）	不支持文字索引
.xlsx	50 MB	每份最多 50 MB，学生在课程资料总览及本课时＋公共资料中下载	仅下载（视频回放使用专用入口）	不支持文字索引
.mp4	50 MB	每份最多 50 MB，学生在课程资料总览及本课时＋公共资料中下载	仅下载（视频回放使用专用入口）	不支持文字索引
.webm	50 MB	每份最多 50 MB，学生在课程资料总览及本课时＋公共资料中下载	仅下载（视频回放使用专用入口）	不支持文字索引
.zip	50 MB	每份最多 50 MB，学生在课程资料总览及本课时＋公共资料中下载	仅下载（视频回放使用专用入口）	不支持文字索引
.obj	50 MB	每份最多 50 MB，学生在课程资料总览及本课时＋公共资料中下载	仅下载（视频回放使用专用入口）	不支持文字索引
.glb	50 MB	每份最多 50 MB，学生在课程资料总览及本课时＋公共资料中下载	仅下载（视频回放使用专用入口）	不支持文字索引
.gltf	50 MB	每份最多 50 MB，学生在课程资料总览及本课时＋公共资料中下载	仅下载（视频回放使用专用入口）	不支持文字索引
.stl	50 MB	每份最多 50 MB，学生在课程资料总览及本课时＋公共资料中下载	仅下载（视频回放使用专用入口）	不支持文字索引
PAGE http://127.0.0.1:4194/observer/students/4 PBL 科创平台
观察工作台
我的学生
成长档案
帮助与反馈
通知中心
← 返回上一页
帮助与反馈
李老师
教师
王小明
北航附属实验学校 · 四年级1班 · 只读学情档案
返回学生列表
登录账号
student_wang
	
年级
四年级
	
班级
四年级1班
课程进展
星海远航 · 视觉测试课程
0/6 个课时已完成
0%
工程观察 · 测试课程
0/1 个课时已完成
0%
星海远航
0/3 个课时已完成
0%
课时与学习报告
星海远航 · 滑翔机试飞理论课
60%
隔离总结
查看报告第 1 版
导师意见：隔离反馈：请补充证据
rejected
星海远航 · 视觉测试课程 · 记录实验条件
35%
尚未提交学习报告
未提交
星海远航 · 视觉测试课程 · 比较设计方案
测试报告已通过
查看报告第 1 版
approved
近期成长轨迹
反思记录
滑翔机试飞理论课
今天想记下什么
未填写
和别人一起时的感受
未填写
还想说些什么
报告附带开放反思
课程反思
今天想记下什么
未填写
和别人一起时的感受
未填写
还想说些什么
隔离生活感受
基础观察（测试课时）
遇到的困难
另一课程反思（测试记录）
解决方式
未填写
改进收获
未填写
新问题
未填写
已通过成果
暂无已通过成果
  ✖ 可视化参观填写、图片安全预览与五视口维护弹窗 (10718.0563ms)
✖ 下一版第二步：真实持久维护、开放反思及全角色浏览器验收 (64513.2853ms)
ℹ tests 10
ℹ suites 0
ℹ pass 8
ℹ fail 2
ℹ cancelled 0
ℹ skipped 0
ℹ todo 0
ℹ duration_ms 65290.2384

✖ failing tests:

test at tests\next-step02.browser.test.js:12:50
✖ 可视化参观填写、图片安全预览与五视口维护弹窗 (10718.0563ms)
  locator.waitFor: Error: strict mode violation: getByText('合成验收图片.webp', { exact: true }) resolved to 2 elements:
      1) <figcaption>…</figcaption> aka locator('figcaption')
      2) <strong>合成验收图片.webp</strong> aka getByTestId('lesson-template').getByRole('strong')
  
  Call log:
  [2m  - waiting for getByText('合成验收图片.webp', { exact: true }) to be visible[22m
  
      at C:\Users\shr\Desktop\nmg前端\app\tests\next-step02.browser.test.js:24:1949
      at async TestContext.<anonymous> (C:\Users\shr\Desktop\nmg前端\app\tests\next-step02.browser.test.js:12:74)
      at async scene (C:\Users\shr\Desktop\nmg前端\app\tests\next-step02.browser.test.js:12:42)
      at async TestContext.<anonymous> (C:\Users\shr\Desktop\nmg前端\app\tests\next-step02.browser.test.js:23:2) {
    log: [ "  - waiting for getByText('合成验收图片.webp', { exact: true }) to be visible" ]
  }

test at tests\next-step02.browser.test.js:4:1
✖ 下一版第二步：真实持久维护、开放反思及全角色浏览器验收 (64513.2853ms)
  locator.waitFor: Error: strict mode violation: getByText('合成验收图片.webp', { exact: true }) resolved to 2 elements:
      1) <figcaption>…</figcaption> aka locator('figcaption')
      2) <strong>合成验收图片.webp</strong> aka getByTestId('lesson-template').getByRole('strong')
  
  Call log:
  [2m  - waiting for getByText('合成验收图片.webp', { exact: true }) to be visible[22m
  
      at C:\Users\shr\Desktop\nmg前端\app\tests\next-step02.browser.test.js:24:1949
      at async TestContext.<anonymous> (C:\Users\shr\Desktop\nmg前端\app\tests\next-step02.browser.test.js:12:74)
      at async scene (C:\Users\shr\Desktop\nmg前端\app\tests\next-step02.browser.test.js:12:42)
      at async TestContext.<anonymous> (C:\Users\shr\Desktop\nmg前端\app\tests\next-step02.browser.test.js:23:2) {
    log: [ "  - waiting for getByText('合成验收图片.webp', { exact: true }) to be visible" ]
  }
