✖ 下一版第二步：真实持久维护、开放反思及全角色浏览器验收 (1269.4089ms)
ℹ tests 1
ℹ suites 0
ℹ pass 0
ℹ fail 1
ℹ cancelled 0
ℹ skipped 0
ℹ todo 0
ℹ duration_ms 2031.8499

✖ failing tests:

test at tests\next-step02.browser.test.js:4:1
✖ 下一版第二步：真实持久维护、开放反思及全角色浏览器验收 (1269.4089ms)
  Error [ERR_UNSUPPORTED_ESM_URL_SCHEME]: Only URLs with a scheme in: file, data, and node are supported by the default ESM loader. On Windows, absolute paths must be valid file:// URLs. Received protocol 'c:'
      at throwIfUnsupportedURLScheme (node:internal/modules/esm/load:193:11)
      at defaultLoadSync (node:internal/modules/esm/load:146:3)
      at #loadAndMaybeBlockOnLoaderThread (node:internal/modules/esm/loader:825:12)
      at #loadSync (node:internal/modules/esm/loader:857:53)
      at ModuleLoader.load (node:internal/modules/esm/loader:806:26)
      at ModuleLoader.loadAndTranslate (node:internal/modules/esm/loader:516:31)
      at #getOrCreateModuleJobAfterResolve (node:internal/modules/esm/loader:582:36)
      at afterResolve (node:internal/modules/esm/loader:630:52)
      at ModuleLoader.getOrCreateModuleJob (node:internal/modules/esm/loader:636:12)
      at node:internal/modules/esm/loader:655:32 {
    code: 'ERR_UNSUPPORTED_ESM_URL_SCHEME'
  }
