
> star-voyage-student@0.1.0 build:teaching
> npm --prefix frontend run build -- --outDir ../build/teaching


> frontend@0.0.0 build
> vite build --outDir ../build/teaching

vite v8.2.1 building client environment for production...
transforming...
✓ 3329 modules transformed.

(!) outDir C:\Users\shr\Desktop\nmg前端\app\build\teaching is not inside project root and will not be emptied.
Use --emptyOutDir to override.

rendering chunks...
computing gzip size...
../build/teaching/index.html                                 4.41 kB │ gzip:   1.10 kB
../build/teaching/assets/Detail-Do4OPE-1.css                 2.13 kB │ gzip:   0.75 kB
../build/teaching/assets/pixel-archive-DrFSakwf.css          7.36 kB │ gzip:   1.62 kB
../build/teaching/assets/StudyUI-DW7b9n1k.css               11.51 kB │ gzip:   2.39 kB
../build/teaching/assets/pixel-service-m6kMJ5eZ.css         11.68 kB │ gzip:   2.54 kB
../build/teaching/assets/Personal-CUbCjl-g.css              12.01 kB │ gzip:   2.44 kB
../build/teaching/assets/pixel-compatibility-CA-01HOA.css   12.35 kB │ gzip:   2.51 kB
../build/teaching/assets/index-qGzZt_IE.css                 92.46 kB │ gzip:  18.06 kB
../build/teaching/assets/row-DxdVYmKY.js                     0.06 kB │ gzip:   0.08 kB
../build/teaching/assets/maintenanceCopy-D2VYO4H0.js         0.07 kB │ gzip:   0.09 kB
../build/teaching/assets/status-CXNA8hw5.js                  0.23 kB │ gzip:   0.22 kB
../build/teaching/assets/FeedbackStatusTag-CnGY9-oX.js       0.27 kB │ gzip:   0.23 kB
../build/teaching/assets/FeedbackPriorityTag-DsEUqV98.js     0.27 kB │ gzip:   0.23 kB
../build/teaching/assets/pixel-service-CepkVBxF.js           0.27 kB │ gzip:   0.21 kB
../build/teaching/assets/RoleSentence-D-rpAw__.js            0.30 kB │ gzip:   0.22 kB
../build/teaching/assets/StudentAlert-BWrsbZjG.js            0.33 kB │ gzip:   0.23 kB
../build/teaching/assets/collapse-DNXyBCq_.js                0.38 kB │ gzip:   0.22 kB
../build/teaching/assets/pixel-compatibility-2sD_mbP1.js     0.40 kB │ gzip:   0.29 kB
../build/teaching/assets/useMergedMask-CJcwnG5L.js           0.46 kB │ gzip:   0.31 kB
../build/teaching/assets/AsyncPageState-Cz3qsHVc.js          0.51 kB │ gzip:   0.38 kB
../build/teaching/assets/displayText-EJSbmHOx.js             0.52 kB │ gzip:   0.40 kB
../build/teaching/assets/reflectionModel-DxCF7T3N.js         0.52 kB │ gzip:   0.28 kB
../build/teaching/assets/feedbackFiles-BW-Ii2md.js           0.63 kB │ gzip:   0.55 kB
../build/teaching/assets/EllipsisOutlined-CO2NuNJ2.js        0.78 kB │ gzip:   0.49 kB
../build/teaching/assets/LeftOutlined-COv6D-TI.js            0.83 kB │ gzip:   0.57 kB
../build/teaching/assets/RightOutlined-w8fDO-we.js           0.83 kB │ gzip:   0.57 kB
../build/teaching/assets/useRemote-Bg4L6UFS.js               0.85 kB │ gzip:   0.54 kB
../build/teaching/assets/ArrowLeftOutlined-CRa9p49l.js       0.87 kB │ gzip:   0.61 kB
../build/teaching/assets/FileOutlined-Cy50DUFn.js            0.88 kB │ gzip:   0.61 kB
../build/teaching/assets/model-B9fEgwjD.js                   0.88 kB │ gzip:   0.59 kB
../build/teaching/assets/ActionButton-CxCBcEJI.js            0.89 kB │ gzip:   0.55 kB
../build/teaching/assets/TeachingSections-SJ06VYCq.js        0.90 kB │ gzip:   0.43 kB
../build/teaching/assets/OpenReflectionForm-lzooYfY6.js      0.95 kB │ gzip:   0.54 kB
../build/teaching/assets/DownloadOutlined-57jNYYoG.js        0.95 kB │ gzip:   0.62 kB
../build/teaching/assets/PurePanel-DopAyFY8.js               1.02 kB │ gzip:   0.64 kB
../build/teaching/assets/TempPasswordModal-v-vlUiHP.js       1.04 kB │ gzip:   0.66 kB
../build/teaching/assets/EyeOutlined-BsjHvxlr.js             1.13 kB │ gzip:   0.72 kB
../build/teaching/assets/NotificationLevelTag-DTZXO1go.js    1.15 kB │ gzip:   0.65 kB
../build/teaching/assets/SearchOutlined-vNEE4xIN.js          1.16 kB │ gzip:   0.73 kB
../build/teaching/assets/FeedbackFilters-CROJ7XWQ.js         1.19 kB │ gzip:   0.57 kB
../build/teaching/assets/feedback-C1a5veMy.js                1.21 kB │ gzip:   0.60 kB
../build/teaching/assets/LegacyEntry-BpuZlnaF.js             1.22 kB │ gzip:   0.84 kB
../build/teaching/assets/useClosable-BfU_l_I5.js             1.28 kB │ gzip:   0.68 kB
../build/teaching/assets/modal-CV0Qu94M.js                   1.40 kB │ gzip:   0.76 kB
../build/teaching/assets/RocketOutlined-tsD3ocxo.js          1.60 kB │ gzip:   1.00 kB
../build/teaching/assets/useBreakpoint-BRJuzdm_.js           1.85 kB │ gzip:   0.89 kB
../build/teaching/assets/ArchiveRecords-5DuP8BPW.js          1.92 kB │ gzip:   0.87 kB
../build/teaching/assets/style-Q5WVimYn.js                   1.97 kB │ gzip:   0.83 kB
../build/teaching/assets/move-c7fOLM7E.js                    1.97 kB │ gzip:   0.48 kB
../build/teaching/assets/StudentList-BcokIAST.js             1.99 kB │ gzip:   1.18 kB
../build/teaching/assets/School-CGCg74iJ.js                  2.28 kB │ gzip:   1.19 kB
../build/teaching/assets/date-D3egdRiN.js                    2.43 kB │ gzip:   1.08 kB
../build/teaching/assets/Input-33xrtTie.js                   2.43 kB │ gzip:   1.16 kB
../build/teaching/assets/Dashboard-Nx_u9-G1.js               2.50 kB │ gzip:   1.21 kB
../build/teaching/assets/row-umaGN_eg.js                     2.52 kB │ gzip:   1.32 kB
../build/teaching/assets/List-Cba5ojEM.js                    2.64 kB │ gzip:   1.39 kB
../build/teaching/assets/Detail-CFI2aimr.js                  2.70 kB │ gzip:   1.38 kB
../build/teaching/assets/ContentHub-BaG8XjRK.js              2.73 kB │ gzip:   1.47 kB
../build/teaching/assets/ChangePassword-D5XRibSV.js          3.05 kB │ gzip:   1.59 kB
../build/teaching/assets/List-CqmMuo0s.js                    3.15 kB │ gzip:   1.64 kB
../build/teaching/assets/style-Dr-8TxMf.js                   3.16 kB │ gzip:   1.22 kB
../build/teaching/assets/AISettings-C0_kSHPL.js              3.39 kB │ gzip:   1.76 kB
../build/teaching/assets/popconfirm-CCOrpPI4.js              3.58 kB │ gzip:   1.59 kB
../build/teaching/assets/archiveModel-9Sk3nQOm.js            3.64 kB │ gzip:   1.76 kB
../build/teaching/assets/AIKnowledge-CZ2mJXVJ.js             3.77 kB │ gzip:   1.97 kB
../build/teaching/assets/Sentence-BF_d2bwe.js                3.89 kB │ gzip:   1.75 kB
../build/teaching/assets/StudentDetail-CByYXV3x.js           4.04 kB │ gzip:   1.70 kB
../build/teaching/assets/ReviewList-Db1BoAJo.js              4.04 kB │ gzip:   2.05 kB
../build/teaching/assets/Form-wovvMoJu.js                    4.10 kB │ gzip:   1.95 kB
../build/teaching/assets/statistic-DYgywxlg.js               4.13 kB │ gzip:   1.91 kB
../build/teaching/assets/AuthContext-B9_BWCkT.js             4.24 kB │ gzip:   1.97 kB
../build/teaching/assets/List-Bh5kwnAS.js                    4.31 kB │ gzip:   2.13 kB
../build/teaching/assets/useForm-Ds9B0Q8f.js                 4.75 kB │ gzip:   2.13 kB
../build/teaching/assets/empty-CUp4gxcF.js                   4.75 kB │ gzip:   2.06 kB
../build/teaching/assets/Detail-DuRvBobH.js                  4.78 kB │ gzip:   2.25 kB
../build/teaching/assets/Form-CLAvn6rY.js                    5.04 kB │ gzip:   2.59 kB
../build/teaching/assets/space-DNQ9pqEX.js                   5.08 kB │ gzip:   2.09 kB
../build/teaching/assets/Manage-Cpd6igYH.js                  5.08 kB │ gzip:   2.43 kB
../build/teaching/assets/StudyUI-EUgo1k2v.js                 5.17 kB │ gzip:   2.26 kB
../build/teaching/assets/Upload-CHfH99nk.js                  5.55 kB │ gzip:   2.00 kB
../build/teaching/assets/ReviewDetail-CSoTzG4s.js            5.71 kB │ gzip:   2.64 kB
../build/teaching/assets/es-DgUuD5Ko.js                      6.39 kB │ gzip:   2.57 kB
../build/teaching/assets/alert-T5GX8Z65.js                   6.40 kB │ gzip:   2.70 kB
../build/teaching/assets/AI-GYRp-ITs.js                      6.41 kB │ gzip:   3.34 kB
../build/teaching/assets/List-DNUU4KHX.js                    7.10 kB │ gzip:   2.99 kB
../build/teaching/assets/List-B32ShdEo.js                    7.18 kB │ gzip:   2.84 kB
../build/teaching/assets/Reflection-2tzIq_U3.js              7.28 kB │ gzip:   2.46 kB
../build/teaching/assets/Learning-Bps7bN-0.js                7.36 kB │ gzip:   2.55 kB
../build/teaching/assets/spin-4yNjfwCq.js                    7.50 kB │ gzip:   3.11 kB
../build/teaching/assets/switch-DjGcXQQP.js                  7.53 kB │ gzip:   2.58 kB
../build/teaching/assets/dayjs.min-CLFftfrj.js               7.84 kB │ gzip:   3.38 kB
../build/teaching/assets/LessonContentEditor-CZDn4ayh.js     8.42 kB │ gzip:   3.38 kB
../build/teaching/assets/tag-ClOc-BCs.js                     8.57 kB │ gzip:   3.38 kB
../build/teaching/assets/Detail-DXbddgS0.js                  8.74 kB │ gzip:   3.69 kB
../build/teaching/assets/card-BEGb2aIv.js                    9.29 kB │ gzip:   3.27 kB
../build/teaching/assets/Index-C9VKktEQ.js                   9.42 kB │ gzip:   3.65 kB
../build/teaching/assets/skeleton-DCMw9giS.js                9.44 kB │ gzip:   3.23 kB
../build/teaching/assets/list-CduMkQai.js                    9.73 kB │ gzip:   3.63 kB
../build/teaching/assets/Detail-BYvHX1ak.js                 10.18 kB │ gzip:   4.42 kB
../build/teaching/assets/input-rBn3lLE9.js                  11.10 kB │ gzip:   5.15 kB
../build/teaching/assets/Detail-DC5JtSAx.js                 11.60 kB │ gzip:   3.90 kB
../build/teaching/assets/List-DMy-pRZP.js                   14.25 kB │ gzip:   5.04 kB
../build/teaching/assets/progress-CsY15Nu6.js               14.81 kB │ gzip:   5.73 kB
../build/teaching/assets/checkbox-DEKJEOaG.js               15.10 kB │ gzip:   5.29 kB
../build/teaching/assets/Index-DV06xKyV.js                  18.66 kB │ gzip:   5.92 kB
../build/teaching/assets/Personal-BUqjo5qZ.js               19.68 kB │ gzip:   6.56 kB
../build/teaching/assets/input-number-BFcQ6kaP.js           20.99 kB │ gzip:   7.61 kB
../build/teaching/assets/pagination-B-nBD_ZR.js             24.13 kB │ gzip:   7.27 kB
../build/teaching/assets/useModal-DvNk1ORq.js               25.24 kB │ gzip:   8.70 kB
../build/teaching/assets/LessonLearn-BzGJ9fuV.js            25.29 kB │ gzip:   8.13 kB
../build/teaching/assets/UploadOutlined-BiWCKZ8z.js         31.82 kB │ gzip:  11.36 kB
../build/teaching/assets/result-C6dAgnrC.js                 34.55 kB │ gzip:  10.84 kB
../build/teaching/assets/timeline-vhhWiw54.js               36.32 kB │ gzip:  10.33 kB
../build/teaching/assets/Detail-DVsQa0jj.js                 49.13 kB │ gzip:  14.73 kB
../build/teaching/assets/tree-6xpu1hxb.js                   50.47 kB │ gzip:  15.62 kB
../build/teaching/assets/tabs-asYB3tyS.js                   58.15 kB │ gzip:  18.50 kB
../build/teaching/assets/Simulator-DkdwSitl.js              60.50 kB │ gzip:  21.66 kB
../build/teaching/assets/select-CnIfLFGW.js                 67.52 kB │ gzip:  23.33 kB
../build/teaching/assets/table-LTQSEz7i.js                  90.97 kB │ gzip:  30.28 kB
../build/teaching/assets/typography-B6qESNXC.js            117.46 kB │ gzip:  37.37 kB
../build/teaching/assets/index-bPi2xrYG.js                 248.78 kB │ gzip:  78.02 kB
../build/teaching/assets/copy-AWQtD_Wx.js                  261.94 kB │ gzip:  24.45 kB
../build/teaching/assets/jsx-runtime-C-GVBRSp.js           480.02 kB │ gzip: 161.92 kB

✓ built in 1.36s
