▶ 体验补修：地图、头像、文案、运势真实浏览器
  ✔ 持续打开页面跨北京午夜，比较实际组合；同日刷新、独立浏览器及后端重启一致 (7183.8707ms)
  ✔ 后台休眠后 focus/visibility 重读，跳过多天、跨年与闰日恢复正确日期 (660.6216ms)
  ✔ 跨日网络失败隐藏旧结果、标出上次日期，手动重试读取当天且不写奖励 (1104.9248ms)
  ✔ 旧请求迟到不覆盖新请求，切换账号后旧运势不能落入新账号 (5616.6061ms)
  ✔ 指定说明行消失，宜/忌、日期、图案保留，桌面平板手机文字无溢出 (2384.9016ms)
  ✔ 原十关/空参观/独立实验入口、真实头像保存重读与机器人拖动聊天 (8467.1846ms)
  ✔ 全部运势文案可编辑，下载 HTML 保留改稿，JSON 只导出改动且导入不覆盖其他文案 (1551.8454ms)
  ✔ 五尺寸九条相邻路线不进入按钮、图像、文字牌；路径互不相交，前三关主题独立 (11213.8196ms)
  ✖ 姓名旁原头像入口、头部同步、重登持久；写入失败及回读失败仍可重试 (5711.6509ms)
✖ 体验补修：地图、头像、文案、运势真实浏览器 (50610.3866ms)
ℹ tests 10
ℹ suites 0
ℹ pass 8
ℹ fail 2
ℹ cancelled 0
ℹ skipped 0
ℹ todo 0
ℹ duration_ms 51471.4453

✖ failing tests:

test at tests\experience.browser.test.js:35:51
✖ 姓名旁原头像入口、头部同步、重登持久；写入失败及回读失败仍可重试 (5711.6509ms)
  Error [SqliteError]: no such table: student_course_preferences
      at Database.prepare (C:\Users\shr\Desktop\nmg前端\app\backend\node_modules\better-sqlite3\lib\methods\wrappers.js:5:21)
      at file:///C:/Users/shr/Desktop/nmg%E5%89%8D%E7%AB%AF/app/tests/experience.browser.test.js:93:24
      at async TestContext.<anonymous> (file:///C:/Users/shr/Desktop/nmg%E5%89%8D%E7%AB%AF/app/tests/experience.browser.test.js:35:75)
      at async Test.run (node:internal/test_runner/test:1373:7)
      at async scene (file:///C:/Users/shr/Desktop/nmg%E5%89%8D%E7%AB%AF/app/tests/experience.browser.test.js:35:43)
      at async TestContext.<anonymous> (file:///C:/Users/shr/Desktop/nmg%E5%89%8D%E7%AB%AF/app/tests/experience.browser.test.js:91:3)
      at async Test.run (node:internal/test_runner/test:1373:7)
      at async startSubtestAfterBootstrap (node:internal/test_runner/harness:387:3) {
    code: 'SQLITE_ERROR'
  }

test at tests\experience.browser.test.js:18:1
✖ 体验补修：地图、头像、文案、运势真实浏览器 (50610.3866ms)
  Error [SqliteError]: no such table: student_course_preferences
      at Database.prepare (C:\Users\shr\Desktop\nmg前端\app\backend\node_modules\better-sqlite3\lib\methods\wrappers.js:5:21)
      at file:///C:/Users/shr/Desktop/nmg%E5%89%8D%E7%AB%AF/app/tests/experience.browser.test.js:93:24
      at async TestContext.<anonymous> (file:///C:/Users/shr/Desktop/nmg%E5%89%8D%E7%AB%AF/app/tests/experience.browser.test.js:35:75)
      at async Test.run (node:internal/test_runner/test:1373:7)
      at async scene (file:///C:/Users/shr/Desktop/nmg%E5%89%8D%E7%AB%AF/app/tests/experience.browser.test.js:35:43)
      at async TestContext.<anonymous> (file:///C:/Users/shr/Desktop/nmg%E5%89%8D%E7%AB%AF/app/tests/experience.browser.test.js:91:3)
      at async Test.run (node:internal/test_runner/test:1373:7)
      at async startSubtestAfterBootstrap (node:internal/test_runner/harness:387:3) {
    code: 'SQLITE_ERROR'
  }
