▶ 下一版第三步补充：徽章队列、回读失败、账号切换及离线重置恢复
  ✔ 颁发已提交但主页回读失败，不称已佩戴；重读后两个徽章依次可关闭且不重复 (3426.363ms)
  ✔ 离线已扣币后重置保留原意图，切账号不发旧意图；回到原账号补发一条消息 (6343.9626ms)
  ✔ 真实浏览器存储拒绝不签到成功，恢复后只保存一次；日期重读仍真实 (683.2234ms)
✔ 下一版第三步补充：徽章队列、回读失败、账号切换及离线重置恢复 (18643.7125ms)
▶ 下一版第三步：真实教学预览奖励端到端验收
  ✔ 本人签到双标签去重、余额和明细共享；报告已通过但作品退回不发徽章 (5487.9087ms)
  ✔ 离线日期不放行；模拟北京午夜及重新可见后次日只加一次 (446.1022ms)
  ✔ 真实课时徽章资格和十关未知节点可见；无自动发放空参观与实验 (2234.7598ms)
  ✖ 首次真正满足全部要求才持久获章；动画已读稳定ID、Esc关闭及原焦点恢复 (2475.9699ms)
✖ 下一版第三步：真实教学预览奖励端到端验收 (21787.7716ms)
TEACHER_SELECTION []
SYNTHETIC_WRITE http://127.0.0.1:4194/api/courses/9003/maintenance/lessons/90023 {"title":"滑翔机试飞理论课","description":"隔离验收：请比较条件并保留证据。","teaching_tip":"隔离指导：先记录条件，再自由试飞。","sort_order":2,"start_at":"2026-10-20T09:00","end_at":"2026-10-20T09:45","location":"隔离科创教室","duration":45,"instructor_id":2,"presentation_type":"theory","content_state":"preparing","moments_note":null,"article_title":null,"article_url":null,"chapter_id":null,"expected_revision":"f80c316bd4ab1ca0a61ff1764f1f8b1d188a70e29c3d4968cf2632c519454bf9"}
▶ 下一版第二步：真实持久维护、开放反思及全角色浏览器验收
  ✔ 可视化填写真实课时安排、指导与学生布局；预览无学习副作用 (7545.6306ms)
SYNTHETIC_WRITE http://127.0.0.1:4194/api/learning/manage/cards/900113 {"title":"隔离知识卡片","content":"隔离正文二次更新。","estimated_minutes":10,"is_required":true,"status":"published","expected_revision":"603f4dcb4c6db05e72929a2381f62a7aa8423552ee7c02097e9d97634dba2365"}
SYNTHETIC_WRITE http://127.0.0.1:4194/api/learning/manage/exercises/900112 {"question_type":"true_false","prompt":"隔离题：要记录条件吗（更新）","answer":true,"explanation":"仅作答后可见的隔离解释","options":[],"max_attempts":1,"expected_revision":"9bba4d1afc10612153013ea0c91d9bb21dc8cd2bb9d3a50a97f27c50d0043a8f"}
SYNTHETIC_WRITE http://127.0.0.1:4194/api/courses/9003/maintenance/lessons/90023 {"title":"滑翔机试飞理论课","description":"旧预览不应覆盖","teaching_tip":"隔离指导：先记录条件，再自由试飞。","sort_order":2,"start_at":"2026-10-20T09:00","end_at":"2026-10-20T09:45","location":"隔离科创教室","duration":45,"instructor_id":2,"presentation_type":"theory","content_state":"preparing","moments_note":null,"article_title":null,"article_url":null,"chapter_id":null,"expected_revision":"da04071eb99f7c48c554affe83660b8e3327a0a83558c3903106c0eb0ed4c7c9"}
  ✔ 新增卡片保存后回读失败保留真实 ID，再次编辑不重复创建；答案不出现在预览 (5403.4291ms)
  ✔ 真实附件上传失败重试、回读失败与终态历史不占20名额；学生下载字节 (6442.0352ms)
  ✔ 管理员真实回放上传和学生授权签名播放；其他角色旧嵌套端点拒绝不落盘 (8525.8293ms)
  ✔ 开放日志任意一框提交、空框客户端拒绝、失败草稿与每日限次保输入 (5233.2165ms)
  ✔ 旧四项草稿保留独立备份与第四项原义，报告三框真实提交与导师直接评审 (4818.5764ms)
  ✔ 学生导师反馈直接选报告，不跳课程结构，退回状态和只读教师新旧反思 (9808.5923ms)
  ✔ 退回后开放报告新版本重审通过，学生直选最终反馈，迟到队列不覆盖新筛选 (8093.0526ms)
SYNTHETIC_WRITE http://127.0.0.1:4194/api/courses/9003/maintenance/lessons/90022 {"title":"参观 VR 实验室","description":null,"teaching_tip":null,"sort_order":1,"start_at":null,"end_at":null,"location":null,"duration":null,"instructor_id":null,"presentation_type":"visit","content_state":"preparing","moments_note":"合成验收精彩瞬间说明。","article_title":"合成验收文章","article_url":"https://example.invalid/isolated-article","chapter_id":null,"expected_revision":"03385f1ae2ff5da8099778f3388bc820c8795ead3efacbe71b306134441150dc"}
  ✔ 可视化参观填写、图片安全预览与五视口维护弹窗 (8647.3082ms)
  ✔ 四种维护角色五视口实际控件、侧栏、键盘与减少运动 (19738.2342ms)
  ✔ 非学生全角色实际可访问路由 smoke 与对象详情，菜单无遗漏 (102564.834ms)
  ✔ 权限撤回清除旧内容、附件404局部错误、第三课实验往返和十关保留 (4048.3783ms)
✔ 下一版第二步：真实持久维护、开放反思及全角色浏览器验收 (195700.982ms)
ℹ tests 22
ℹ suites 0
ℹ pass 20
ℹ fail 2
ℹ cancelled 0
ℹ skipped 0
ℹ todo 0
ℹ duration_ms 239463.8925

✖ failing tests:

test at tests\experience-rewards.browser.test.js:20:51
✖ 首次真正满足全部要求才持久获章；动画已读稳定ID、Esc关闭及原焦点恢复 (2475.9699ms)
  AssertionError [ERR_ASSERTION]: The input did not match the regular expression /恭喜你获得了理论探索徽章！已经佩戴在你的主页啦！快去看看吧~/. Input:
  
  '收获一枚新徽章\n\n恭喜你获得了理论探索徽章已经佩戴在你的主页啦！快去看看吧~\n\n真实课时通关徽章 · 已保存到当前账号\n\n关闭并跳过\n去我的主页看看'
  
      at file:///C:/Users/shr/Desktop/nmg%E5%89%8D%E7%AB%AF/app/tests/experience-rewards.browser.test.js:36:148
      at async TestContext.<anonymous> (file:///C:/Users/shr/Desktop/nmg%E5%89%8D%E7%AB%AF/app/tests/experience-rewards.browser.test.js:20:75)
      at async Test.run (node:internal/test_runner/test:1373:7)
      at async scene (file:///C:/Users/shr/Desktop/nmg%E5%89%8D%E7%AB%AF/app/tests/experience-rewards.browser.test.js:20:43)
      at async TestContext.<anonymous> (file:///C:/Users/shr/Desktop/nmg%E5%89%8D%E7%AB%AF/app/tests/experience-rewards.browser.test.js:35:2)
      at async Test.run (node:internal/test_runner/test:1373:7)
      at async startSubtestAfterBootstrap (node:internal/test_runner/harness:387:3) {
    generatedMessage: true,
    code: 'ERR_ASSERTION',
    actual: '收获一枚新徽章\n\n恭喜你获得了理论探索徽章已经佩戴在你的主页啦！快去看看吧~\n\n真实课时通关徽章 · 已保存到当前账号\n\n关闭并跳过\n去我的主页看看',
    expected: /恭喜你获得了理论探索徽章！已经佩戴在你的主页啦！快去看看吧~/,
    operator: 'match',
    diff: 'simple'
  }

test at tests\experience-rewards.browser.test.js:4:1
✖ 下一版第三步：真实教学预览奖励端到端验收 (21787.7716ms)
  AssertionError [ERR_ASSERTION]: The input did not match the regular expression /恭喜你获得了理论探索徽章！已经佩戴在你的主页啦！快去看看吧~/. Input:
  
  '收获一枚新徽章\n\n恭喜你获得了理论探索徽章已经佩戴在你的主页啦！快去看看吧~\n\n真实课时通关徽章 · 已保存到当前账号\n\n关闭并跳过\n去我的主页看看'
  
      at file:///C:/Users/shr/Desktop/nmg%E5%89%8D%E7%AB%AF/app/tests/experience-rewards.browser.test.js:36:148
      at async TestContext.<anonymous> (file:///C:/Users/shr/Desktop/nmg%E5%89%8D%E7%AB%AF/app/tests/experience-rewards.browser.test.js:20:75)
      at async Test.run (node:internal/test_runner/test:1373:7)
      at async scene (file:///C:/Users/shr/Desktop/nmg%E5%89%8D%E7%AB%AF/app/tests/experience-rewards.browser.test.js:20:43)
      at async TestContext.<anonymous> (file:///C:/Users/shr/Desktop/nmg%E5%89%8D%E7%AB%AF/app/tests/experience-rewards.browser.test.js:35:2)
      at async Test.run (node:internal/test_runner/test:1373:7)
      at async startSubtestAfterBootstrap (node:internal/test_runner/harness:387:3) {
    generatedMessage: true,
    code: 'ERR_ASSERTION',
    actual: '收获一枚新徽章\n\n恭喜你获得了理论探索徽章已经佩戴在你的主页啦！快去看看吧~\n\n真实课时通关徽章 · 已保存到当前账号\n\n关闭并跳过\n去我的主页看看',
    expected: /恭喜你获得了理论探索徽章！已经佩戴在你的主页啦！快去看看吧~/,
    operator: 'match',
    diff: 'simple'
  }
