Browser: 154.0.4258.53
▶ 第十轮：原生 IndexedDB 迁移、提交与 120 组双标签压力验证
  ✔ 原样迁移并保留 v1 备份；重置/重开不重导入；已迁移账号不再读取 v1 (1519.3368ms)
  ✔ 并发首次迁移与兑换不覆盖已提交状态；并发同编号仅一笔；不同账号隔离 (1154.7737ms)
  ✔ 损坏/不可读迁移源不被覆盖；迁移 put 后中止无初始化标记；直接重置恢复 (681.3119ms)
  ✔ 数据库不可用、open 失败及真实升级 blocked 均可重试，不虚构持久成功 (539.4592ms)
  ✔ 提交后取消与回读/广播失败不撤销事实；广播只触发数据库重读 (821.762ms)
Stress: {"browser":"154.0.4258.53","started":"2026-10-07T15:05:54.536Z","finished":"2026-10-07T15:06:03.538Z","groups":120,"thirdTabSamples":[9,19,29,39,49,59,69,79,89,99,109,119],"failures":[]}
  ✔ 120 组混合事务顺序，逐组读取两页持久状态，12 次新第三标签抽检 (9597.1454ms)
✔ 第十轮：原生 IndexedDB 迁移、提交与 120 组双标签压力验证 (16660.0788ms)
Browser: 154.0.4258.53
Session observation {"verificationStatus":200,"path":"/feedback/new","title":"【测试】刷新时保留我的反馈"}
▶ 第十轮：跨标签会话与通知批量回归（真实隔离 API）
  ✔ 同账号真实过期凭据刷新，另一标签反馈输入和 DOM 不应丢失 (8344.3311ms)
  ✔ 真实全部已读延迟期间切换筛选，写成功必须重读当前列表 (4352.4412ms)
  ✔ 主动刷新保留独立反思、回复及其他角色表单；同账号迟到成功响应仍有效 (15762.6508ms)
  ✔ 真实 401 单次刷新保留另一标签输入，后台复核暂时失败也不卸载 (5720.1269ms)
  ✔ 配对边界：真实退出和换账号清除另一标签表单，旧响应不得覆盖新账号 (10039.5857ms)
  ✔ 配对边界：真实停用和 FORCE_RESET 使另一标签清理旧内容 (11050.7474ms)
  ✔ 批量延迟期间切分页：成功/失败/回读失败提示保留，重读不重复写入 (11934.7885ms)
  ✔ 批量写已提交但响应迟到，退出换账号后不显示旧结果 (7006.9728ms)
Concurrent real refresh groups: 20, failures: 0
  ✔ 两个标签同时主动刷新只进行一次真实凭据轮换 (6504.3491ms)
  ✔ 旧账号刷新响应迟到，不能覆盖另一标签新登录的凭据或表单 (8586.9622ms)
  ✔ 实际奖励页：v1 迁移、双标签最终一致、轮换保留弹窗、窄屏数据库错误 (28342.0014ms)
✔ 第十轮：跨标签会话与通知批量回归（真实隔离 API） (121264.5941ms)
ℹ tests 19
ℹ suites 0
ℹ pass 19
ℹ fail 0
ℹ cancelled 0
ℹ skipped 0
ℹ todo 0
ℹ duration_ms 139785.0882
