▶ 新版第2步补修：真实素材、运势、居中地图与输入交互
  ✔ 独立桌面/手机登录构图、六尺寸整屏不滚动，短屏表单内部可达 (8749.9156ms)
  ✔ 登录图片故障不挡表单，真实错误与防重复提交 (2317.7637ms)
  ✔ 六尺寸平台/课程主题，真实运势、地图默认和弹窗、标题透明、封面和聊天 (30137.4512ms)
  ✔ 居中详情焦点/Tab/Escape/遮罩/滚动锁、节点 Enter Space、取消课时与互斥 (4809.0379ms)
  ✔ 悬浮/鼠标按下/键盘按下/减少运动，路线锚点固定、输入原值不变 (5024.292ms)
  ✔ 同账号跨浏览器当天一致，失败重试、不读写奖励存储，切账号迟到响应被丢弃 (9165.4486ms)
  ✔ API 原文保留、教学显示只去尾句号；输入和机器人失败降级保持可用 (3000.3368ms)
  ✖ 定时和重新可见重读运势；触摸按下、长详情、停用和强制改密真实分流 (37652.1573ms)
✖ 新版第2步补修：真实素材、运势、居中地图与输入交互 (106074.2768ms)
ℹ tests 9
ℹ suites 0
ℹ pass 7
ℹ fail 2
ℹ cancelled 0
ℹ skipped 0
ℹ todo 0
ℹ duration_ms 106881.0871

✖ failing tests:

test at tests\redesign-v2.visual-patch.browser.test.js:16:54
✖ 定时和重新可见重读运势；触摸按下、长详情、停用和强制改密真实分流 (37652.1573ms)
  page.waitForURL: Timeout 30000ms exceeded.
  =========================== logs ===========================
  waiting for navigation until "load"
  ============================================================
      at C:\Users\shr\Desktop\nmg前端\app\tests\redesign-v2.visual-patch.browser.test.js:70:391
      at async TestContext.<anonymous> (C:\Users\shr\Desktop\nmg前端\app\tests\redesign-v2.visual-patch.browser.test.js:16:78)
      at async scenario (C:\Users\shr\Desktop\nmg前端\app\tests\redesign-v2.visual-patch.browser.test.js:16:46)
      at async TestContext.<anonymous> (C:\Users\shr\Desktop\nmg前端\app\tests\redesign-v2.visual-patch.browser.test.js:66:3) {
    name: 'TimeoutError',
    log: []
  }

test at tests\redesign-v2.visual-patch.browser.test.js:13:1
✖ 新版第2步补修：真实素材、运势、居中地图与输入交互 (106074.2768ms)
  page.waitForURL: Timeout 30000ms exceeded.
  =========================== logs ===========================
  waiting for navigation until "load"
  ============================================================
      at C:\Users\shr\Desktop\nmg前端\app\tests\redesign-v2.visual-patch.browser.test.js:70:391
      at async TestContext.<anonymous> (C:\Users\shr\Desktop\nmg前端\app\tests\redesign-v2.visual-patch.browser.test.js:16:78)
      at async scenario (C:\Users\shr\Desktop\nmg前端\app\tests\redesign-v2.visual-patch.browser.test.js:16:46)
      at async TestContext.<anonymous> (C:\Users\shr\Desktop\nmg前端\app\tests\redesign-v2.visual-patch.browser.test.js:66:3) {
    name: 'TimeoutError',
    log: []
  }
