▶ 徽章陈列室与小智交互
  ✔ 原生鼠标首次打开，触发器不被聊天框遮挡；再次点击可靠收起 (971.146ms)
  ✔ 鼠标拖动不打开、下一次点击打开；固定视口、输入与选择不误收起、空白关闭及键盘 (460.3143ms)
  ✔ 原生模拟触屏轻触只开一次、拖动后轻触、取消拖动后下一次轻触 (2309.2072ms)
  ✔ 五尺寸缩放夹紧、默认机器人不被浮窗覆盖、输入与关闭入口可见 (5018.4199ms)
  ✔ 姓名旁徽章入口与账号头像保留；我的旧陈列及徽章页签移除，课程返回有效 (2234.6144ms)
  ✔ 零获得与授权未获得定义，灰度下方稳定顺序，没有虚构后七课 (2856.4866ms)
  ✔ 真实原规则满足后授予，去看看定位新徽章；重复读取与另一标签不重复反馈 (4517.0876ms)
  ✖ 五尺寸真实陈列与中央详情，Esc/遮罩关闭、焦点恢复、短屏内部滚动 (10476.334ms)
✖ 徽章陈列室与小智交互 (33873.8924ms)
ℹ tests 9
ℹ suites 0
ℹ pass 7
ℹ fail 2
ℹ cancelled 0
ℹ skipped 0
ℹ todo 0
ℹ duration_ms 34742.0158

✖ failing tests:

test at tests\badge-room.browser.test.js:17:134
✖ 五尺寸真实陈列与中央详情，Esc/遮罩关闭、焦点恢复、短屏内部滚动 (10476.334ms)
  AssertionError [ERR_ASSERTION]: The expression evaluated to a falsy value:
  
    assert.ok(Math.abs((r.x+r.width/2)-width/2)<8)
  
      at file:///C:/Users/shr/Desktop/nmg%E5%89%8D%E7%AB%AF/app/tests/badge-room.browser.test.js:44:349
      at async TestContext.<anonymous> (file:///C:/Users/shr/Desktop/nmg%E5%89%8D%E7%AB%AF/app/tests/badge-room.browser.test.js:17:158)
      at async Test.run (node:internal/test_runner/test:1373:7)
      at async scene (file:///C:/Users/shr/Desktop/nmg%E5%89%8D%E7%AB%AF/app/tests/badge-room.browser.test.js:17:126)
      at async TestContext.<anonymous> (file:///C:/Users/shr/Desktop/nmg%E5%89%8D%E7%AB%AF/app/tests/badge-room.browser.test.js:43:2)
      at async Test.run (node:internal/test_runner/test:1373:7)
      at async startSubtestAfterBootstrap (node:internal/test_runner/harness:387:3) {
    generatedMessage: true,
    code: 'ERR_ASSERTION',
    actual: false,
    expected: true,
    operator: '==',
    diff: 'simple'
  }

test at tests\badge-room.browser.test.js:4:1
✖ 徽章陈列室与小智交互 (33873.8924ms)
  AssertionError [ERR_ASSERTION]: The expression evaluated to a falsy value:
  
    assert.ok(Math.abs((r.x+r.width/2)-width/2)<8)
  
      at file:///C:/Users/shr/Desktop/nmg%E5%89%8D%E7%AB%AF/app/tests/badge-room.browser.test.js:44:349
      at async TestContext.<anonymous> (file:///C:/Users/shr/Desktop/nmg%E5%89%8D%E7%AB%AF/app/tests/badge-room.browser.test.js:17:158)
      at async Test.run (node:internal/test_runner/test:1373:7)
      at async scene (file:///C:/Users/shr/Desktop/nmg%E5%89%8D%E7%AB%AF/app/tests/badge-room.browser.test.js:17:126)
      at async TestContext.<anonymous> (file:///C:/Users/shr/Desktop/nmg%E5%89%8D%E7%AB%AF/app/tests/badge-room.browser.test.js:43:2)
      at async Test.run (node:internal/test_runner/test:1373:7)
      at async startSubtestAfterBootstrap (node:internal/test_runner/harness:387:3) {
    generatedMessage: true,
    code: 'ERR_ASSERTION',
    actual: false,
    expected: true,
    operator: '==',
    diff: 'simple'
  }
