▶ 徽章陈列室与小智交互
  ✔ 原生鼠标首次打开，触发器不被聊天框遮挡；再次点击可靠收起 (1168.9569ms)
  ✔ 鼠标拖动不打开、下一次点击打开；固定视口、输入与选择不误收起、空白关闭及键盘 (531.683ms)
  ✔ 原生模拟触屏轻触只开一次、拖动后轻触、取消拖动后下一次轻触 (2399.2322ms)
  ✖ 五尺寸缩放夹紧、默认机器人不被浮窗覆盖、输入与关闭入口可见 (11567.6974ms)
✖ 徽章陈列室与小智交互 (21560.5839ms)
ℹ tests 5
ℹ suites 0
ℹ pass 3
ℹ fail 2
ℹ cancelled 0
ℹ skipped 0
ℹ todo 0
ℹ duration_ms 22431.7179

✖ failing tests:

test at tests\badge-room.browser.test.js:17:134
✖ 五尺寸缩放夹紧、默认机器人不被浮窗覆盖、输入与关闭入口可见 (11567.6974ms)
  locator.click: Timeout 10000ms exceeded.
  Call log:
  [2m  - waiting for getByRole('button', { name: '关闭学习伙伴' })[22m
  
      at C:\Users\shr\Desktop\nmg前端\app\tests\badge-room.browser.test.js:32:523
      at async TestContext.<anonymous> (C:\Users\shr\Desktop\nmg前端\app\tests\badge-room.browser.test.js:17:158)
      at async scene (C:\Users\shr\Desktop\nmg前端\app\tests\badge-room.browser.test.js:17:126)
      at async TestContext.<anonymous> (C:\Users\shr\Desktop\nmg前端\app\tests\badge-room.browser.test.js:31:2) {
    name: 'TimeoutError',
    log: [ "  - waiting for getByRole('button', { name: '关闭学习伙伴' })" ]
  }

test at tests\badge-room.browser.test.js:4:1
✖ 徽章陈列室与小智交互 (21560.5839ms)
  locator.click: Timeout 10000ms exceeded.
  Call log:
  [2m  - waiting for getByRole('button', { name: '关闭学习伙伴' })[22m
  
      at C:\Users\shr\Desktop\nmg前端\app\tests\badge-room.browser.test.js:32:523
      at async TestContext.<anonymous> (C:\Users\shr\Desktop\nmg前端\app\tests\badge-room.browser.test.js:17:158)
      at async scene (C:\Users\shr\Desktop\nmg前端\app\tests\badge-room.browser.test.js:17:126)
      at async TestContext.<anonymous> (C:\Users\shr\Desktop\nmg前端\app\tests\badge-room.browser.test.js:31:2) {
    name: 'TimeoutError',
    log: [ "  - waiting for getByRole('button', { name: '关闭学习伙伴' })" ]
  }
