▶ 徽章陈列室与小智交互
  ✔ 原生鼠标首次打开，触发器不被聊天框遮挡；再次点击可靠收起 (970.2417ms)
  ✔ 鼠标拖动不打开、下一次点击打开；固定视口、输入与选择不误收起、空白关闭及键盘 (446.2674ms)
  ✔ 原生模拟触屏轻触只开一次、拖动后轻触、取消拖动后下一次轻触 (2331.8361ms)
  ✔ 五尺寸缩放夹紧、默认机器人不被浮窗覆盖、输入与关闭入口可见 (4951.9257ms)
  ✔ 姓名旁徽章入口与账号头像保留；我的旧陈列及徽章页签移除，课程返回有效 (2026.5666ms)
  ✔ 零获得与授权未获得定义，灰度下方稳定顺序，没有虚构后七课 (2866.6998ms)
  ✔ 真实原规则满足后授予，去看看定位新徽章；重复读取与另一标签不重复反馈 (3971.6257ms)
  ✖ 五尺寸真实陈列与中央详情，Esc/遮罩关闭、焦点恢复、短屏内部滚动 (12027.4489ms)
✖ 徽章陈列室与小智交互 (34639.2751ms)
ℹ tests 9
ℹ suites 0
ℹ pass 7
ℹ fail 2
ℹ cancelled 0
ℹ skipped 0
ℹ todo 0
ℹ duration_ms 35495.5888

✖ failing tests:

test at tests\badge-room.browser.test.js:17:134
✖ 五尺寸真实陈列与中央详情，Esc/遮罩关闭、焦点恢复、短屏内部滚动 (12027.4489ms)
  locator.waitFor: Timeout 10000ms exceeded.
  Call log:
  [2m  - waiting for locator('.badge-room-modal .ant-modal-content') to be visible[22m
  
      at C:\Users\shr\Desktop\nmg前端\app\tests\badge-room.browser.test.js:44:295
      at async TestContext.<anonymous> (C:\Users\shr\Desktop\nmg前端\app\tests\badge-room.browser.test.js:17:158)
      at async scene (C:\Users\shr\Desktop\nmg前端\app\tests\badge-room.browser.test.js:17:126)
      at async TestContext.<anonymous> (C:\Users\shr\Desktop\nmg前端\app\tests\badge-room.browser.test.js:43:2) {
    name: 'TimeoutError',
    log: [ "  - waiting for locator('.badge-room-modal .ant-modal-content') to be visible" ]
  }

test at tests\badge-room.browser.test.js:4:1
✖ 徽章陈列室与小智交互 (34639.2751ms)
  locator.waitFor: Timeout 10000ms exceeded.
  Call log:
  [2m  - waiting for locator('.badge-room-modal .ant-modal-content') to be visible[22m
  
      at C:\Users\shr\Desktop\nmg前端\app\tests\badge-room.browser.test.js:44:295
      at async TestContext.<anonymous> (C:\Users\shr\Desktop\nmg前端\app\tests\badge-room.browser.test.js:17:158)
      at async scene (C:\Users\shr\Desktop\nmg前端\app\tests\badge-room.browser.test.js:17:126)
      at async TestContext.<anonymous> (C:\Users\shr\Desktop\nmg前端\app\tests\badge-room.browser.test.js:43:2) {
    name: 'TimeoutError',
    log: [ "  - waiting for locator('.badge-room-modal .ant-modal-content') to be visible" ]
  }
