▶ 徽章陈列室与小智交互
  ✔ 原生鼠标首次打开，触发器不被聊天框遮挡；再次点击可靠收起 (1223.966ms)
  ✔ 鼠标拖动不打开、下一次点击打开；固定视口、输入与选择不误收起、空白关闭及键盘 (436.0341ms)
  ✔ 原生模拟触屏轻触只开一次、拖动后轻触、取消拖动后下一次轻触 (2238.5962ms)
  ✔ 五尺寸缩放夹紧、默认机器人不被浮窗覆盖、输入与关闭入口可见 (4807.3125ms)
  ✖ 姓名旁徽章入口与账号头像保留；我的旧陈列及徽章页签移除，课程返回有效 (12438.038ms)
✖ 徽章陈列室与小智交互 (26219.6944ms)
ℹ tests 6
ℹ suites 0
ℹ pass 4
ℹ fail 2
ℹ cancelled 0
ℹ skipped 0
ℹ todo 0
ℹ duration_ms 27079.5358

✖ failing tests:

test at tests\badge-room.browser.test.js:17:134
✖ 姓名旁徽章入口与账号头像保留；我的旧陈列及徽章页签移除，课程返回有效 (12438.038ms)
  locator.click: Timeout 10000ms exceeded.
  Call log:
  [2m  - waiting for getByRole('link', { name: '返回来源课程 →', exact: true })[22m
  
      at C:\Users\shr\Desktop\nmg前端\app\tests\badge-room.browser.test.js:35:784
      at async TestContext.<anonymous> (C:\Users\shr\Desktop\nmg前端\app\tests\badge-room.browser.test.js:17:158)
      at async scene (C:\Users\shr\Desktop\nmg前端\app\tests\badge-room.browser.test.js:17:126)
      at async TestContext.<anonymous> (C:\Users\shr\Desktop\nmg前端\app\tests\badge-room.browser.test.js:34:2) {
    name: 'TimeoutError',
    log: [ "  - waiting for getByRole('link', { name: '返回来源课程 →', exact: true })" ]
  }

test at tests\badge-room.browser.test.js:4:1
✖ 徽章陈列室与小智交互 (26219.6944ms)
  locator.click: Timeout 10000ms exceeded.
  Call log:
  [2m  - waiting for getByRole('link', { name: '返回来源课程 →', exact: true })[22m
  
      at C:\Users\shr\Desktop\nmg前端\app\tests\badge-room.browser.test.js:35:784
      at async TestContext.<anonymous> (C:\Users\shr\Desktop\nmg前端\app\tests\badge-room.browser.test.js:17:158)
      at async scene (C:\Users\shr\Desktop\nmg前端\app\tests\badge-room.browser.test.js:17:126)
      at async TestContext.<anonymous> (C:\Users\shr\Desktop\nmg前端\app\tests\badge-room.browser.test.js:34:2) {
    name: 'TimeoutError',
    log: [ "  - waiting for getByRole('link', { name: '返回来源课程 →', exact: true })" ]
  }
