▶ 徽章陈列室与小智交互
  ✔ 原生鼠标首次打开，触发器不被聊天框遮挡；再次点击可靠收起 (975.3359ms)
  ✔ 鼠标拖动不打开、下一次点击打开；固定视口、输入与选择不误收起、空白关闭及键盘 (393.7453ms)
  ✖ 原生模拟触屏轻触只开一次、拖动后轻触、取消拖动后下一次轻触 (32433.284ms)
✖ 徽章陈列室与小智交互 (38903.3663ms)
ℹ tests 4
ℹ suites 0
ℹ pass 2
ℹ fail 2
ℹ cancelled 0
ℹ skipped 0
ℹ todo 0
ℹ duration_ms 39768.9719

✖ failing tests:

test at tests\badge-room.browser.test.js:17:51
✖ 原生模拟触屏轻触只开一次、拖动后轻触、取消拖动后下一次轻触 (32433.284ms)
  locator.waitFor: Timeout 30000ms exceeded.
  Call log:
  [2m  - waiting for locator('#course-chat') to be visible[22m
  [2m    63 × locator resolved to hidden <section hidden="" role="dialog" id="course-chat" aria-modal="true" class="course-chat" aria-labelledby="course-chat-title">…</section>[22m
  
      at C:\Users\shr\Desktop\nmg前端\app\tests\badge-room.browser.test.js:29:391
      at async TestContext.<anonymous> (C:\Users\shr\Desktop\nmg前端\app\tests\badge-room.browser.test.js:17:75)
      at async scene (C:\Users\shr\Desktop\nmg前端\app\tests\badge-room.browser.test.js:17:43)
      at async TestContext.<anonymous> (C:\Users\shr\Desktop\nmg前端\app\tests\badge-room.browser.test.js:27:2) {
    name: 'TimeoutError',
    log: [ "  - waiting for locator('#course-chat') to be visible", '    63 × locator resolved to hidden <section hidden="" role="dialog" id="course-chat" aria-modal="true" class="course-chat" aria-labelledby="course-chat-title">…</section>' ]
  }

test at tests\badge-room.browser.test.js:4:1
✖ 徽章陈列室与小智交互 (38903.3663ms)
  locator.waitFor: Timeout 30000ms exceeded.
  Call log:
  [2m  - waiting for locator('#course-chat') to be visible[22m
  [2m    63 × locator resolved to hidden <section hidden="" role="dialog" id="course-chat" aria-modal="true" class="course-chat" aria-labelledby="course-chat-title">…</section>[22m
  
      at C:\Users\shr\Desktop\nmg前端\app\tests\badge-room.browser.test.js:29:391
      at async TestContext.<anonymous> (C:\Users\shr\Desktop\nmg前端\app\tests\badge-room.browser.test.js:17:75)
      at async scene (C:\Users\shr\Desktop\nmg前端\app\tests\badge-room.browser.test.js:17:43)
      at async TestContext.<anonymous> (C:\Users\shr\Desktop\nmg前端\app\tests\badge-room.browser.test.js:27:2) {
    name: 'TimeoutError',
    log: [ "  - waiting for locator('#course-chat') to be visible", '    63 × locator resolved to hidden <section hidden="" role="dialog" id="course-chat" aria-modal="true" class="course-chat" aria-labelledby="course-chat-title">…</section>' ]
  }
