
> star-voyage-student@0.1.0 build:teaching
> npm --prefix frontend run build -- --outDir ../build/teaching


> frontend@0.0.0 build
> vite build --outDir ../build/teaching

vite v8.2.1 building client environment for production...
transforming...
✓ 3347 modules transformed.

(!) outDir C:\Users\shr\Desktop\nmg前端\app\build\teaching is not inside project root and will not be emptied.
Use --emptyOutDir to override.

rendering chunks...
computing gzip size...
../build/teaching/index.html                                   4.42 kB │ gzip:   1.11 kB
../build/teaching/assets/Detail-Do4OPE-1.css                   2.13 kB │ gzip:   0.75 kB
../build/teaching/assets/BadgeRoom-VBvX91HD.css                5.07 kB │ gzip:   1.63 kB
../build/teaching/assets/pixel-archive-DrFSakwf.css            7.36 kB │ gzip:   1.62 kB
../build/teaching/assets/StudyUI-DW7b9n1k.css                 11.51 kB │ gzip:   2.39 kB
../build/teaching/assets/pixel-service-m6kMJ5eZ.css           11.68 kB │ gzip:   2.54 kB
../build/teaching/assets/Rewards-CUbCjl-g.css                 12.01 kB │ gzip:   2.44 kB
../build/teaching/assets/pixel-compatibility-CA-01HOA.css     12.35 kB │ gzip:   2.51 kB
../build/teaching/assets/index-B7tql53Y.css                   96.32 kB │ gzip:  18.87 kB
../build/teaching/assets/row-6Rb9TdE0.js                       0.06 kB │ gzip:   0.08 kB
../build/teaching/assets/maintenanceCopy-CWjvRtdk.js           0.08 kB │ gzip:   0.10 kB
../build/teaching/assets/pixel-service-D3JOwYYu.js             0.27 kB │ gzip:   0.21 kB
../build/teaching/assets/FeedbackPriorityTag-xs0kHovo.js       0.29 kB │ gzip:   0.23 kB
../build/teaching/assets/StudentAlert-C3cwnPnN.js              0.29 kB │ gzip:   0.20 kB
../build/teaching/assets/FeedbackStatusTag-CvPEA3ET.js         0.29 kB │ gzip:   0.23 kB
../build/teaching/assets/RoleSentence-BOBW1Jpg.js              0.30 kB │ gzip:   0.22 kB
../build/teaching/assets/collapse-DNXyBCq_.js                  0.38 kB │ gzip:   0.22 kB
../build/teaching/assets/pixel-compatibility-B4afX8ky.js       0.40 kB │ gzip:   0.29 kB
../build/teaching/assets/status-DBP9YKGo.js                    0.44 kB │ gzip:   0.26 kB
../build/teaching/assets/useMergedMask-cXtqVIG9.js             0.46 kB │ gzip:   0.31 kB
../build/teaching/assets/reflectionModel-DxCF7T3N.js           0.52 kB │ gzip:   0.28 kB
../build/teaching/assets/AsyncPageState-gBLuXapS.js            0.55 kB │ gzip:   0.38 kB
../build/teaching/assets/feedbackFiles-Cn2f_MxU.js             0.65 kB │ gzip:   0.45 kB
../build/teaching/assets/EllipsisOutlined-L8HP3yvy.js          0.78 kB │ gzip:   0.49 kB
../build/teaching/assets/LeftOutlined-C7wNpSrR.js              0.83 kB │ gzip:   0.57 kB
../build/teaching/assets/RightOutlined-B5e5zpSo.js             0.83 kB │ gzip:   0.57 kB
../build/teaching/assets/useRemote-BdNV2J0A.js                 0.85 kB │ gzip:   0.50 kB
../build/teaching/assets/TeachingSections-CfvFKlXB.js          0.86 kB │ gzip:   0.42 kB
../build/teaching/assets/ArrowLeftOutlined-BNzd8sbO.js         0.87 kB │ gzip:   0.61 kB
../build/teaching/assets/FileOutlined-CpgJyLox.js              0.88 kB │ gzip:   0.61 kB
../build/teaching/assets/ActionButton-Dpv5Wp1u.js              0.89 kB │ gzip:   0.55 kB
../build/teaching/assets/OpenReflectionForm-FmVek42m.js        0.92 kB │ gzip:   0.53 kB
../build/teaching/assets/model-BtG1rbS-.js                     0.95 kB │ gzip:   0.62 kB
../build/teaching/assets/DownloadOutlined-BUMvOlSP.js          0.95 kB │ gzip:   0.62 kB
../build/teaching/assets/TempPasswordModal-Baa5WU3R.js         0.99 kB │ gzip:   0.54 kB
../build/teaching/assets/PurePanel-C7yLbCih.js                 1.02 kB │ gzip:   0.64 kB
../build/teaching/assets/EyeOutlined-BS1JEE4y.js               1.13 kB │ gzip:   0.71 kB
../build/teaching/assets/LegacyEntry-BRCP5vMY.js               1.14 kB │ gzip:   0.69 kB
../build/teaching/assets/SearchOutlined-c_1VG0Ly.js            1.16 kB │ gzip:   0.73 kB
../build/teaching/assets/useClosable-CHB9tX96.js               1.28 kB │ gzip:   0.68 kB
../build/teaching/assets/FeedbackFilters-D58Aw0NW.js           1.30 kB │ gzip:   0.55 kB
../build/teaching/assets/modal-k5bgsLGO.js                     1.40 kB │ gzip:   0.76 kB
../build/teaching/assets/NotificationLevelTag-D-Erpw4S.js      1.43 kB │ gzip:   0.72 kB
../build/teaching/assets/feedback-BvW8N5DV.js                  1.59 kB │ gzip:   0.70 kB
../build/teaching/assets/RocketOutlined-CaGrtR58.js            1.60 kB │ gzip:   0.99 kB
../build/teaching/assets/useBreakpoint-DJrnFNLl.js             1.85 kB │ gzip:   0.90 kB
../build/teaching/assets/ArchiveRecords-5ahWHNxN.js            1.89 kB │ gzip:   0.86 kB
../build/teaching/assets/style-EuNA-pGC.js                     1.97 kB │ gzip:   0.83 kB
../build/teaching/assets/StudentList-5A8aiH1M.js               2.12 kB │ gzip:   1.15 kB
../build/teaching/assets/Input-BiGMf8L-.js                     2.43 kB │ gzip:   1.16 kB
../build/teaching/assets/date-D3egdRiN.js                      2.43 kB │ gzip:   1.08 kB
../build/teaching/assets/row-C3RADEfT.js                       2.52 kB │ gzip:   1.31 kB
../build/teaching/assets/School-BTzVtq0t.js                    2.57 kB │ gzip:   1.27 kB
../build/teaching/assets/Dashboard-DhP-gTDz.js                 2.57 kB │ gzip:   1.13 kB
../build/teaching/assets/List-DHgLxSqr.js                      2.71 kB │ gzip:   1.30 kB
../build/teaching/assets/ContentHub-BJZ_JbsT.js                2.82 kB │ gzip:   1.43 kB
../build/teaching/assets/Detail-B_jOtyWV.js                    2.84 kB │ gzip:   1.39 kB
../build/teaching/assets/ChangePassword-yFM_e-hZ.js            3.01 kB │ gzip:   1.46 kB
../build/teaching/assets/style-DF0Q0OcP.js                     3.16 kB │ gzip:   1.22 kB
../build/teaching/assets/AISettings-DyvooEfh.js                3.35 kB │ gzip:   1.56 kB
../build/teaching/assets/List-7KaxqAkJ.js                      3.50 kB │ gzip:   1.71 kB
../build/teaching/assets/popconfirm-qukr88dJ.js                3.58 kB │ gzip:   1.59 kB
../build/teaching/assets/AIKnowledge-DZw6TwFg.js               3.84 kB │ gzip:   1.82 kB
../build/teaching/assets/Sentence-Dil4czXb.js                  3.91 kB │ gzip:   1.76 kB
../build/teaching/assets/AuthContext-CU3_ur3R.js               3.97 kB │ gzip:   1.74 kB
../build/teaching/assets/archiveModel-Cwf45Rhq.js              3.99 kB │ gzip:   1.91 kB
../build/teaching/assets/statistic-hW7s-q0j.js                 4.13 kB │ gzip:   1.91 kB
../build/teaching/assets/List-qo7dcMNH.js                      4.17 kB │ gzip:   1.91 kB
../build/teaching/assets/ReviewList-BKRgScDP.js                4.20 kB │ gzip:   2.00 kB
../build/teaching/assets/StudentDetail-BIQPLyYp.js             4.35 kB │ gzip:   1.77 kB
../build/teaching/assets/Form-DmTJ__py.js                      4.42 kB │ gzip:   1.95 kB
../build/teaching/assets/useForm-BogvmrCK.js                   4.75 kB │ gzip:   2.13 kB
../build/teaching/assets/empty-BIh3NlJv.js                     4.75 kB │ gzip:   2.06 kB
../build/teaching/assets/Form-C45krxvS.js                      4.84 kB │ gzip:   2.19 kB
../build/teaching/assets/Detail-C_O1i9A5.js                    5.00 kB │ gzip:   2.19 kB
../build/teaching/assets/space-D9DIXT-n.js                     5.08 kB │ gzip:   2.09 kB
../build/teaching/assets/StudyUI-Cb1i5iAL.js                   5.17 kB │ gzip:   2.23 kB
../build/teaching/assets/Manage-xr3VPyhv.js                    5.34 kB │ gzip:   2.45 kB
../build/teaching/assets/Upload-DB6Iy1A9.js                    5.57 kB │ gzip:   2.01 kB
../build/teaching/assets/ReviewDetail-B5qubRlG.js              6.14 kB │ gzip:   2.70 kB
../build/teaching/assets/AI-B9VilLz-.js                        6.28 kB │ gzip:   3.02 kB
../build/teaching/assets/es-Dcy0jCE5.js                        6.39 kB │ gzip:   2.57 kB
../build/teaching/assets/alert-DlLxmHzs.js                     6.40 kB │ gzip:   2.70 kB
../build/teaching/assets/Reflection-JiOzMZ9q.js                7.25 kB │ gzip:   2.45 kB
../build/teaching/assets/List-6ruzRTOc.js                      7.32 kB │ gzip:   2.80 kB
../build/teaching/assets/List-CJL98OVI.js                      7.33 kB │ gzip:   2.99 kB
../build/teaching/assets/Learning-BU1z6odw.js                  7.40 kB │ gzip:   2.56 kB
../build/teaching/assets/BadgeRoom-Dpy3MJA2.js                 7.42 kB │ gzip:   2.64 kB
../build/teaching/assets/spin-DjYBzeCH.js                      7.50 kB │ gzip:   3.11 kB
../build/teaching/assets/switch-CAiQE3bi.js                    7.53 kB │ gzip:   2.58 kB
../build/teaching/assets/dayjs.min-CLFftfrj.js                 7.84 kB │ gzip:   3.38 kB
../build/teaching/assets/tag-DTg4heln.js                       8.57 kB │ gzip:   3.38 kB
../build/teaching/assets/CopyReview-D43wUYnU.js                8.78 kB │ gzip:   3.62 kB
../build/teaching/assets/LessonContentEditor-wG8t_fMc.js       8.83 kB │ gzip:   3.36 kB
../build/teaching/assets/Detail-DCzzkJxl.js                    9.12 kB │ gzip:   3.67 kB
../build/teaching/assets/Personal-D_AmUql6.js                  9.26 kB │ gzip:   3.30 kB
../build/teaching/assets/card-DAZjOyAQ.js                      9.29 kB │ gzip:   3.27 kB
../build/teaching/assets/skeleton-DvnCHZMN.js                  9.44 kB │ gzip:   3.23 kB
../build/teaching/assets/list-CDEEChao.js                      9.73 kB │ gzip:   3.64 kB
../build/teaching/assets/Index-CWD3bGCE.js                     9.94 kB │ gzip:   3.63 kB
../build/teaching/assets/Detail-BSQcnDMW.js                   10.74 kB │ gzip:   4.43 kB
../build/teaching/assets/input-DOJgemLP.js                    11.10 kB │ gzip:   5.15 kB
../build/teaching/assets/Detail-CQ8lnBoe.js                   12.27 kB │ gzip:   4.14 kB
../build/teaching/assets/Rewards-C6oE8_vs.js                  14.07 kB │ gzip:   4.79 kB
../build/teaching/assets/List-DcIjusjO.js                     14.38 kB │ gzip:   4.99 kB
../build/teaching/assets/progress-D_xfkI7m.js                 14.85 kB │ gzip:   5.73 kB
../build/teaching/assets/checkbox-D10cNcCl.js                 15.10 kB │ gzip:   5.29 kB
../build/teaching/assets/Index-CHL39zBQ.js                    18.81 kB │ gzip:   5.87 kB
../build/teaching/assets/input-number-3k1wo-gc.js             20.99 kB │ gzip:   7.61 kB
../build/teaching/assets/pagination-G7Z0EeN4.js               24.13 kB │ gzip:   7.26 kB
../build/teaching/assets/useModal-3F6hHbRT.js                 25.28 kB │ gzip:   8.73 kB
../build/teaching/assets/LessonLearn-Divmvc3j.js              25.33 kB │ gzip:   8.06 kB
../build/teaching/assets/UploadOutlined-cItcBSl5.js           31.86 kB │ gzip:  11.37 kB
../build/teaching/assets/result-D2EMRQdp.js                   34.55 kB │ gzip:  10.84 kB
../build/teaching/assets/timeline-BGvDDj9f.js                 36.36 kB │ gzip:  10.32 kB
../build/teaching/assets/typography-BFB6kHCx.js               38.19 kB │ gzip:  13.41 kB
../build/teaching/assets/chunk-62JRHF6Z-DnuMZQZR.js           39.32 kB │ gzip:  14.19 kB
../build/teaching/assets/tree--vhIZlWg.js                     50.47 kB │ gzip:  15.62 kB
../build/teaching/assets/Detail-StJ_VHM2.js                   53.26 kB │ gzip:  15.44 kB
../build/teaching/assets/tabs-CANZUi8-.js                     58.15 kB │ gzip:  18.50 kB
../build/teaching/assets/Simulator-Be6v-FK_.js                59.26 kB │ gzip:  20.71 kB
../build/teaching/assets/select-CDUCYpM-.js                   69.35 kB │ gzip:  23.66 kB
../build/teaching/assets/TextArea-BqrWp7pz.js                 79.41 kB │ gzip:  25.04 kB
../build/teaching/assets/table-Cty5uX-L.js                    91.00 kB │ gzip:  30.31 kB
../build/teaching/assets/index-CMUqd0HC.js                   260.67 kB │ gzip:  81.87 kB
../build/teaching/assets/jsx-runtime-Baoq56kD.js           1,209.80 kB │ gzip: 234.26 kB

✓ built in 1.74s
[plugin builtin:vite-reporter] 
(!) Some chunks are larger than 500 kB after minification. Consider:
- Using dynamic import() to code-split the application
- Use build.rolldownOptions.output.codeSplitting to improve chunking: https://rolldown.rs/reference/OutputOptions.codeSplitting
- Adjust chunk size limit for this warning via build.chunkSizeWarningLimit.
