
> star-voyage-student@0.1.0 build:teaching
> npm --prefix frontend run build -- --outDir ../build/teaching


> frontend@0.0.0 build
> vite build --outDir ../build/teaching

vite v8.2.1 building client environment for production...
transforming...
✓ 3347 modules transformed.

(!) outDir C:\Users\shr\Desktop\nmg前端\app\build\teaching is not inside project root and will not be emptied.
Use --emptyOutDir to override.

rendering chunks...
computing gzip size...
../build/teaching/index.html                                   4.42 kB │ gzip:   1.11 kB
../build/teaching/assets/Detail-Do4OPE-1.css                   2.13 kB │ gzip:   0.75 kB
../build/teaching/assets/BadgeRoom-B4UBh3N4.css                5.04 kB │ gzip:   1.62 kB
../build/teaching/assets/pixel-archive-DrFSakwf.css            7.36 kB │ gzip:   1.62 kB
../build/teaching/assets/StudyUI-DW7b9n1k.css                 11.51 kB │ gzip:   2.39 kB
../build/teaching/assets/pixel-service-m6kMJ5eZ.css           11.68 kB │ gzip:   2.54 kB
../build/teaching/assets/Rewards-CUbCjl-g.css                 12.01 kB │ gzip:   2.44 kB
../build/teaching/assets/pixel-compatibility-CA-01HOA.css     12.35 kB │ gzip:   2.51 kB
../build/teaching/assets/index-B7tql53Y.css                   96.32 kB │ gzip:  18.87 kB
../build/teaching/assets/row-5VWTMdsD.js                       0.06 kB │ gzip:   0.08 kB
../build/teaching/assets/maintenanceCopy-C2DXzoYd.js           0.08 kB │ gzip:   0.10 kB
../build/teaching/assets/pixel-service-NXR0CCFs.js             0.27 kB │ gzip:   0.21 kB
../build/teaching/assets/FeedbackPriorityTag-DFfMXM37.js       0.29 kB │ gzip:   0.23 kB
../build/teaching/assets/StudentAlert-BQ7ZsaV5.js              0.29 kB │ gzip:   0.20 kB
../build/teaching/assets/FeedbackStatusTag-DNPqlgzM.js         0.29 kB │ gzip:   0.24 kB
../build/teaching/assets/RoleSentence-CXCqiy5p.js              0.30 kB │ gzip:   0.22 kB
../build/teaching/assets/collapse-DNXyBCq_.js                  0.38 kB │ gzip:   0.22 kB
../build/teaching/assets/pixel-compatibility-rPAmSbOc.js       0.40 kB │ gzip:   0.29 kB
../build/teaching/assets/status-DIOYkYxW.js                    0.44 kB │ gzip:   0.26 kB
../build/teaching/assets/useMergedMask-DbDml_ym.js             0.46 kB │ gzip:   0.31 kB
../build/teaching/assets/reflectionModel-DxCF7T3N.js           0.52 kB │ gzip:   0.28 kB
../build/teaching/assets/AsyncPageState-C44UuPSn.js            0.55 kB │ gzip:   0.38 kB
../build/teaching/assets/feedbackFiles-BRj2PInj.js             0.65 kB │ gzip:   0.45 kB
../build/teaching/assets/EllipsisOutlined-CS2CIYqG.js          0.78 kB │ gzip:   0.49 kB
../build/teaching/assets/LeftOutlined-OG4W-NX5.js              0.83 kB │ gzip:   0.57 kB
../build/teaching/assets/RightOutlined-VLgJQSwK.js             0.83 kB │ gzip:   0.57 kB
../build/teaching/assets/useRemote-5mD_A_Pw.js                 0.85 kB │ gzip:   0.50 kB
../build/teaching/assets/TeachingSections-rvsu_Pkp.js          0.86 kB │ gzip:   0.42 kB
../build/teaching/assets/ArrowLeftOutlined-KOOvV7e5.js         0.87 kB │ gzip:   0.61 kB
../build/teaching/assets/FileOutlined-YILWkwE3.js              0.88 kB │ gzip:   0.60 kB
../build/teaching/assets/ActionButton-xH6s9ThC.js              0.89 kB │ gzip:   0.54 kB
../build/teaching/assets/OpenReflectionForm-B4zXEytj.js        0.92 kB │ gzip:   0.53 kB
../build/teaching/assets/model-BSKXc9gn.js                     0.95 kB │ gzip:   0.62 kB
../build/teaching/assets/DownloadOutlined-CvKsbCJd.js          0.95 kB │ gzip:   0.62 kB
../build/teaching/assets/TempPasswordModal-C-_obDlZ.js         0.99 kB │ gzip:   0.54 kB
../build/teaching/assets/PurePanel-DktWTIzW.js                 1.02 kB │ gzip:   0.63 kB
../build/teaching/assets/EyeOutlined-D3cxp-J3.js               1.13 kB │ gzip:   0.71 kB
../build/teaching/assets/LegacyEntry-BRZzE6dW.js               1.14 kB │ gzip:   0.69 kB
../build/teaching/assets/SearchOutlined-B7DMR3XF.js            1.16 kB │ gzip:   0.72 kB
../build/teaching/assets/useClosable-r_ePcDYf.js               1.28 kB │ gzip:   0.67 kB
../build/teaching/assets/FeedbackFilters-D70I0R7G.js           1.30 kB │ gzip:   0.55 kB
../build/teaching/assets/modal-DBqZbtZC.js                     1.40 kB │ gzip:   0.76 kB
../build/teaching/assets/NotificationLevelTag-VM54Gwdg.js      1.43 kB │ gzip:   0.72 kB
../build/teaching/assets/feedback-BSArgIPV.js                  1.59 kB │ gzip:   0.70 kB
../build/teaching/assets/RocketOutlined-Dt-tDwsQ.js            1.60 kB │ gzip:   0.99 kB
../build/teaching/assets/useBreakpoint-wWznT6CU.js             1.85 kB │ gzip:   0.89 kB
../build/teaching/assets/ArchiveRecords-FXVmjq6H.js            1.89 kB │ gzip:   0.86 kB
../build/teaching/assets/style-DdF-h3oa.js                     1.97 kB │ gzip:   0.83 kB
../build/teaching/assets/StudentList-DjAJsuWe.js               2.12 kB │ gzip:   1.14 kB
../build/teaching/assets/Input-BURdLndU.js                     2.43 kB │ gzip:   1.16 kB
../build/teaching/assets/date-D3egdRiN.js                      2.43 kB │ gzip:   1.08 kB
../build/teaching/assets/row-zwo9LPlD.js                       2.52 kB │ gzip:   1.31 kB
../build/teaching/assets/School-BWmIJP0h.js                    2.57 kB │ gzip:   1.27 kB
../build/teaching/assets/Dashboard-BaV-9bsY.js                 2.57 kB │ gzip:   1.13 kB
../build/teaching/assets/List-B7wTfo18.js                      2.71 kB │ gzip:   1.30 kB
../build/teaching/assets/ContentHub-DlEQA5Xj.js                2.82 kB │ gzip:   1.43 kB
../build/teaching/assets/Detail-DB4EENIb.js                    2.84 kB │ gzip:   1.39 kB
../build/teaching/assets/ChangePassword-WpTixWAS.js            3.01 kB │ gzip:   1.46 kB
../build/teaching/assets/style-DAFRbhL2.js                     3.16 kB │ gzip:   1.22 kB
../build/teaching/assets/AISettings-BWWFxlyL.js                3.35 kB │ gzip:   1.55 kB
../build/teaching/assets/List-DvYtcid1.js                      3.50 kB │ gzip:   1.71 kB
../build/teaching/assets/popconfirm-C97syZ1a.js                3.58 kB │ gzip:   1.59 kB
../build/teaching/assets/AIKnowledge-Bn_Ed2H3.js               3.84 kB │ gzip:   1.82 kB
../build/teaching/assets/Sentence-Cb66Sfff.js                  3.91 kB │ gzip:   1.77 kB
../build/teaching/assets/AuthContext-DKBXqBIV.js               3.97 kB │ gzip:   1.74 kB
../build/teaching/assets/archiveModel-IH_sYwcu.js              3.99 kB │ gzip:   1.91 kB
../build/teaching/assets/statistic-B7a6MdMJ.js                 4.13 kB │ gzip:   1.91 kB
../build/teaching/assets/List-Cgqn8oIi.js                      4.17 kB │ gzip:   1.92 kB
../build/teaching/assets/ReviewList-AXOLqNZ-.js                4.20 kB │ gzip:   2.00 kB
../build/teaching/assets/StudentDetail-CA8AFOI3.js             4.35 kB │ gzip:   1.77 kB
../build/teaching/assets/Form-zHP3PEwk.js                      4.42 kB │ gzip:   1.95 kB
../build/teaching/assets/useForm-Ctzzkoe9.js                   4.75 kB │ gzip:   2.13 kB
../build/teaching/assets/empty-DNJxIeX6.js                     4.75 kB │ gzip:   2.06 kB
../build/teaching/assets/Form-DizSVGga.js                      4.84 kB │ gzip:   2.19 kB
../build/teaching/assets/Detail-DTPcOKx7.js                    5.00 kB │ gzip:   2.19 kB
../build/teaching/assets/space-E6ERf5K0.js                     5.08 kB │ gzip:   2.08 kB
../build/teaching/assets/StudyUI-BgpGvTrq.js                   5.17 kB │ gzip:   2.23 kB
../build/teaching/assets/Manage-CN-tqYSr.js                    5.34 kB │ gzip:   2.45 kB
../build/teaching/assets/Upload-CyymI-Dy.js                    5.57 kB │ gzip:   2.01 kB
../build/teaching/assets/ReviewDetail-DlWt8uZ7.js              6.14 kB │ gzip:   2.70 kB
../build/teaching/assets/AI-DZk76NYT.js                        6.28 kB │ gzip:   3.02 kB
../build/teaching/assets/es-Dn5SClW2.js                        6.39 kB │ gzip:   2.57 kB
../build/teaching/assets/alert-Co78xVVt.js                     6.40 kB │ gzip:   2.69 kB
../build/teaching/assets/BadgeRoom-CghIJkuP.js                 6.82 kB │ gzip:   2.37 kB
../build/teaching/assets/Reflection-56yr803f.js                7.25 kB │ gzip:   2.45 kB
../build/teaching/assets/List-DaPZ_WGb.js                      7.32 kB │ gzip:   2.81 kB
../build/teaching/assets/List-ClEVTsaB.js                      7.33 kB │ gzip:   2.99 kB
../build/teaching/assets/Learning-CiSxn3bL.js                  7.40 kB │ gzip:   2.57 kB
../build/teaching/assets/spin-BG2vpffI.js                      7.50 kB │ gzip:   3.11 kB
../build/teaching/assets/switch-C9TbZJjV.js                    7.53 kB │ gzip:   2.58 kB
../build/teaching/assets/dayjs.min-CLFftfrj.js                 7.84 kB │ gzip:   3.38 kB
../build/teaching/assets/tag-Bvs2mcUh.js                       8.57 kB │ gzip:   3.37 kB
../build/teaching/assets/CopyReview-CVdGyV5K.js                8.78 kB │ gzip:   3.62 kB
../build/teaching/assets/LessonContentEditor-CTXZTo8N.js       8.83 kB │ gzip:   3.36 kB
../build/teaching/assets/Detail-InSzevee.js                    9.12 kB │ gzip:   3.67 kB
../build/teaching/assets/Personal-i2yK_wN3.js                  9.26 kB │ gzip:   3.31 kB
../build/teaching/assets/card-CJ1wPcp-.js                      9.29 kB │ gzip:   3.27 kB
../build/teaching/assets/skeleton-DJ84TfBW.js                  9.44 kB │ gzip:   3.22 kB
../build/teaching/assets/list-C44J0xaT.js                      9.73 kB │ gzip:   3.63 kB
../build/teaching/assets/Index-COz5F_oe.js                     9.94 kB │ gzip:   3.63 kB
../build/teaching/assets/Detail-r5ijhjOA.js                   10.74 kB │ gzip:   4.43 kB
../build/teaching/assets/input-D_A0N3DD.js                    11.10 kB │ gzip:   5.15 kB
../build/teaching/assets/Detail-BKE3YAUG.js                   12.27 kB │ gzip:   4.15 kB
../build/teaching/assets/Rewards-BXGP0M1r.js                  14.07 kB │ gzip:   4.79 kB
../build/teaching/assets/List-DJMqyqck.js                     14.38 kB │ gzip:   4.99 kB
../build/teaching/assets/progress-CaJX_YPV.js                 14.85 kB │ gzip:   5.73 kB
../build/teaching/assets/checkbox-B29rZSq8.js                 15.10 kB │ gzip:   5.29 kB
../build/teaching/assets/Index-_R5fim9c.js                    18.81 kB │ gzip:   5.87 kB
../build/teaching/assets/input-number-DkqFj3wu.js             20.99 kB │ gzip:   7.61 kB
../build/teaching/assets/pagination-DwEDQHcE.js               24.13 kB │ gzip:   7.27 kB
../build/teaching/assets/useModal-C7Rkz5bp.js                 25.28 kB │ gzip:   8.72 kB
../build/teaching/assets/LessonLearn-CLFvo2uL.js              25.33 kB │ gzip:   8.07 kB
../build/teaching/assets/UploadOutlined-PsYAbEWY.js           31.86 kB │ gzip:  11.37 kB
../build/teaching/assets/result-mM96HG74.js                   34.55 kB │ gzip:  10.84 kB
../build/teaching/assets/timeline-De21iVIU.js                 36.36 kB │ gzip:  10.32 kB
../build/teaching/assets/typography-BPBQZxCb.js               38.19 kB │ gzip:  13.40 kB
../build/teaching/assets/chunk-62JRHF6Z-Nd3l37TP.js           39.32 kB │ gzip:  14.18 kB
../build/teaching/assets/tree-BxYteGmc.js                     50.47 kB │ gzip:  15.62 kB
../build/teaching/assets/Detail-OKCsx3bZ.js                   53.26 kB │ gzip:  15.44 kB
../build/teaching/assets/tabs-BStWt3Uy.js                     58.15 kB │ gzip:  18.49 kB
../build/teaching/assets/Simulator-CxlOgL0d.js                59.26 kB │ gzip:  20.72 kB
../build/teaching/assets/select-C7bTOF4g.js                   69.35 kB │ gzip:  23.66 kB
../build/teaching/assets/TextArea-C-b-kVqo.js                 79.41 kB │ gzip:  25.04 kB
../build/teaching/assets/table-CD1sObl8.js                    91.00 kB │ gzip:  30.31 kB
../build/teaching/assets/index-B9iS1FXM.js                   260.42 kB │ gzip:  81.78 kB
../build/teaching/assets/jsx-runtime-CzOtlahh.js           1,209.80 kB │ gzip: 234.25 kB

✓ built in 2.08s
[plugin builtin:vite-reporter] 
(!) Some chunks are larger than 500 kB after minification. Consider:
- Using dynamic import() to code-split the application
- Use build.rolldownOptions.output.codeSplitting to improve chunking: https://rolldown.rs/reference/OutputOptions.codeSplitting
- Adjust chunk size limit for this warning via build.chunkSizeWarningLimit.
