✔ 四份增量审阅可双击打开，稳定ID与当前基线一致，原46份仍保留 (3068.2504ms)
✔ 新文案点字、保存重开与变化项导出；脚本文字为纯文本，导入只改受控ID (3001.2573ms)
✖ 旧反馈字段改稿发生基线冲突时不覆盖迁移，其他人工文案和运势词库保持 (8.9276ms)
ℹ tests 3
ℹ suites 0
ℹ pass 2
ℹ fail 1
ℹ cancelled 0
ℹ skipped 0
ℹ todo 0
ℹ duration_ms 6839.6159

✖ failing tests:

test at tests\badge-room-copy.browser.test.js:9:1
✖ 旧反馈字段改稿发生基线冲突时不覆盖迁移，其他人工文案和运势词库保持 (8.9276ms)
  AssertionError [ERR_ASSERTION]: Expected values to be strictly equal:
  
  true !== false
  
      at TestContext.<anonymous> (file:///C:/Users/shr/Desktop/nmg%E5%89%8D%E7%AB%AF/app/tests/badge-room-copy.browser.test.js:10:514)
      at Test.runInAsyncScope (node:async_hooks:226:14)
      at Test.run (node:internal/test_runner/test:1366:25)
      at Test.processPendingSubtests (node:internal/test_runner/test:946:18)
      at Test.postRun (node:internal/test_runner/test:1506:19)
      at Test.run (node:internal/test_runner/test:1431:12)
      at async Test.processPendingSubtests (node:internal/test_runner/test:946:7) {
    generatedMessage: true,
    code: 'ERR_ASSERTION',
    actual: true,
    expected: false,
    operator: 'strictEqual',
    diff: 'simple'
  }
