▶ 下一版第三步：真实教学预览奖励端到端验收
  ✔ 本人签到双标签去重、余额和明细共享；报告已通过但作品退回不发徽章 (3820.3519ms)
  ✔ 离线日期不放行；模拟北京午夜及重新可见后次日只加一次 (277.1845ms)
  ✔ 真实课时徽章资格和十关未知节点可见；无自动发放空参观与实验 (1829.6809ms)
  ✔ 首次真正满足全部要求才持久获章；动画已读稳定ID、Esc关闭及原焦点恢复 (4808.4794ms)
  ✔ 实物演示兑换确认、指定结果文案、余额扣一次和管理员通知 (5888.3754ms)
  ✔ 数字徽章兑换单独标识；另一浏览器可读后端事件但金币仍为本地120 (3839.9652ms)
  ✔ 服务器已写但响应丢失：重试/刷新同编号，只扣一次、只通知一次 (2801.1985ms)
  ✔ 重置保留签到去重与真实徽章，金币不足/库存不足仍解释并禁用 (178.4952ms)
  ✔ 维护可编辑名称及受控艺术，已获得快照保持不变 (2549.4478ms)
  ✔ 权限撤回后停止课时入口，历史徽章保留安全快照；恢复正常 (3363.5371ms)
  ✔ 我的页与奖励反馈 1440×900 无横溢、键盘关闭和 reduced-motion (4934.363ms)
  ✔ 我的页与奖励反馈 768×1024 无横溢、键盘关闭和 reduced-motion (4199.6602ms)
  ✔ 我的页与奖励反馈 390×844 无横溢、键盘关闭和 reduced-motion (3907.8055ms)
  ✔ 我的页与奖励反馈 360×800 无横溢、键盘关闭和 reduced-motion (3970.8844ms)
  ✔ 我的页与奖励反馈 844×390 无横溢、键盘关闭和 reduced-motion (4013.8552ms)
  ✔ 服务重启后真实徽章和兑换记录仍一致；参观和未准备第三关无假获得 (1520.4033ms)
✔ 下一版第三步：真实教学预览奖励端到端验收 (58076.5819ms)
ℹ tests 17
ℹ suites 0
ℹ pass 17
ℹ fail 0
ℹ cancelled 0
ℹ skipped 0
ℹ todo 0
ℹ duration_ms 58827.2973
