▶ 下一版第三步：真实教学预览奖励端到端验收
  ✔ 本人签到双标签去重、余额和明细共享；报告已通过但作品退回不发徽章 (3803.3546ms)
  ✔ 离线日期不放行；模拟北京午夜及重新可见后次日只加一次 (319.2421ms)
  ✔ 真实课时徽章资格和十关未知节点可见；无自动发放空参观与实验 (1827.3751ms)
  ✔ 首次真正满足全部要求才持久获章；动画已读稳定ID、Esc关闭及原焦点恢复 (4940.1083ms)
  ✔ 实物演示兑换确认、指定结果文案、余额扣一次和管理员通知 (5816.2458ms)
  ✔ 数字徽章兑换单独标识；另一浏览器可读后端事件但金币仍为本地120 (3887.2519ms)
  ✔ 服务器已写但响应丢失：重试/刷新同编号，只扣一次、只通知一次 (2926.5142ms)
  ✔ 重置保留签到去重与真实徽章，金币不足/库存不足仍解释并禁用 (420.1167ms)
  ✔ 维护可编辑名称及受控艺术，已获得快照保持不变 (2298.9153ms)
  ✔ 权限撤回后停止课时入口，历史徽章保留安全快照；恢复正常 (3429.4008ms)
  ✔ 我的页与奖励反馈 1440×900 无横溢、键盘关闭和 reduced-motion (4983.168ms)
  ✔ 我的页与奖励反馈 768×1024 无横溢、键盘关闭和 reduced-motion (4070.7982ms)
  ✔ 我的页与奖励反馈 390×844 无横溢、键盘关闭和 reduced-motion (4008.1279ms)
  ✔ 我的页与奖励反馈 360×800 无横溢、键盘关闭和 reduced-motion (3990.7903ms)
  ✔ 我的页与奖励反馈 844×390 无横溢、键盘关闭和 reduced-motion (3984.3266ms)
  ✔ 服务重启后真实徽章和兑换记录仍一致；参观和未准备第三关无假获得 (1466.638ms)
✔ 下一版第三步：真实教学预览奖励端到端验收 (58294.5999ms)
ℹ tests 17
ℹ suites 0
ℹ pass 17
ℹ fail 0
ℹ cancelled 0
ℹ skipped 0
ℹ todo 0
ℹ duration_ms 59088.7252
