
> star-voyage-student@0.1.0 test
> npm --prefix frontend test


> frontend@0.0.0 test
> node --test test/*.test.js

✔ 附件 404 只产生重验请求；模拟文件、通知、反馈错误不影响课程页 (4.884ms)
✔ 权限复核不会递归派发；登录与强制改密沿用独立全局处理 (0.4944ms)
✔ 课程、课时、作品和卡片错误按真实请求对象分类，状态不作完成判定 (11.704ms)
✔ 实验来源失效不会变成实验页失效；阶段与卡片查询不会重设页面身份 (3.4405ms)
✔ 只有移除的课程触发其页面刷新，更新时间和其他课程变化不清空表单 (0.5686ms)
✔ 同名课程只按 ID 与有效报名关联，记录与统计共用展示集合 (21.1832ms)
✔ 聚合必须与原作品集合一致；无评分与真实零分区分 (1.4584ms)
✔ 历史退回显示已修改，最新退回保留修改入口；迭代不制造新项目 (0.4895ms)
✔ 时间轴按 work_id 去除作品兜底，无关联系统记录隐藏，不猜标题时间 (0.5492ms)
✔ 结束前重验课程及报名，撤回发生在读取期间也不能发布旧作品 (0.797ms)
✔ 归属请求失败拒绝展示；档案部分失败保留已核验课程并明确错误 (1.2599ms)
✔ 报告状态独立；无任务、未提交和未解锁不互相混同 (0.9268ms)
✔ 来源只为已知类型和合法对象生成真实入口，卡片不能猜课时 (4.1224ms)
✔ 任务以课程 ID 分组，缺失进度不变成零 (0.508ms)
✔ 回放零值为空、课程实际 400 与临时错误分开 (0.313ms)
✔ 删除可选说明后为空，disabled 和空串均不回补默认 (2.2141ms)
✔ 受控文案保持引号、尖括号、换行等原文，不解析表达式 (1.132ms)
✔ 完整显示块仅去掉最后一个句号，保留内部、引号与尾部空白 (4.0739ms)
✔ 动态片段整段格式，富文本仅末尾文字，链接代码与输入保留结构 (2.1317ms)
✔ 数字、网址、版本、文件及非句子类型保持原值，原数据未修改 (0.9703ms)
✔ 正式配置不自动关联滑翔机；测试绑定精确到指定课程、课时、阶段、卡片 (3.302ms)
✔ 实验入口保存真实卡片ID，返回重新核验并恢复学习阶段和卡片 (2.4273ms)
✔ 来源卡片下架或重新未解锁时回退可访问课程地图 (0.7894ms)
✔ 课时取消回退课程地图，课程撤回回退课程选择 (0.4516ms)
✔ 学习包请求期间课程撤回时再次确认，避免回到失效地图 (0.4741ms)
✔ 返回地址不能跨站、跨课程、跨课时，也不能跳到未解锁阶段 (0.7248ms)
✔ 无课程旧实验入口引导课程选择，网络失败明确说明无法核验 (0.3894ms)
✔ 运势改稿只更新对应 ID，原句号与其他新文案保留，原对象不写入 (2.4307ms)
✔ 拒绝跨模块、重复 ID、过时原稿、未知字段和关闭必要状态 (2.7257ms)
✔ 报告通过或待评审时，最新作品退回仍提供独立修改入口 (1.8732ms)
✔ 没有作品任务的未完成课时仍可继续，摘要不猜测报告或卡片状态 (15.3976ms)
✔ 同课时多个任务只产生一个继续学习，报告退回也只产生一个修改报告 (0.4486ms)
✔ 作品与报告保持独立，修改报告和修改作品均可到达 (0.404ms)
✔ 报告通过不会覆盖服务端仍未完成的课时学习进度 (0.235ms)
✔ 未提交作品提供任务位置入口，不从课时进度推断作品已完成 (0.2178ms)
✔ 取消的课时、已失效课程及没有课时摘要的任务不会回流到首页 (0.2418ms)
✔ 摘要加载限制课程请求并发，且不请求任何完整课时内容 (38.5709ms)
✔ 课程在列表和详情请求之间撤回时清除该课程，其他课程仍保留 (1.6144ms)
✔ 任务摘要失败保留已确认课时继续学习，并明确提示待办未完整加载 (0.6885ms)
✔ 课程搜索不改变分配关系，下一节课排除取消/过期场次并使用北京时间 (0.814ms)
✔ 同兑换号换商品明确冲突，不扣第二笔金币 (5.5492ms)
✔ 新数字演示商品、旧静态徽章与原物品条件分开，不以练习成绩产生金币 (0.4901ms)
✔ 本轮改稿仅允许新ID、准确基线和必要状态；旧稿值不改变，脚本文字只是纯文本 (51.1447ms)
✔ 开放反思新旧结构分开，旧第四项与标签完整保留 (2.443ms)
✔ 开放反思任一框有实质内容，旧模型不误读新字段 (0.4868ms)
✔ 奖励纯规则保持原数值和固定徽章 (2.3102ms)
✔ v1 验证保留合法原值，不重新计算；损坏数据明确拒绝 (4.2073ms)
✔ 同确认纯规则去重，条件拒绝不修改传入状态 (1.0022ms)
✔ 共享状态按账号和键订阅，focus / clear 同步，卸载清理且订阅不重复 (9.3933ms)
✔ 交错读取只接受最新快照；短暂故障保留列表但状态失效；卸载后迟到响应无效 (1.7511ms)
✔ 已提交操作后回读失败不改写结果；广播内容不能直接成为余额 (1.4497ms)
✔ 机器人可见边界包含视觉视口偏移，缩屏和键盘压缩后重新夹紧 (3.1876ms)
✔ 作品按可访问课程 ID 查询，重名无影响；并发最多3、去重、搜索透传 (51.8096ms)
✔ 列表加载途中课程撤回，已返回作品也被丢弃 (0.6297ms)
✔ 无有效课程/失效筛选不发起无限定作品查询，错误不伪装为空 (1.0233ms)
✔ 指标缺失显示破折号，真实零值保留 (0.2791ms)
✔ 会话读取、getter 及方法故障均为可识别存储错误，不信任用户缓存 (3.9687ms)
✔ 保存完整凭据；部分写失败清理全部身份键；清理失败保留 pending，禁止恢复混合账号 (6.1187ms)
✔ 退出清理逐项尝试；session notice 不依赖可用 sessionStorage (0.6816ms)
✔ 反馈附件保留后端扩展名/MIME/数量/10MiB 边界，GIF 不支持 (0.5413ms)
✔ 通知路径只允许合法角色站内目标；请求超时不猜测写结果 (3.0302ms)
✔ 地图按服务端课时顺序编号，分组不丢未归属课时 (2.9885ms)
✔ 当前节点优先合法来源，其次进行中；不产生跨课时门槛 (0.675ms)
✔ 章节不连续时分成连续区域，连线不会跳过中间未分组课时 (0.6969ms)
✔ 排课时间不擅自转换时区，缺失值显示待安排 (0.312ms)
✔ 持久化章节顺序先于区域内课时顺序，未分组不丢失，ID/状态不改变 (0.5404ms)
✔ 课程上下文只来自 URL，平台入口保持平台范围 (1.5143ms)
✔ 主题只来自持久化枚举，不根据测试 ID 或标题推断 (0.3081ms)
✔ 封面不接受外站、协议相对地址、路径逃逸或控制字符 (8.6759ms)
✔ 第二步独立改稿只改 next2、保护旧冻结稿并识别冲突 (10.585ms)
✔ 章节不会丢失未配置课时，不重复出现或自动解锁 (2.0922ms)
✔ 实验返回仅接受站内课程链接 (0.7221ms)
✔ 草稿键按账号、课程、课时隔离 (0.4237ms)
✔ 学生新旧路由兼容，其他角色首页不变 (0.9997ms)
✔ 演示纯规则：扣减、幂等、明细及独立初始状态 (2.7211ms)
✔ 数据库不可用不能静默回退到旧存储或内存成功 (1.2691ms)
ℹ tests 76
ℹ suites 0
ℹ pass 76
ℹ fail 0
ℹ cancelled 0
ℹ skipped 0
ℹ todo 0
ℹ duration_ms 1149.2622
