Browser: 154.0.4258.53
▶ 第十轮：原生 IndexedDB 迁移、提交与 120 组双标签压力验证
  ✔ 原样迁移并保留 v1 备份；重置/重开不重导入；已迁移账号不再读取 v1 (779.9723ms)
  ✔ 并发首次迁移与兑换不覆盖已提交状态；并发同编号仅一笔；不同账号隔离 (571.4401ms)
  ✔ 损坏/不可读迁移源不被覆盖；迁移 put 后中止无初始化标记；直接重置恢复 (285.7055ms)
  ✔ 数据库不可用、open 失败及真实升级 blocked 均可重试，不虚构持久成功 (282.0747ms)
  ✔ 提交后取消与回读/广播失败不撤销事实；广播只触发数据库重读 (455.8132ms)
  ✔ 下一版签到：同账号双标签同一天只加5，重置保留日期和待同步意图 (442.2734ms)
  ✔ 下一版签到：排队跨午夜日期过期、事务中止、损坏意图均不虚报成功 (610.995ms)
Stress: {"browser":"154.0.4258.53","started":"2026-10-08T16:18:48.365Z","finished":"2026-10-08T16:18:53.462Z","groups":120,"thirdTabSamples":[9,19,29,39,49,59,69,79,89,99,109,119],"failures":[]}
  ✔ 120 组混合事务顺序，逐组读取两页持久状态，12 次新第三标签抽检 (5493.4558ms)
✔ 第十轮：原生 IndexedDB 迁移、提交与 120 组双标签压力验证 (10087.5921ms)
ℹ tests 9
ℹ suites 0
ℹ pass 9
ℹ fail 0
ℹ cancelled 0
ℹ skipped 0
ℹ todo 0
ℹ duration_ms 10473.7002
