▶ 体验补修：地图、头像、文案、运势真实浏览器
  ✔ 持续打开页面跨北京午夜，比较实际组合；同日刷新、独立浏览器及后端重启一致 (8575.3553ms)
  ✔ 后台休眠后 focus/visibility 重读，跳过多天、跨年与闰日恢复正确日期 (712.2092ms)
  ✔ 跨日网络失败隐藏旧结果、标出上次日期，手动重试读取当天且不写奖励 (1190.3236ms)
  ✔ 旧请求迟到不覆盖新请求，切换账号后旧运势不能落入新账号 (5852.4707ms)
  ✔ 指定说明行消失，宜/忌、日期、图案保留，桌面平板手机文字无溢出 (2766.6391ms)
  ✔ 原十关/空参观/独立实验入口、真实头像保存重读与机器人拖动聊天 (8229.6953ms)
  ✔ 全部运势文案可编辑，下载 HTML 保留改稿，JSON 只导出改动且导入不覆盖其他文案 (1657.092ms)
  ✔ 五尺寸九条相邻路线不进入按钮、图像、文字牌；路径互不相交，前三关主题独立 (14153.7452ms)
  ✔ 姓名旁原头像入口、头部同步、重登持久；写入失败及回读失败仍可重试 (6866.9322ms)
  ✔ 多账号连续30日比较真实宜/忌展示文字，同日稳定且候选来自各30条 (17689.9151ms)
✔ 体验补修：地图、头像、文案、运势真实浏览器 (79904.7079ms)
ℹ tests 11
ℹ suites 0
ℹ pass 11
ℹ fail 0
ℹ cancelled 0
ℹ skipped 0
ℹ todo 0
ℹ duration_ms 81306.8754
