▶ 逐页文案 HTML、安全改稿与真实管理员审阅授权
  ✔ 46份实际页面文件可双击打开，基线与字段一致，均带角色、路由、区域和来源 (15117.1682ms)
  ✔ HTML改稿保存重开、纯文本脚本不执行、变化项导出与基线冲突拒绝 (1140.187ms)
  ✔ 管理员真实页面点字审阅、导出只含一处变化，不写教学数据 (2431.5351ms)
  ✔ 管理员目录点字编辑、本账号草稿恢复，旧基线和存储失败明确拒绝 (3470.6026ms)
  ✔ 学生、只读教师、新媒体、执行导师不能进入系统编辑；负责导师保留真实教学维护 (6758.0747ms)
✔ 逐页文案 HTML、安全改稿与真实管理员审阅授权 (34825.0379ms)
▶ 体验补修：地图、头像、文案、运势真实浏览器
  ✔ 持续打开页面跨北京午夜，比较实际组合；同日刷新、独立浏览器及后端重启一致 (7497.88ms)
  ✔ 后台休眠后 focus/visibility 重读，跳过多天、跨年与闰日恢复正确日期 (694.6171ms)
  ✔ 跨日网络失败隐藏旧结果、标出上次日期，手动重试读取当天且不写奖励 (1174.9978ms)
  ✔ 旧请求迟到不覆盖新请求，切换账号后旧运势不能落入新账号 (5367.6366ms)
  ✔ 指定说明行消失，宜/忌、日期、图案保留，桌面平板手机文字无溢出 (2443.7282ms)
  ✔ 原十关/空参观/独立实验入口、真实头像保存重读与机器人拖动聊天 (8266.0014ms)
  ✔ 全部运势文案可编辑，下载 HTML 保留改稿，JSON 只导出改动且导入不覆盖其他文案 (1496.0796ms)
  ✔ 五尺寸九条相邻路线不进入按钮、图像、文字牌；路径互不相交，前三关主题独立 (11355.1143ms)
  ✔ 姓名旁原头像入口、头部同步、重登持久；写入失败及回读失败仍可重试 (7047.1059ms)
  ✔ 多账号连续30日比较真实宜/忌展示文字，同日稳定且候选来自各30条 (20732.2954ms)
✔ 体验补修：地图、头像、文案、运势真实浏览器 (73457.4631ms)
ℹ tests 17
ℹ suites 0
ℹ pass 17
ℹ fail 0
ℹ cancelled 0
ℹ skipped 0
ℹ todo 0
ℹ duration_ms 110072.7159
