
> star-voyage-student@0.1.0 build:teaching
> npm --prefix frontend run build -- --outDir ../build/teaching


> frontend@0.0.0 build
> vite build --outDir ../build/teaching

vite v8.2.1 building client environment for production...
transforming...
✓ 3343 modules transformed.

(!) outDir C:\Users\shr\Desktop\nmg前端\app\build\teaching is not inside project root and will not be emptied.
Use --emptyOutDir to override.

rendering chunks...
computing gzip size...
../build/teaching/index.html                                   4.42 kB │ gzip:   1.12 kB
../build/teaching/assets/Detail-Do4OPE-1.css                   2.13 kB │ gzip:   0.75 kB
../build/teaching/assets/pixel-archive-DrFSakwf.css            7.36 kB │ gzip:   1.62 kB
../build/teaching/assets/StudyUI-DW7b9n1k.css                 11.51 kB │ gzip:   2.39 kB
../build/teaching/assets/pixel-service-m6kMJ5eZ.css           11.68 kB │ gzip:   2.54 kB
../build/teaching/assets/Personal-CUbCjl-g.css                12.01 kB │ gzip:   2.44 kB
../build/teaching/assets/pixel-compatibility-CA-01HOA.css     12.35 kB │ gzip:   2.51 kB
../build/teaching/assets/index-DhO226DQ.css                   95.88 kB │ gzip:  18.80 kB
../build/teaching/assets/row-B8vy6EE-.js                       0.06 kB │ gzip:   0.08 kB
../build/teaching/assets/maintenanceCopy-CDifSKpi.js           0.08 kB │ gzip:   0.10 kB
../build/teaching/assets/pixel-service-Bf3Ih91L.js             0.27 kB │ gzip:   0.21 kB
../build/teaching/assets/FeedbackPriorityTag-D8cQiAl1.js       0.29 kB │ gzip:   0.23 kB
../build/teaching/assets/StudentAlert-BCbDyIf-.js              0.29 kB │ gzip:   0.20 kB
../build/teaching/assets/FeedbackStatusTag-QiZQU5w6.js         0.29 kB │ gzip:   0.24 kB
../build/teaching/assets/RoleSentence-CcjR_NKo.js              0.30 kB │ gzip:   0.22 kB
../build/teaching/assets/collapse-DNXyBCq_.js                  0.38 kB │ gzip:   0.22 kB
../build/teaching/assets/pixel-compatibility-Clb9U7_5.js       0.40 kB │ gzip:   0.29 kB
../build/teaching/assets/status-CASXKBsz.js                    0.44 kB │ gzip:   0.26 kB
../build/teaching/assets/useMergedMask-D0yZOMAY.js             0.46 kB │ gzip:   0.31 kB
../build/teaching/assets/reflectionModel-DxCF7T3N.js           0.52 kB │ gzip:   0.28 kB
../build/teaching/assets/AsyncPageState-dQ9XVTXW.js            0.55 kB │ gzip:   0.38 kB
../build/teaching/assets/feedbackFiles-B7pie7nx.js             0.65 kB │ gzip:   0.45 kB
../build/teaching/assets/EllipsisOutlined-BjZia1B1.js          0.78 kB │ gzip:   0.49 kB
../build/teaching/assets/LeftOutlined-DG58--I7.js              0.83 kB │ gzip:   0.57 kB
../build/teaching/assets/RightOutlined-CBx4UEvO.js             0.83 kB │ gzip:   0.57 kB
../build/teaching/assets/useRemote-C1TilFjq.js                 0.85 kB │ gzip:   0.50 kB
../build/teaching/assets/TeachingSections-DxISDz9-.js          0.86 kB │ gzip:   0.42 kB
../build/teaching/assets/ArrowLeftOutlined-CEcAcnv5.js         0.87 kB │ gzip:   0.61 kB
../build/teaching/assets/FileOutlined-BNA9Nji8.js              0.88 kB │ gzip:   0.61 kB
../build/teaching/assets/ActionButton-TiD7RKE4.js              0.89 kB │ gzip:   0.54 kB
../build/teaching/assets/OpenReflectionForm-DrbrN6gN.js        0.92 kB │ gzip:   0.53 kB
../build/teaching/assets/model-C44lS8m_.js                     0.95 kB │ gzip:   0.62 kB
../build/teaching/assets/DownloadOutlined-C5oXzSZs.js          0.95 kB │ gzip:   0.62 kB
../build/teaching/assets/TempPasswordModal-CsjLYFxh.js         0.99 kB │ gzip:   0.54 kB
../build/teaching/assets/PurePanel-BLmAVi9O.js                 1.02 kB │ gzip:   0.63 kB
../build/teaching/assets/EyeOutlined-FFSOHIvN.js               1.13 kB │ gzip:   0.71 kB
../build/teaching/assets/LegacyEntry-B0n1vlnY.js               1.14 kB │ gzip:   0.69 kB
../build/teaching/assets/SearchOutlined-WYJ9BMRD.js            1.16 kB │ gzip:   0.73 kB
../build/teaching/assets/useClosable-Bg9eCZ_Z.js               1.28 kB │ gzip:   0.68 kB
../build/teaching/assets/FeedbackFilters-B29e3EKh.js           1.30 kB │ gzip:   0.54 kB
../build/teaching/assets/modal-Dgw8fBVz.js                     1.40 kB │ gzip:   0.76 kB
../build/teaching/assets/NotificationLevelTag-cBdCe_CX.js      1.43 kB │ gzip:   0.72 kB
../build/teaching/assets/feedback-Buil51_P.js                  1.59 kB │ gzip:   0.70 kB
../build/teaching/assets/RocketOutlined-DXQZ2OmD.js            1.60 kB │ gzip:   1.00 kB
../build/teaching/assets/useBreakpoint-D9k82NOD.js             1.85 kB │ gzip:   0.89 kB
../build/teaching/assets/ArchiveRecords-C3U8g_ol.js            1.89 kB │ gzip:   0.86 kB
../build/teaching/assets/style-CdXyUlT_.js                     1.97 kB │ gzip:   0.83 kB
../build/teaching/assets/StudentList-B3SuBPBm.js               2.12 kB │ gzip:   1.15 kB
../build/teaching/assets/Input-Ckz0Pg6F.js                     2.43 kB │ gzip:   1.16 kB
../build/teaching/assets/date-D3egdRiN.js                      2.43 kB │ gzip:   1.08 kB
../build/teaching/assets/row-CU6r-dFm.js                       2.52 kB │ gzip:   1.31 kB
../build/teaching/assets/School-BOULnv6w.js                    2.57 kB │ gzip:   1.27 kB
../build/teaching/assets/Dashboard-rLs3t1k_.js                 2.57 kB │ gzip:   1.14 kB
../build/teaching/assets/List-BZ6vElel.js                      2.71 kB │ gzip:   1.30 kB
../build/teaching/assets/ContentHub-C6HezSEN.js                2.82 kB │ gzip:   1.43 kB
../build/teaching/assets/Detail-BVNZ86Pj.js                    2.84 kB │ gzip:   1.39 kB
../build/teaching/assets/ChangePassword-B2TK1KFM.js            3.01 kB │ gzip:   1.47 kB
../build/teaching/assets/style-BGfCU89B.js                     3.16 kB │ gzip:   1.22 kB
../build/teaching/assets/AISettings-B_6N01Yj.js                3.35 kB │ gzip:   1.55 kB
../build/teaching/assets/List-CuOt7vVi.js                      3.50 kB │ gzip:   1.71 kB
../build/teaching/assets/popconfirm-C7KjIwDE.js                3.58 kB │ gzip:   1.59 kB
../build/teaching/assets/AIKnowledge-BtAim7PP.js               3.84 kB │ gzip:   1.82 kB
../build/teaching/assets/Sentence-CP_5owjh.js                  3.91 kB │ gzip:   1.76 kB
../build/teaching/assets/AuthContext-COEhRZ3V.js               3.97 kB │ gzip:   1.74 kB
../build/teaching/assets/archiveModel-BD8NQlm8.js              3.99 kB │ gzip:   1.91 kB
../build/teaching/assets/statistic-C8AKw1vg.js                 4.13 kB │ gzip:   1.91 kB
../build/teaching/assets/List-CW9QmBZ2.js                      4.17 kB │ gzip:   1.92 kB
../build/teaching/assets/ReviewList-Djs4nlu3.js                4.20 kB │ gzip:   2.00 kB
../build/teaching/assets/StudentDetail-D9HAci7l.js             4.35 kB │ gzip:   1.77 kB
../build/teaching/assets/Form-CQsjThMP.js                      4.42 kB │ gzip:   1.95 kB
../build/teaching/assets/useForm-9RXA7GY7.js                   4.75 kB │ gzip:   2.13 kB
../build/teaching/assets/empty-CZ7m3S3l.js                     4.75 kB │ gzip:   2.06 kB
../build/teaching/assets/Form-iB1idYx1.js                      4.84 kB │ gzip:   2.19 kB
../build/teaching/assets/Detail-CrpZoPYb.js                    5.00 kB │ gzip:   2.20 kB
../build/teaching/assets/space-fZmqAXwh.js                     5.08 kB │ gzip:   2.09 kB
../build/teaching/assets/StudyUI-aVRp14JJ.js                   5.17 kB │ gzip:   2.23 kB
../build/teaching/assets/Manage-BkDOS-sW.js                    5.34 kB │ gzip:   2.44 kB
../build/teaching/assets/Upload-DHwO7Oq8.js                    5.57 kB │ gzip:   2.01 kB
../build/teaching/assets/ReviewDetail-BHU0CNzd.js              6.14 kB │ gzip:   2.70 kB
../build/teaching/assets/AI-BCZHy3FU.js                        6.28 kB │ gzip:   3.02 kB
../build/teaching/assets/es-C5VxaKVZ.js                        6.39 kB │ gzip:   2.57 kB
../build/teaching/assets/alert-C1r7cBU4.js                     6.40 kB │ gzip:   2.70 kB
../build/teaching/assets/Reflection-DyMUdgik.js                7.25 kB │ gzip:   2.45 kB
../build/teaching/assets/List-B-XU2TWk.js                      7.32 kB │ gzip:   2.81 kB
../build/teaching/assets/List-CYkVYSCb.js                      7.33 kB │ gzip:   2.99 kB
../build/teaching/assets/Learning-AG2jdN8I.js                  7.40 kB │ gzip:   2.56 kB
../build/teaching/assets/spin-DJqejWTq.js                      7.50 kB │ gzip:   3.11 kB
../build/teaching/assets/switch-IH_ZKeF2.js                    7.53 kB │ gzip:   2.58 kB
../build/teaching/assets/dayjs.min-CLFftfrj.js                 7.84 kB │ gzip:   3.38 kB
../build/teaching/assets/tag-BAY5Je4v.js                       8.57 kB │ gzip:   3.38 kB
../build/teaching/assets/CopyReview-yP-52kQd.js                8.67 kB │ gzip:   3.58 kB
../build/teaching/assets/LessonContentEditor-CC7Zo1k6.js       8.83 kB │ gzip:   3.37 kB
../build/teaching/assets/Detail-CQA1fGv4.js                    9.12 kB │ gzip:   3.67 kB
../build/teaching/assets/card-Zz_EPhYX.js                      9.29 kB │ gzip:   3.27 kB
../build/teaching/assets/skeleton-CnALCYIF.js                  9.44 kB │ gzip:   3.23 kB
../build/teaching/assets/list-CNC57t3O.js                      9.73 kB │ gzip:   3.64 kB
../build/teaching/assets/Index-WGY6oHxB.js                     9.94 kB │ gzip:   3.63 kB
../build/teaching/assets/Detail-CsGwXgiU.js                   10.74 kB │ gzip:   4.43 kB
../build/teaching/assets/input-DoFTq-9d.js                    11.10 kB │ gzip:   5.15 kB
../build/teaching/assets/Detail-DhFpNzvX.js                   12.27 kB │ gzip:   4.15 kB
../build/teaching/assets/List-B8kFYShW.js                     14.38 kB │ gzip:   4.99 kB
../build/teaching/assets/progress-CC8KDhqo.js                 14.85 kB │ gzip:   5.73 kB
../build/teaching/assets/checkbox-BSo0FrpJ.js                 15.10 kB │ gzip:   5.30 kB
../build/teaching/assets/Index-BPjRvrGW.js                    18.81 kB │ gzip:   5.87 kB
../build/teaching/assets/input-number-B0ppwLAK.js             20.99 kB │ gzip:   7.61 kB
../build/teaching/assets/Personal-BNOu6WBI.js                 23.41 kB │ gzip:   7.46 kB
../build/teaching/assets/pagination-CIJiyB_G.js               24.13 kB │ gzip:   7.27 kB
../build/teaching/assets/useModal-DVKochNl.js                 25.28 kB │ gzip:   8.73 kB
../build/teaching/assets/LessonLearn-BIga0jtF.js              25.33 kB │ gzip:   8.06 kB
../build/teaching/assets/UploadOutlined-Bwg7jwGo.js           31.86 kB │ gzip:  11.37 kB
../build/teaching/assets/result-4NIQP-v6.js                   34.55 kB │ gzip:  10.84 kB
../build/teaching/assets/timeline-BnEDNmst.js                 36.36 kB │ gzip:  10.32 kB
../build/teaching/assets/typography-Dw3r34mw.js               38.19 kB │ gzip:  13.41 kB
../build/teaching/assets/chunk-62JRHF6Z-DvSr3CIA.js           39.32 kB │ gzip:  14.19 kB
../build/teaching/assets/tree-2ULLTDcO.js                     50.47 kB │ gzip:  15.63 kB
../build/teaching/assets/Detail-Cxr0hpy1.js                   53.26 kB │ gzip:  15.44 kB
../build/teaching/assets/tabs-C2GP1wYd.js                     58.15 kB │ gzip:  18.49 kB
../build/teaching/assets/Simulator-BhONrgyr.js                59.26 kB │ gzip:  20.72 kB
../build/teaching/assets/select-Dx5B8yB4.js                   69.35 kB │ gzip:  23.66 kB
../build/teaching/assets/TextArea-B_kqSGB8.js                 79.41 kB │ gzip:  25.04 kB
../build/teaching/assets/table-5kiKql4y.js                    91.00 kB │ gzip:  30.32 kB
../build/teaching/assets/index-fKRZRIP6.js                   261.26 kB │ gzip:  81.86 kB
../build/teaching/assets/jsx-runtime-C0PfTe6S.js           1,202.87 kB │ gzip: 233.33 kB

✓ built in 1.96s
[plugin builtin:vite-reporter] 
(!) Some chunks are larger than 500 kB after minification. Consider:
- Using dynamic import() to code-split the application
- Use build.rolldownOptions.output.codeSplitting to improve chunking: https://rolldown.rs/reference/OutputOptions.codeSplitting
- Adjust chunk size limit for this warning via build.chunkSizeWarningLimit.
