
> star-voyage-student@0.1.0 build:teaching
> npm --prefix frontend run build -- --outDir ../build/teaching


> frontend@0.0.0 build
> vite build --outDir ../build/teaching

vite v8.2.1 building client environment for production...
transforming...
✓ 3343 modules transformed.

(!) outDir C:\Users\shr\Desktop\nmg前端\app\build\teaching is not inside project root and will not be emptied.
Use --emptyOutDir to override.

rendering chunks...
computing gzip size...
../build/teaching/index.html                                   4.42 kB │ gzip:   1.11 kB
../build/teaching/assets/Detail-Do4OPE-1.css                   2.13 kB │ gzip:   0.75 kB
../build/teaching/assets/pixel-archive-DrFSakwf.css            7.36 kB │ gzip:   1.62 kB
../build/teaching/assets/StudyUI-DW7b9n1k.css                 11.51 kB │ gzip:   2.39 kB
../build/teaching/assets/pixel-service-m6kMJ5eZ.css           11.68 kB │ gzip:   2.54 kB
../build/teaching/assets/Personal-CUbCjl-g.css                12.01 kB │ gzip:   2.44 kB
../build/teaching/assets/pixel-compatibility-CA-01HOA.css     12.35 kB │ gzip:   2.51 kB
../build/teaching/assets/index-DhO226DQ.css                   95.88 kB │ gzip:  18.80 kB
../build/teaching/assets/row-DFJJp74f.js                       0.06 kB │ gzip:   0.08 kB
../build/teaching/assets/maintenanceCopy-Cj_5ToY1.js           0.08 kB │ gzip:   0.10 kB
../build/teaching/assets/pixel-service-oVu2-Gdw.js             0.27 kB │ gzip:   0.21 kB
../build/teaching/assets/FeedbackPriorityTag-psc_yPPZ.js       0.29 kB │ gzip:   0.24 kB
../build/teaching/assets/StudentAlert-BWk5b_Et.js              0.29 kB │ gzip:   0.20 kB
../build/teaching/assets/FeedbackStatusTag-D_maAY6O.js         0.29 kB │ gzip:   0.24 kB
../build/teaching/assets/RoleSentence-RmH_P5Dd.js              0.30 kB │ gzip:   0.22 kB
../build/teaching/assets/collapse-DNXyBCq_.js                  0.38 kB │ gzip:   0.22 kB
../build/teaching/assets/pixel-compatibility-ErPzdHKk.js       0.40 kB │ gzip:   0.29 kB
../build/teaching/assets/status-B4DsXQvF.js                    0.41 kB │ gzip:   0.30 kB
../build/teaching/assets/useMergedMask-DIpw44eQ.js             0.46 kB │ gzip:   0.31 kB
../build/teaching/assets/reflectionModel-DxCF7T3N.js           0.52 kB │ gzip:   0.28 kB
../build/teaching/assets/AsyncPageState-DMjO4YHd.js            0.55 kB │ gzip:   0.38 kB
../build/teaching/assets/feedbackFiles-BW-Ii2md.js             0.63 kB │ gzip:   0.55 kB
../build/teaching/assets/EllipsisOutlined-BJcQ8Yzq.js          0.78 kB │ gzip:   0.49 kB
../build/teaching/assets/LeftOutlined-CUdBJPL9.js              0.83 kB │ gzip:   0.57 kB
../build/teaching/assets/RightOutlined-DKInCriX.js             0.83 kB │ gzip:   0.57 kB
../build/teaching/assets/useRemote-C7oT8R2L.js                 0.85 kB │ gzip:   0.54 kB
../build/teaching/assets/TeachingSections-BfHSs7Rk.js          0.86 kB │ gzip:   0.42 kB
../build/teaching/assets/ArrowLeftOutlined-BqmwRVSI.js         0.87 kB │ gzip:   0.61 kB
../build/teaching/assets/FileOutlined-ToSEGMYD.js              0.88 kB │ gzip:   0.61 kB
../build/teaching/assets/ActionButton-BtRDYT0a.js              0.89 kB │ gzip:   0.55 kB
../build/teaching/assets/OpenReflectionForm-ZeGgxd3p.js        0.92 kB │ gzip:   0.53 kB
../build/teaching/assets/model-DBgOQrFE.js                     0.95 kB │ gzip:   0.62 kB
../build/teaching/assets/DownloadOutlined-DvlLuQFB.js          0.95 kB │ gzip:   0.62 kB
../build/teaching/assets/TempPasswordModal-CUp21iQx.js         0.99 kB │ gzip:   0.54 kB
../build/teaching/assets/PurePanel-DoJ6KSz3.js                 1.02 kB │ gzip:   0.64 kB
../build/teaching/assets/EyeOutlined-dzpW7Wcg.js               1.13 kB │ gzip:   0.71 kB
../build/teaching/assets/LegacyEntry-BJ9XXQGO.js               1.14 kB │ gzip:   0.69 kB
../build/teaching/assets/SearchOutlined-Bqxmd15P.js            1.16 kB │ gzip:   0.73 kB
../build/teaching/assets/useClosable-DikER-xs.js               1.28 kB │ gzip:   0.68 kB
../build/teaching/assets/FeedbackFilters-BL0mUedU.js           1.30 kB │ gzip:   0.55 kB
../build/teaching/assets/modal-NPDAk4G3.js                     1.40 kB │ gzip:   0.76 kB
../build/teaching/assets/feedback-CNgM8bU0.js                  1.43 kB │ gzip:   0.73 kB
../build/teaching/assets/NotificationLevelTag-Dqlw6nVq.js      1.43 kB │ gzip:   0.72 kB
../build/teaching/assets/RocketOutlined-D2KwCI7r.js            1.60 kB │ gzip:   0.99 kB
../build/teaching/assets/useBreakpoint-Zezc4Pb_.js             1.85 kB │ gzip:   0.90 kB
../build/teaching/assets/ArchiveRecords-BWKw2PbK.js            1.89 kB │ gzip:   0.86 kB
../build/teaching/assets/style-BNgzcUnK.js                     1.97 kB │ gzip:   0.83 kB
../build/teaching/assets/StudentList-CkVQ6hQ6.js               2.12 kB │ gzip:   1.15 kB
../build/teaching/assets/Input-B0Czb2l1.js                     2.43 kB │ gzip:   1.16 kB
../build/teaching/assets/date-D3egdRiN.js                      2.43 kB │ gzip:   1.08 kB
../build/teaching/assets/row-CCd51Xba.js                       2.52 kB │ gzip:   1.32 kB
../build/teaching/assets/School-Cf3WzgzZ.js                    2.57 kB │ gzip:   1.27 kB
../build/teaching/assets/Dashboard-DDrRPZWR.js                 2.57 kB │ gzip:   1.13 kB
../build/teaching/assets/List-Dt3w6zQx.js                      2.70 kB │ gzip:   1.31 kB
../build/teaching/assets/ContentHub-krFCHtIQ.js                2.82 kB │ gzip:   1.43 kB
../build/teaching/assets/Detail-BtjHkdEr.js                    2.83 kB │ gzip:   1.40 kB
../build/teaching/assets/ChangePassword-Co0My3Ij.js            3.01 kB │ gzip:   1.46 kB
../build/teaching/assets/style-C9Xt3tFh.js                     3.16 kB │ gzip:   1.22 kB
../build/teaching/assets/AISettings-3X9k8LxL.js                3.37 kB │ gzip:   1.62 kB
../build/teaching/assets/List-D9I9WCuz.js                      3.44 kB │ gzip:   1.72 kB
../build/teaching/assets/popconfirm-Cy5osedR.js                3.58 kB │ gzip:   1.59 kB
../build/teaching/assets/archiveModel-C-yi6iO4.js              3.77 kB │ gzip:   1.87 kB
../build/teaching/assets/AIKnowledge-DnJhmfht.js               3.82 kB │ gzip:   1.83 kB
../build/teaching/assets/Sentence-DWChMo7P.js                  3.91 kB │ gzip:   1.76 kB
../build/teaching/assets/statistic-Cpx2negS.js                 4.13 kB │ gzip:   1.91 kB
../build/teaching/assets/List-dxAf1Ejy.js                      4.17 kB │ gzip:   1.95 kB
../build/teaching/assets/ReviewList-onXc5sLb.js                4.20 kB │ gzip:   2.00 kB
../build/teaching/assets/AuthContext-ByDWaNLA.js               4.29 kB │ gzip:   2.03 kB
../build/teaching/assets/StudentDetail-DYyO4zTE.js             4.35 kB │ gzip:   1.78 kB
../build/teaching/assets/Form-CEpRnisy.js                      4.42 kB │ gzip:   1.95 kB
../build/teaching/assets/useForm-alDqczz2.js                   4.75 kB │ gzip:   2.13 kB
../build/teaching/assets/empty-UqQzqJoG.js                     4.75 kB │ gzip:   2.06 kB
../build/teaching/assets/Form-BfMPoPA3.js                      4.84 kB │ gzip:   2.19 kB
../build/teaching/assets/Detail-77nAIT-4.js                    5.01 kB │ gzip:   2.28 kB
../build/teaching/assets/space-KLUjmXx6.js                     5.08 kB │ gzip:   2.09 kB
../build/teaching/assets/StudyUI-BGukSmny.js                   5.17 kB │ gzip:   2.23 kB
../build/teaching/assets/Manage-D09FlcVo.js                    5.33 kB │ gzip:   2.46 kB
../build/teaching/assets/Upload-CNYH70Ms.js                    5.57 kB │ gzip:   2.01 kB
../build/teaching/assets/ReviewDetail-BIgs0aE5.js              5.98 kB │ gzip:   2.72 kB
../build/teaching/assets/es-Bx0c4cHv.js                        6.39 kB │ gzip:   2.57 kB
../build/teaching/assets/alert-DgbPVnPc.js                     6.40 kB │ gzip:   2.70 kB
../build/teaching/assets/AI-DiclOicB.js                        6.41 kB │ gzip:   3.26 kB
../build/teaching/assets/Reflection-zNaD51HS.js                7.25 kB │ gzip:   2.45 kB
../build/teaching/assets/List-DXN9Ydnr.js                      7.31 kB │ gzip:   3.02 kB
../build/teaching/assets/List-ZSEHvAHd.js                      7.32 kB │ gzip:   2.83 kB
../build/teaching/assets/Learning-CTEljDtM.js                  7.37 kB │ gzip:   2.57 kB
../build/teaching/assets/spin-CKSyRO-d.js                      7.50 kB │ gzip:   3.11 kB
../build/teaching/assets/switch-CabAtCLO.js                    7.53 kB │ gzip:   2.58 kB
../build/teaching/assets/dayjs.min-CLFftfrj.js                 7.84 kB │ gzip:   3.38 kB
../build/teaching/assets/tag-BYDvQiwK.js                       8.57 kB │ gzip:   3.37 kB
../build/teaching/assets/LessonContentEditor-DPpvrubY.js       8.83 kB │ gzip:   3.36 kB
../build/teaching/assets/Detail-mCuCFi2k.js                    9.06 kB │ gzip:   3.77 kB
../build/teaching/assets/card-KF5PHo9g.js                      9.29 kB │ gzip:   3.27 kB
../build/teaching/assets/CopyReview-BxNwatlp.js                9.35 kB │ gzip:   3.97 kB
../build/teaching/assets/skeleton-C3v_1yQO.js                  9.44 kB │ gzip:   3.23 kB
../build/teaching/assets/list-CkBXN7bU.js                      9.73 kB │ gzip:   3.63 kB
../build/teaching/assets/Index-DYfpaBKl.js                     9.90 kB │ gzip:   3.65 kB
../build/teaching/assets/Detail-7bLS8ZK0.js                   10.74 kB │ gzip:   4.43 kB
../build/teaching/assets/input-BDbiN8Lk.js                    11.10 kB │ gzip:   5.15 kB
../build/teaching/assets/Detail-4-oUcYkf.js                   12.16 kB │ gzip:   4.14 kB
../build/teaching/assets/List-Bhc4Q9YZ.js                     14.26 kB │ gzip:   4.94 kB
../build/teaching/assets/progress-DK1ik3K1.js                 14.85 kB │ gzip:   5.73 kB
../build/teaching/assets/checkbox-B6FqSNWu.js                 15.10 kB │ gzip:   5.29 kB
../build/teaching/assets/Index-DXK6mp6T.js                    18.82 kB │ gzip:   5.90 kB
../build/teaching/assets/input-number-Ckq586p5.js             20.99 kB │ gzip:   7.61 kB
../build/teaching/assets/Personal-5wH-vQx-.js                 23.39 kB │ gzip:   7.53 kB
../build/teaching/assets/pagination-BJKuO64-.js               24.13 kB │ gzip:   7.27 kB
../build/teaching/assets/useModal-Btgwss-q.js                 25.28 kB │ gzip:   8.72 kB
../build/teaching/assets/LessonLearn-Bve9s7rs.js              25.33 kB │ gzip:   8.06 kB
../build/teaching/assets/UploadOutlined-ClLjGCoN.js           31.86 kB │ gzip:  11.37 kB
../build/teaching/assets/result-DTkrk7fg.js                   34.55 kB │ gzip:  10.84 kB
../build/teaching/assets/timeline-BefkrciL.js                 36.36 kB │ gzip:  10.32 kB
../build/teaching/assets/typography-C3YOgwKK.js               38.19 kB │ gzip:  13.41 kB
../build/teaching/assets/chunk-62JRHF6Z-sW5zClNE.js           39.32 kB │ gzip:  14.19 kB
../build/teaching/assets/tree-Do9HvMni.js                     50.47 kB │ gzip:  15.62 kB
../build/teaching/assets/Detail-CE3yyWok.js                   53.26 kB │ gzip:  15.52 kB
../build/teaching/assets/tabs-nkZtkXWi.js                     58.15 kB │ gzip:  18.50 kB
../build/teaching/assets/Simulator-Cuj6uKOg.js                59.64 kB │ gzip:  21.27 kB
../build/teaching/assets/select-CPWPu0YT.js                   69.35 kB │ gzip:  23.66 kB
../build/teaching/assets/TextArea-BA5lgKA_.js                 79.41 kB │ gzip:  25.04 kB
../build/teaching/assets/table-CSaeTfMQ.js                    91.00 kB │ gzip:  30.31 kB
../build/teaching/assets/index-djQp-l2p.js                   262.21 kB │ gzip:  82.83 kB
../build/teaching/assets/jsx-runtime-B2Y6jeO-.js           1,125.81 kB │ gzip: 225.08 kB

✓ built in 2.52s
[plugin builtin:vite-reporter] 
(!) Some chunks are larger than 500 kB after minification. Consider:
- Using dynamic import() to code-split the application
- Use build.rolldownOptions.output.codeSplitting to improve chunking: https://rolldown.rs/reference/OutputOptions.codeSplitting
- Adjust chunk size limit for this warning via build.chunkSizeWarningLimit.
