warning: in the working copy of 'README.md', LF will be replaced by CRLF the next time Git touches it
warning: in the working copy of 'backend/services/dailyFortune.js', LF will be replaced by CRLF the next time Git touches it
warning: in the working copy of 'backend/test/dailyFortune.test.js', LF will be replaced by CRLF the next time Git touches it
warning: in the working copy of 'frontend/src/App.jsx', LF will be replaced by CRLF the next time Git touches it
warning: in the working copy of 'frontend/src/api/client.js', LF will be replaced by CRLF the next time Git touches it
warning: in the working copy of 'frontend/src/components/AppLayout.jsx', LF will be replaced by CRLF the next time Git touches it
warning: in the working copy of 'frontend/src/components/Header.jsx', LF will be replaced by CRLF the next time Git touches it
warning: in the working copy of 'frontend/src/components/NotFound.jsx', LF will be replaced by CRLF the next time Git touches it
warning: in the working copy of 'frontend/src/components/PageStatus.jsx', LF will be replaced by CRLF the next time Git touches it
warning: in the working copy of 'frontend/src/components/PasswordInput.jsx', LF will be replaced by CRLF the next time Git touches it
warning: in the working copy of 'frontend/src/components/RoleGuard.jsx', LF will be replaced by CRLF the next time Git touches it
warning: in the working copy of 'frontend/src/components/ServiceUI.jsx', LF will be replaced by CRLF the next time Git touches it
warning: in the working copy of 'frontend/src/components/Sidebar.jsx', LF will be replaced by CRLF the next time Git touches it
warning: in the working copy of 'frontend/src/components/StaffShell.jsx', LF will be replaced by CRLF the next time Git touches it
warning: in the working copy of 'frontend/src/components/TempPasswordModal.jsx', LF will be replaced by CRLF the next time Git touches it
warning: in the working copy of 'frontend/src/components/common/AsyncPageState.jsx', LF will be replaced by CRLF the next time Git touches it
warning: in the working copy of 'frontend/src/components/common/PageLoading.jsx', LF will be replaced by CRLF the next time Git touches it
warning: in the working copy of 'frontend/src/components/feedback/FeedbackFilters.jsx', LF will be replaced by CRLF the next time Git touches it
warning: in the working copy of 'frontend/src/components/feedback/FeedbackMessageForm.jsx', LF will be replaced by CRLF the next time Git touches it
warning: in the working copy of 'frontend/src/components/feedback/FeedbackPriorityTag.jsx', LF will be replaced by CRLF the next time Git touches it
warning: in the working copy of 'frontend/src/components/feedback/FeedbackStatusTag.jsx', LF will be replaced by CRLF the next time Git touches it
warning: in the working copy of 'frontend/src/components/feedback/FeedbackTimeline.jsx', LF will be replaced by CRLF the next time Git touches it
warning: in the working copy of 'frontend/src/components/notifications/NotificationBell.jsx', LF will be replaced by CRLF the next time Git touches it
warning: in the working copy of 'frontend/src/components/notifications/NotificationFilters.jsx', LF will be replaced by CRLF the next time Git touches it
warning: in the working copy of 'frontend/src/components/notifications/NotificationItem.jsx', LF will be replaced by CRLF the next time Git touches it
warning: in the working copy of 'frontend/src/components/notifications/NotificationLevelTag.jsx', LF will be replaced by CRLF the next time Git touches it
warning: in the working copy of 'frontend/src/constants/feedback.js', LF will be replaced by CRLF the next time Git touches it
warning: in the working copy of 'frontend/src/constants/notification.js', LF will be replaced by CRLF the next time Git touches it
warning: in the working copy of 'frontend/src/constants/status.js', LF will be replaced by CRLF the next time Git touches it
warning: in the working copy of 'frontend/src/content/copy.js', LF will be replaced by CRLF the next time Git touches it
warning: in the working copy of 'frontend/src/content/uiCopy.jsx', LF will be replaced by CRLF the next time Git touches it
warning: in the working copy of 'frontend/src/pages/archives/Index.jsx', LF will be replaced by CRLF the next time Git touches it
warning: in the working copy of 'frontend/src/pages/auth/ChangePassword.jsx', LF will be replaced by CRLF the next time Git touches it
warning: in the working copy of 'frontend/src/pages/auth/Login.jsx', LF will be replaced by CRLF the next time Git touches it
warning: in the working copy of 'frontend/src/pages/courses/AIKnowledge.jsx', LF will be replaced by CRLF the next time Git touches it
warning: in the working copy of 'frontend/src/pages/courses/BadgeMaintenance.jsx', LF will be replaced by CRLF the next time Git touches it
warning: in the working copy of 'frontend/src/pages/courses/Detail.jsx', LF will be replaced by CRLF the next time Git touches it
warning: in the working copy of 'frontend/src/pages/courses/Form.jsx', LF will be replaced by CRLF the next time Git touches it
warning: in the working copy of 'frontend/src/pages/courses/List.jsx', LF will be replaced by CRLF the next time Git touches it
warning: in the working copy of 'frontend/src/pages/courses/TeachingPreview.jsx', LF will be replaced by CRLF the next time Git touches it
warning: in the working copy of 'frontend/src/pages/dashboard/AI.jsx', LF will be replaced by CRLF the next time Git touches it
warning: in the working copy of 'frontend/src/pages/dashboard/AISettings.jsx', LF will be replaced by CRLF the next time Git touches it
warning: in the working copy of 'frontend/src/pages/dashboard/Index.jsx', LF will be replaced by CRLF the next time Git touches it
warning: in the working copy of 'frontend/src/pages/dashboard/School.jsx', LF will be replaced by CRLF the next time Git touches it
warning: in the working copy of 'frontend/src/pages/feedback/Detail.jsx', LF will be replaced by CRLF the next time Git touches it
warning: in the working copy of 'frontend/src/pages/feedback/Form.jsx', LF will be replaced by CRLF the next time Git touches it
warning: in the working copy of 'frontend/src/pages/feedback/List.jsx', LF will be replaced by CRLF the next time Git touches it
warning: in the working copy of 'frontend/src/pages/feedback/Manage.jsx', LF will be replaced by CRLF the next time Git touches it
warning: in the working copy of 'frontend/src/pages/glider/Simulator.jsx', LF will be replaced by CRLF the next time Git touches it
warning: in the working copy of 'frontend/src/pages/glider/gliderModel.js', LF will be replaced by CRLF the next time Git touches it
warning: in the working copy of 'frontend/src/pages/glider/useGliderRecords.js', LF will be replaced by CRLF the next time Git touches it
warning: in the working copy of 'frontend/src/pages/learning/LessonLearn.jsx', LF will be replaced by CRLF the next time Git touches it
warning: in the working copy of 'frontend/src/pages/mentor/ContentHub.jsx', LF will be replaced by CRLF the next time Git touches it
warning: in the working copy of 'frontend/src/pages/mentor/LessonContentEditor.jsx', LF will be replaced by CRLF the next time Git touches it
warning: in the working copy of 'frontend/src/pages/mentor/ReviewDetail.jsx', LF will be replaced by CRLF the next time Git touches it
warning: in the working copy of 'frontend/src/pages/mentor/ReviewList.jsx', LF will be replaced by CRLF the next time Git touches it
warning: in the working copy of 'frontend/src/pages/notifications/Detail.jsx', LF will be replaced by CRLF the next time Git touches it
warning: in the working copy of 'frontend/src/pages/notifications/List.jsx', LF will be replaced by CRLF the next time Git touches it
warning: in the working copy of 'frontend/src/pages/observer/Dashboard.jsx', LF will be replaced by CRLF the next time Git touches it
warning: in the working copy of 'frontend/src/pages/observer/StudentDetail.jsx', LF will be replaced by CRLF the next time Git touches it
warning: in the working copy of 'frontend/src/pages/observer/StudentList.jsx', LF will be replaced by CRLF the next time Git touches it
warning: in the working copy of 'frontend/src/pages/students/Detail.jsx', LF will be replaced by CRLF the next time Git touches it
warning: in the working copy of 'frontend/src/pages/students/List.jsx', LF will be replaced by CRLF the next time Git touches it
warning: in the working copy of 'frontend/src/pages/tasks/Detail.jsx', LF will be replaced by CRLF the next time Git touches it
warning: in the working copy of 'frontend/src/pages/tasks/List.jsx', LF will be replaced by CRLF the next time Git touches it
warning: in the working copy of 'frontend/src/pages/works/Detail.jsx', LF will be replaced by CRLF the next time Git touches it
warning: in the working copy of 'frontend/src/pages/works/List.jsx', LF will be replaced by CRLF the next time Git touches it
warning: in the working copy of 'frontend/src/store/AuthContext.jsx', LF will be replaced by CRLF the next time Git touches it
warning: in the working copy of 'frontend/src/store/NotificationProvider.jsx', LF will be replaced by CRLF the next time Git touches it
warning: in the working copy of 'frontend/src/student/AssociatedExperiments.jsx', LF will be replaced by CRLF the next time Git touches it
warning: in the working copy of 'frontend/src/student/CourseResourceDownload.jsx', LF will be replaced by CRLF the next time Git touches it
warning: in the working copy of 'frontend/src/student/CourseReview.jsx', LF will be replaced by CRLF the next time Git touches it
warning: in the working copy of 'frontend/src/student/DailyCheckin.jsx', LF will be replaced by CRLF the next time Git touches it
warning: in the working copy of 'frontend/src/student/Explore.jsx', LF will be replaced by CRLF the next time Git touches it
warning: in the working copy of 'frontend/src/student/LessonWorks.jsx', LF will be replaced by CRLF the next time Git touches it
warning: in the working copy of 'frontend/src/student/Rewards.jsx', LF will be replaced by CRLF the next time Git touches it
warning: in the working copy of 'frontend/src/student/ServerRewards.jsx', LF will be replaced by CRLF the next time Git touches it
warning: in the working copy of 'frontend/src/student/StudentArchive.jsx', LF will be replaced by CRLF the next time Git touches it
warning: in the working copy of 'frontend/src/student/StudentGliderWorkspace.jsx', LF will be replaced by CRLF the next time Git touches it
warning: in the working copy of 'frontend/src/student/StudentScope.jsx', LF will be replaced by CRLF the next time Git touches it
warning: in the working copy of 'frontend/src/student/StudentTaskRedirect.jsx', LF will be replaced by CRLF the next time Git touches it
warning: in the working copy of 'frontend/src/student/StudentTasks.jsx', LF will be replaced by CRLF the next time Git touches it
warning: in the working copy of 'frontend/src/student/StudentWorkDetail.jsx', LF will be replaced by CRLF the next time Git touches it
warning: in the working copy of 'frontend/src/student/StudentWorks.jsx', LF will be replaced by CRLF the next time Git touches it
warning: in the working copy of 'frontend/src/student/StudyPartner.jsx', LF will be replaced by CRLF the next time Git touches it
warning: in the working copy of 'frontend/src/student/accessPolicy.js', LF will be replaced by CRLF the next time Git touches it
warning: in the working copy of 'frontend/src/student/archiveModel.js', LF will be replaced by CRLF the next time Git touches it
warning: in the working copy of 'frontend/src/student/compatibilityModel.js', LF will be replaced by CRLF the next time Git touches it
warning: in the working copy of 'frontend/src/student/config.js', LF will be replaced by CRLF the next time Git touches it
warning: in the working copy of 'frontend/src/student/experimentConfig.js', LF will be replaced by CRLF the next time Git touches it
warning: in the working copy of 'frontend/src/student/experimentContext.js', LF will be replaced by CRLF the next time Git touches it
warning: in the working copy of 'frontend/src/student/homeData.js', LF will be replaced by CRLF the next time Git touches it
warning: in the working copy of 'frontend/src/student/homeModel.js', LF will be replaced by CRLF the next time Git touches it
warning: in the working copy of 'frontend/src/student/model.js', LF will be replaced by CRLF the next time Git touches it
warning: in the working copy of 'frontend/src/student/rewardAdapter.js', LF will be replaced by CRLF the next time Git touches it
warning: in the working copy of 'frontend/src/student/rewardConfig.js', LF will be replaced by CRLF the next time Git touches it
warning: in the working copy of 'frontend/src/student/rewardDatabase.js', LF will be replaced by CRLF the next time Git touches it
warning: in the working copy of 'frontend/src/student/rewardEvents.js', LF will be replaced by CRLF the next time Git touches it
warning: in the working copy of 'frontend/src/student/rewardModel.js', LF will be replaced by CRLF the next time Git touches it
warning: in the working copy of 'frontend/src/student/rewardStore.js', LF will be replaced by CRLF the next time Git touches it
warning: in the working copy of 'frontend/src/student/routeModel.js', LF will be replaced by CRLF the next time Git touches it
warning: in the working copy of 'frontend/src/student/space/AccountAvatar.jsx', LF will be replaced by CRLF the next time Git touches it
warning: in the working copy of 'frontend/src/student/space/CourseTodos.jsx', LF will be replaced by CRLF the next time Git touches it
warning: in the working copy of 'frontend/src/student/space/LegacyEntry.jsx', LF will be replaced by CRLF the next time Git touches it
warning: in the working copy of 'frontend/src/student/space/LessonPlace.jsx', LF will be replaced by CRLF the next time Git touches it
warning: in the working copy of 'frontend/src/student/space/Personal.jsx', LF will be replaced by CRLF the next time Git touches it
warning: in the working copy of 'frontend/src/student/space/map.css', LF will be replaced by CRLF the next time Git touches it
warning: in the working copy of 'frontend/src/student/space/next.css', LF will be replaced by CRLF the next time Git touches it
warning: in the working copy of 'frontend/src/student/useRemote.js', LF will be replaced by CRLF the next time Git touches it
warning: in the working copy of 'frontend/src/student/visual/PixelUI.jsx', LF will be replaced by CRLF the next time Git touches it
warning: in the working copy of 'frontend/src/student/visual/StudentShell.jsx', LF will be replaced by CRLF the next time Git touches it
warning: in the working copy of 'frontend/src/utils/accountExport.js', LF will be replaced by CRLF the next time Git touches it
warning: in the working copy of 'frontend/src/utils/authSession.js', LF will be replaced by CRLF the next time Git touches it
warning: in the working copy of 'frontend/src/utils/feedbackFiles.js', LF will be replaced by CRLF the next time Git touches it
warning: in the working copy of 'frontend/src/utils/requestError.js', LF will be replaced by CRLF the next time Git touches it
