▶ 下一版第三步补充：徽章队列、回读失败、账号切换及离线重置恢复
  ✔ 颁发已提交但主页回读失败，不称已佩戴；重读后两个徽章依次可关闭且不重复 (3245.1502ms)
  ✔ 离线已扣币后重置保留原意图，切账号不发旧意图；回到原账号补发一条消息 (6216.5227ms)
  ✔ 真实浏览器存储拒绝不签到成功，恢复后只保存一次；日期重读仍真实 (463.1409ms)
✔ 下一版第三步补充：徽章队列、回读失败、账号切换及离线重置恢复 (17193.0662ms)
▶ 下一版第三步：真实教学预览奖励端到端验收
  ✔ 本人签到双标签去重、余额和明细共享；报告已通过但作品退回不发徽章 (4356.9155ms)
  ✔ 离线日期不放行；模拟北京午夜及重新可见后次日只加一次 (464.7917ms)
  ✔ 真实课时徽章资格和十关未知节点可见；无自动发放空参观与实验 (2301.6543ms)
  ✔ 首次真正满足全部要求才持久获章；动画已读稳定ID、Esc关闭及原焦点恢复 (5190.8769ms)
  ✔ 实物演示兑换确认、指定结果文案、余额扣一次和管理员通知 (6079.5712ms)
  ✔ 数字徽章兑换单独标识；另一浏览器可读后端事件但金币仍为本地120 (4407.7725ms)
  ✔ 服务器已写但响应丢失：重试/刷新同编号，只扣一次、只通知一次 (3155.04ms)
  ✔ 重置保留签到去重与真实徽章，金币不足/库存不足仍解释并禁用 (441.8507ms)
  ✔ 维护可编辑名称及受控艺术，已获得快照保持不变 (2764.7123ms)
  ✔ 权限撤回后停止课时入口，历史徽章保留安全快照；恢复正常 (3535.155ms)
  ✔ 我的页与奖励反馈 1440×900 无横溢、键盘关闭和 reduced-motion (5252.7285ms)
  ✔ 我的页与奖励反馈 768×1024 无横溢、键盘关闭和 reduced-motion (4291.8701ms)
  ✔ 我的页与奖励反馈 390×844 无横溢、键盘关闭和 reduced-motion (4170.4043ms)
  ✔ 我的页与奖励反馈 360×800 无横溢、键盘关闭和 reduced-motion (4126.0091ms)
  ✔ 我的页与奖励反馈 844×390 无横溢、键盘关闭和 reduced-motion (4156.9714ms)
  ✔ 服务重启后真实徽章和兑换记录仍一致；参观和未准备第三关无假获得 (1860.8123ms)
✔ 下一版第三步：真实教学预览奖励端到端验收 (63673.3468ms)
TEACHER_SELECTION []
SYNTHETIC_WRITE http://127.0.0.1:4194/api/courses/9003/maintenance/lessons/90023 {"title":"滑翔机试飞理论课","description":"隔离验收：请比较条件并保留证据。","teaching_tip":"隔离指导：先记录条件，再自由试飞。","sort_order":2,"start_at":"2026-10-20T09:00","end_at":"2026-10-20T09:45","location":"隔离科创教室","duration":45,"instructor_id":2,"presentation_type":"theory","content_state":"preparing","moments_note":null,"article_title":null,"article_url":null,"chapter_id":null,"expected_revision":"b3c54e7effbf2d24d3d611273712fa84fcd104b321edc7b2f63153e599b8e2c7"}
▶ 下一版第二步：真实持久维护、开放反思及全角色浏览器验收
  ✔ 可视化填写真实课时安排、指导与学生布局；预览无学习副作用 (8744.4136ms)
SYNTHETIC_WRITE http://127.0.0.1:4194/api/learning/manage/cards/900113 {"title":"隔离知识卡片","content":"隔离正文二次更新。","estimated_minutes":10,"is_required":true,"status":"published","expected_revision":"8e2a04a5da93c62fbf676c80ba0a9ab2b1ff97cbe11a0dce6c5da3cc01cac38f"}
SYNTHETIC_WRITE http://127.0.0.1:4194/api/learning/manage/exercises/900112 {"question_type":"true_false","prompt":"隔离题：要记录条件吗（更新）","answer":true,"explanation":"仅作答后可见的隔离解释","options":[],"max_attempts":1,"expected_revision":"66eeafae2d9067990bdf032b588e3383c32c4b985aaf892298a4478173074d7b"}
SYNTHETIC_WRITE http://127.0.0.1:4194/api/courses/9003/maintenance/lessons/90023 {"title":"滑翔机试飞理论课","description":"旧预览不应覆盖","teaching_tip":"隔离指导：先记录条件，再自由试飞。","sort_order":2,"start_at":"2026-10-20T09:00","end_at":"2026-10-20T09:45","location":"隔离科创教室","duration":45,"instructor_id":2,"presentation_type":"theory","content_state":"preparing","moments_note":null,"article_title":null,"article_url":null,"chapter_id":null,"expected_revision":"cc74af8a0ebce7982f6c7aa1e70deb1477267b21f8e16b7b53eedbe775b0d648"}
  ✔ 新增卡片保存后回读失败保留真实 ID，再次编辑不重复创建；答案不出现在预览 (5194.0276ms)
  ✔ 真实附件上传失败重试、回读失败与终态历史不占20名额；学生下载字节 (5540.023ms)
  ✔ 管理员真实回放上传和学生授权签名播放；其他角色旧嵌套端点拒绝不落盘 (6301.5777ms)
  ✔ 开放日志任意一框提交、空框客户端拒绝、失败草稿与每日限次保输入 (4931.6439ms)
  ✔ 旧四项草稿保留独立备份与第四项原义，报告三框真实提交与导师直接评审 (4644.8863ms)
  ✔ 学生导师反馈直接选报告，不跳课程结构，退回状态和只读教师新旧反思 (10452.6063ms)
  ✔ 退回后开放报告新版本重审通过，学生直选最终反馈，迟到队列不覆盖新筛选 (7617.0578ms)
SYNTHETIC_WRITE http://127.0.0.1:4194/api/courses/9003/maintenance/lessons/90022 {"title":"参观 VR 实验室","description":null,"teaching_tip":null,"sort_order":1,"start_at":null,"end_at":null,"location":null,"duration":null,"instructor_id":null,"presentation_type":"visit","content_state":"preparing","moments_note":"合成验收精彩瞬间说明。","article_title":"合成验收文章","article_url":"https://example.invalid/isolated-article","chapter_id":null,"expected_revision":"c80347e1c9142f1ed39a72985b11e98f6e544d753369ba7822903a2359b793bc"}
  ✔ 可视化参观填写、图片安全预览与五视口维护弹窗 (8621.0337ms)
  ✔ 四种维护角色五视口实际控件、侧栏、键盘与减少运动 (20005.1557ms)
  ✔ 非学生全角色实际可访问路由 smoke 与对象详情，菜单无遗漏 (105384.3358ms)
  ✔ 权限撤回清除旧内容、附件404局部错误、第三课实验往返和十关保留 (4176.2315ms)
✔ 下一版第二步：真实持久维护、开放反思及全角色浏览器验收 (197233.1112ms)
ℹ tests 34
ℹ suites 0
ℹ pass 34
ℹ fail 0
ℹ cancelled 0
ℹ skipped 0
ℹ todo 0
ℹ duration_ms 280549.1026
